2026-09-03 10:28:16  ===== 증자·감자·자사주 수집 =====
2026-09-03 10:28:16    대상 3,988종목 · 이미 받은 것 0 · 할 것 3,988
2026-09-03 10:28:16    호출 예상 23,928회 (상한 19,000) · 예상 72분
2026-09-03 10:28:16    끝 · 있음 0종목 · 빈 것 1 · 실패 0 · 호출 6회
2026-09-03 10:28:16    시험 결과: 유상증자 0건 · 무상증자 0건 · 유무상증자 0건 · 감자 0건 · 자사주취득 0건 · 자사주처분 0건
2026-09-04 01:00:01  ===== 증자·감자·자사주 수집 =====
2026-09-04 01:00:01    대상 3,988종목 · 이미 받은 것 1 · 할 것 3,987
2026-09-04 01:00:01    호출 예상 23,922회 (상한 8,500) · 예상 72분
2026-09-04 01:02:43      200/3987 · 있음 118 · 빈 것 82 · 호출 1,200
2026-09-04 01:05:23      400/3987 · 있음 243 · 빈 것 157 · 호출 2,400
2026-09-04 01:07:58      600/3987 · 있음 357 · 빈 것 243 · 호출 3,600
2026-09-04 01:10:38      800/3987 · 있음 470 · 빈 것 330 · 호출 4,800
2026-09-04 01:13:10      1000/3987 · 있음 581 · 빈 것 419 · 호출 6,000
2026-09-04 01:15:44      1200/3987 · 있음 683 · 빈 것 517 · 호출 7,200
2026-09-04 01:18:18      1400/3987 · 있음 790 · 빈 것 610 · 호출 8,400
2026-09-04 01:18:30    ⚠️ 상한 8,500회에 도달 — 여기서 멈춘다. 다시 돌리면 이어받는다
2026-09-04 01:18:30    끝 · 있음 795종목 · 빈 것 621 · 실패 0 · 호출 8,496회
2026-09-04 09:20:23  ===== 증자·감자·자사주 수집 =====
2026-09-04 09:20:23    대상 3,988종목 · 이미 받은 것 1,417 · 할 것 2,571
2026-09-04 09:20:23    호출 예상 15,426회 (상한 9,500) · 예상 46분
2026-09-04 09:23:09      200/2571 · 있음 110 · 빈 것 90 · 호출 1,200
2026-09-04 09:26:02      400/2571 · 있음 243 · 빈 것 157 · 호출 2,400
2026-09-04 09:28:47      600/2571 · 있음 371 · 빈 것 229 · 호출 3,600
2026-09-04 09:31:38      800/2571 · 있음 514 · 빈 것 286 · 호출 4,800
2026-09-04 09:34:43      1000/2571 · 있음 659 · 빈 것 341 · 호출 6,000
2026-09-04 09:37:30      1200/2571 · 있음 807 · 빈 것 393 · 호출 7,200
2026-09-04 09:40:34      1400/2571 · 있음 973 · 빈 것 427 · 호출 8,400
2026-09-04 09:42:56    ⚠️ 상한 9,500회에 도달 — 여기서 멈춘다. 다시 돌리면 이어받는다
2026-09-04 09:42:56    끝 · 있음 1,115종목 · 빈 것 468 · 실패 0 · 호출 9,498회
2026-09-05 00:10:01  ===== 증자·감자·자사주 수집 =====
2026-09-05 00:10:01    대상 3,988종목 · 이미 받은 것 3,000 · 할 것 988
2026-09-05 00:10:01    호출 예상 5,928회 (상한 12,000) · 예상 18분
2026-09-05 00:12:18      200/988 · 있음 157 · 빈 것 43 · 호출 1,200
2026-09-05 00:14:36      400/988 · 있음 301 · 빈 것 99 · 호출 2,400
2026-09-05 00:16:53      600/988 · 있음 419 · 빈 것 181 · 호출 3,600
2026-09-05 00:19:10      800/988 · 있음 491 · 빈 것 309 · 호출 4,800
2026-09-05 00:21:19    끝 · 있음 548종목 · 빈 것 440 · 실패 0 · 호출 5,928회
2026-09-10 19:04:35  ===== 증자·감자·자사주 수집 =====
2026-09-10 19:04:35    대상 3,989종목 · 이미 받은 것 988 · 할 것 3,001
2026-09-10 19:04:35    호출 예상 18,006회 (상한 19,000) · 예상 54분
2026-09-10 19:04:36    ⚠️ 000010 실패: 020 사용한도를 초과하였습니다.
2026-09-10 19:04:36    ⚠️⚠️ DART 하루 한도를 다 썼다 — 멈춘다. 내일 다시 돌리면 이어받는다
2026-09-10 19:04:36    끝 · 있음 0종목 · 빈 것 0 · 실패 1 · 호출 6회
2026-09-11 19:04:48  ===== 증자·감자·자사주 수집 =====
2026-09-11 19:04:48    대상 3,989종목 · 이미 받은 것 0 · 할 것 3,989
2026-09-11 19:04:48    호출 예상 23,934회 (상한 19,000) · 예상 72분
2026-09-11 19:07:25      200/3989 · 있음 118 · 빈 것 82 · 호출 1,200
2026-09-11 19:10:08      400/3989 · 있음 242 · 빈 것 158 · 호출 2,400
2026-09-12 04:05:45  ===== 증자·감자·자사주 수집 =====
2026-09-12 04:05:45    대상 3,989종목 · 이미 받은 것 3,988 · 할 것 1
2026-09-12 04:05:45    호출 예상 6회 (상한 19,000) · 예상 0분
2026-09-12 04:05:46    끝 · 있음 0종목 · 빈 것 1 · 실패 0 · 호출 6회
