  계약·수주 공시 13,400건 · 이미 받음 0 · 받을 것 13,400
  상한 1,000,000,000회 · 예상 약 67분
  --확인 이라 받지 않았다.
  계약·수주 공시 13,400건 · 이미 받음 0 · 받을 것 13,400
  상한 13,500회 · 예상 약 67분
    1,000/13,400 — 성공 1,000 (금액없음 180) 실패 0
    2,000/13,400 — 성공 2,000 (금액없음 335) 실패 0
    3,000/13,400 — 성공 3,000 (금액없음 490) 실패 0
    4,000/13,400 — 성공 4,000 (금액없음 642) 실패 0
    5,000/13,400 — 성공 5,000 (금액없음 774) 실패 0
    6,000/13,400 — 성공 6,000 (금액없음 968) 실패 0
    7,000/13,400 — 성공 7,000 (금액없음 1,120) 실패 0
    8,000/13,400 — 성공 8,000 (금액없음 1,261) 실패 0
    9,000/13,400 — 성공 9,000 (금액없음 1,391) 실패 0
    10,000/13,400 — 성공 10,000 (금액없음 1,516) 실패 0
    11,000/13,400 — 성공 11,000 (금액없음 1,722) 실패 0
    12,000/13,400 — 성공 12,000 (금액없음 1,902) 실패 0
    13,000/13,400 — 성공 13,000 (금액없음 2,040) 실패 0
  끝 — 성공 13,400 · 금액 못 뽑음 2,094 · 실패 0
  계약·수주 공시 13,400건 · 이미 받음 13,400 · 받을 것 0
  상한 13,500회 · 예상 약 0분
  받을 것이 없다.
  계약·수주 공시 13,400건 · 이미 받음 13,400 · 받을 것 0
  상한 13,500회 · 예상 약 0분
  받을 것이 없다.
  계약·수주 공시 67,317건 · 이미 받음 13,400 · 받을 것 53,917
  상한 13,500회 · 예상 약 68분
    1,000/53,917 — 성공 1,000 (금액없음 1,000) 실패 0
    2,000/53,917 — 성공 2,000 (금액없음 2,000) 실패 0
    3,000/53,917 — 성공 3,000 (금액없음 3,000) 실패 0
    4,000/53,917 — 성공 4,000 (금액없음 4,000) 실패 0
    5,000/53,917 — 성공 5,000 (금액없음 5,000) 실패 0
    6,000/53,917 — 성공 6,000 (금액없음 6,000) 실패 0
    7,000/53,917 — 성공 7,000 (금액없음 7,000) 실패 0
    8,000/53,917 — 성공 8,000 (금액없음 8,000) 실패 0
    9,000/53,917 — 성공 9,000 (금액없음 9,000) 실패 0
    10,000/53,917 — 성공 10,000 (금액없음 10,000) 실패 0
    11,000/53,917 — 성공 11,000 (금액없음 11,000) 실패 0
    12,000/53,917 — 성공 12,000 (금액없음 12,000) 실패 0
    13,000/53,917 — 성공 13,000 (금액없음 13,000) 실패 0
  ⚠️ 상한 13,500회 도달 — 13,500건까지 하고 멈춘다 (다시 돌리면 이어받는다)
  끝 — 성공 13,500 · 금액 못 뽑음 13,500 · 실패 0
  계약·수주 공시 67,317건 · 이미 받음 26,900 · 받을 것 40,417
  상한 13,500회 · 예상 약 68분
    1,000/40,417 — 성공 1,000 (금액없음 1,000) 실패 0
    2,000/40,417 — 성공 2,000 (금액없음 2,000) 실패 0
    3,000/40,417 — 성공 3,000 (금액없음 3,000) 실패 0
    4,000/40,417 — 성공 4,000 (금액없음 4,000) 실패 0
    5,000/40,417 — 성공 5,000 (금액없음 5,000) 실패 0
    6,000/40,417 — 성공 6,000 (금액없음 6,000) 실패 0
    7,000/40,417 — 성공 7,000 (금액없음 7,000) 실패 0
    8,000/40,417 — 성공 8,000 (금액없음 8,000) 실패 0
    9,000/40,417 — 성공 9,000 (금액없음 8,999) 실패 0
    10,000/40,417 — 성공 10,000 (금액없음 9,951) 실패 0
    11,000/40,417 — 성공 11,000 (금액없음 10,921) 실패 0
    12,000/40,417 — 성공 12,000 (금액없음 11,875) 실패 0
    13,000/40,417 — 성공 13,000 (금액없음 12,846) 실패 0
  ⚠️ 상한 13,500회 도달 — 13,500건까지 하고 멈춘다 (다시 돌리면 이어받는다)
  끝 — 성공 13,500 · 금액 못 뽑음 13,346 · 실패 0
  계약·수주 공시 67,317건 · 이미 받음 40,400 · 받을 것 26,917
  상한 13,500회 · 예상 약 68분
    1,000/26,917 — 성공 1,000 (금액없음 1,000) 실패 0
    2,000/26,917 — 성공 2,000 (금액없음 2,000) 실패 0
    3,000/26,917 — 성공 3,000 (금액없음 3,000) 실패 0
    4,000/26,917 — 성공 4,000 (금액없음 4,000) 실패 0
    5,000/26,917 — 성공 5,000 (금액없음 5,000) 실패 0
    6,000/26,917 — 성공 6,000 (금액없음 6,000) 실패 0
    7,000/26,917 — 성공 7,000 (금액없음 7,000) 실패 0
    8,000/26,917 — 성공 8,000 (금액없음 8,000) 실패 0
    9,000/26,917 — 성공 9,000 (금액없음 8,962) 실패 0
    10,000/26,917 — 성공 10,000 (금액없음 9,962) 실패 0
    11,000/26,917 — 성공 11,000 (금액없음 10,962) 실패 0
    12,000/26,917 — 성공 12,000 (금액없음 11,962) 실패 0
    13,000/26,917 — 성공 13,000 (금액없음 12,962) 실패 0
  ⚠️ 상한 13,500회 도달 — 13,500건까지 하고 멈춘다 (다시 돌리면 이어받는다)
  끝 — 성공 13,500 · 금액 못 뽑음 13,462 · 실패 0
  계약·수주 공시 67,317건 · 이미 받음 53,900 · 받을 것 13,417
  상한 1,000,000,000회 · 예상 약 67분
  --확인 이라 받지 않았다.
  계약·수주 공시 67,317건 · 이미 받음 53,900 · 받을 것 13,417
  상한 3회 · 예상 약 0분
  ⚠️ 상한 3회 도달 — 3건까지 하고 멈춘다 (다시 돌리면 이어받는다)
  끝 — 성공 3 · 금액 못 뽑음 3 · 실패 0
  계약·수주 공시 67,317건 · 이미 받음 53,903 · 받을 것 13,414
  상한 5회 · 예상 약 0분
  ⚠️⚠️ **DART 020: 사용한도를 초과하였습니다** — 0건까지 하고 **멈춘다**
     (자정에 리셋된다. 내일 이어받는다)
  끝 — 성공 0 · 금액 못 뽑음 0 · 실패 0
  계약·수주 공시 53,793건 · 이미 받음 53,903 · 받을 것 10,664
  상한 5,000회 · 예상 약 25분
    1,000/10,664 — 성공 1,000 (금액없음 1,000) 실패 0
    2,000/10,664 — 성공 2,000 (금액없음 2,000) 실패 0
    3,000/10,664 — 성공 3,000 (금액없음 3,000) 실패 0
    4,000/10,664 — 성공 4,000 (금액없음 4,000) 실패 0
    5,000/10,664 — 성공 5,000 (금액없음 5,000) 실패 0
  ⚠️ 상한 5,000회 도달 — 5,000건까지 하고 멈춘다 (다시 돌리면 이어받는다)
  끝 — 성공 5,000 · 금액 못 뽑음 5,000 · 실패 0
  계약·수주 공시 53,793건 · 이미 받음 58,903 · 받을 것 5,664
  상한 20회 · 예상 약 0분
  ⚠️ 상한 20회 도달 — 20건까지 하고 멈춘다 (다시 돌리면 이어받는다)
  끝 — 성공 20 · 금액 못 뽑음 0 · 실패 0
  계약·수주 공시 53,793건 · 이미 받음 58,923 · 받을 것 5,644
  상한 6,000회 · 예상 약 28분
    1,000/5,644 — 성공 1,000 (금액없음 44) 실패 0
    2,000/5,644 — 성공 2,000 (금액없음 74) 실패 0
    3,000/5,644 — 성공 3,000 (금액없음 113) 실패 0
    4,000/5,644 — 성공 4,000 (금액없음 161) 실패 0
    5,000/5,644 — 성공 5,000 (금액없음 195) 실패 0
  끝 — 성공 5,644 · 금액 못 뽑음 211 · 실패 0
  계약·수주 공시 53,793건 · 이미 받음 16,951 · 받을 것 38,072
  상한 8,000회 · 예상 약 40분
    1,000/38,072 — 성공 1,000 (금액없음 40) 실패 0
    2,000/38,072 — 성공 2,000 (금액없음 60) 실패 0
    3,000/38,072 — 성공 3,000 (금액없음 93) 실패 0
    4,000/38,072 — 성공 4,000 (금액없음 114) 실패 0
    5,000/38,072 — 성공 5,000 (금액없음 140) 실패 0
    6,000/38,072 — 성공 6,000 (금액없음 173) 실패 0
    7,000/38,072 — 성공 7,000 (금액없음 204) 실패 0
    8,000/38,072 — 성공 8,000 (금액없음 246) 실패 0
  ⚠️ 상한 8,000회 도달 — 8,000건까지 하고 멈춘다 (다시 돌리면 이어받는다)
  끝 — 성공 8,000 · 금액 못 뽑음 246 · 실패 0
