09-09 17:54:17  ===== 띄엄띄엄 받기 시작 · 빠진 달 **30개** · 25분 간격 (약 12시간) =====
09-09 17:54:17    [1/30] 202105 — 🚫 **막혔다**(403). 30분 쉬고 다시 (연속 1번째)
09-09 18:24:17    [2/30] 202106 — 🚫 **막혔다**(403). 60분 쉬고 다시 (연속 2번째)
09-09 18:50:26  ===== 한경 차단이 풀렸나 — 한 시간에 한 번만 본다 =====
09-09 18:50:26    [1] 아직 막혀 있다 (HTTP 403) — 한 시간 뒤 다시
09-09 19:50:26    [2] 아직 막혀 있다 (HTTP 403) — 한 시간 뒤 다시
09-09 20:50:26    [3] 아직 막혀 있다 (HTTP 403) — 한 시간 뒤 다시
09-09 21:50:26    [4] 아직 막혀 있다 (HTTP 403) — 한 시간 뒤 다시
09-09 22:50:26    [5] 아직 막혀 있다 (HTTP 403) — 한 시간 뒤 다시
09-09 23:50:26    [6] 아직 막혀 있다 (HTTP 403) — 한 시간 뒤 다시
09-10 00:50:26    [7] 아직 막혀 있다 (HTTP 403) — 한 시간 뒤 다시
09-10 01:50:26    [8] 아직 막혀 있다 (HTTP 403) — 한 시간 뒤 다시
09-10 02:30:02  ===== 띄엄띄엄 받기 시작 · 빠진 달 **30개** · 12분 간격 (약 6시간) =====
09-10 02:30:02    [1/30] 202105 — 🚫 **막혔다**(403). 30분 쉬고 다시 (연속 1번째)
09-10 02:50:26    [9] 아직 막혀 있다 (HTTP 403) — 한 시간 뒤 다시
09-10 03:00:02    [2/30] 202106 — 🚫 **막혔다**(403). 60분 쉬고 다시 (연속 2번째)
09-10 03:50:26    [10] 아직 막혀 있다 (HTTP 403) — 한 시간 뒤 다시
09-10 04:00:02    [3/30] 202107 — 🚫 **막혔다**(403). 120분 쉬고 다시 (연속 3번째)
09-10 04:50:27    [11] 아직 막혀 있다 (HTTP 403) — 한 시간 뒤 다시
09-10 05:50:27    [12] 아직 막혀 있다 (HTTP 403) — 한 시간 뒤 다시
09-10 06:00:02    [4/30] 202108 — 🚫 **막혔다**(403). 240분 쉬고 다시 (연속 4번째)
09-10 06:00:02    ⚠️ **네 번 내리 막혔다 — 오늘은 그만둔다.**
09-10 06:00:02       더 두드리지 않는다. 내일 다시 돌린다
09-10 06:00:02  ===== 끝 · **0달 · 0건** 받음 · 남은 달 30개 =====
09-10 06:50:27    [13] 아직 막혀 있다 (HTTP 403) — 한 시간 뒤 다시
09-10 07:50:27    ⭐ **풀렸다** (HTTP 200 · 행 20) — 바로 받기 시작한다
09-10 07:50:27  ===== 띄엄띄엄 받기 시작 · 빠진 달 **30개** · 12분 간격 (약 6시간) =====
09-10 07:51:16        05-01~05-10  329건
09-10 08:00:06        05-11~05-20  571건
09-10 08:07:43        05-21~05-31  338건
09-10 08:07:43    [1/30] 202105 — **1,238건** (누적 1달 · 1,238건)
09-10 08:19:29        06-01~06-10  294건
09-10 08:25:30        06-11~06-20  159건
09-10 08:33:11        06-21~06-30  249건
09-10 08:33:11    [2/30] 202106 — **702건** (누적 2달 · 1,940건)
09-10 08:47:41        07-01~07-10  369건
09-10 08:56:35        07-11~07-20  277건
09-10 09:04:34        07-21~07-31  469건
09-10 09:04:34    [3/30] 202107 — **1,115건** (누적 3달 · 3,055건)
09-10 09:16:37        08-01~08-10  356건
09-10 09:23:21        08-11~08-20  378건
09-10 09:29:52        08-21~08-31  107건
09-10 09:29:52    [4/30] 202108 — **841건** (누적 4달 · 3,896건)
09-10 09:40:42        09-01~09-10  170건
09-10 09:47:23        09-11~09-20  103건
09-10 09:54:06        09-21~09-30  116건
09-10 09:54:06    [5/30] 202109 — **389건** (누적 5달 · 4,285건)
09-10 10:04:50        10-01~10-10  223건
09-10 10:12:38        10-11~10-20  247건
09-10 10:20:00        10-21~10-31  363건
09-10 10:20:00    [6/30] 202110 — **833건** (누적 6달 · 5,118건)
09-10 10:34:25        11-01~11-10  371건
09-10 10:43:24        11-11~11-20  365건
09-10 10:50:57        11-21~11-30  213건
09-10 10:50:57    [7/30] 202111 — **949건** (누적 7달 · 6,067건)
09-10 11:03:15        12-01~12-10  117건
09-10 11:09:44        12-11~12-20  55건
09-10 11:18:09        12-21~12-31  45건
09-10 11:18:09    [8/30] 202112 — **217건** (누적 8달 · 6,284건)
09-10 11:18:09    ⏸ **오늘 몫(8달)을 다 받았다.** 내일 이어서 받는다
09-10 11:18:10  ===== 끝 · **8달 · 6,284건** 받음 · 남은 달 22개 =====
09-11 09:25:38  ===== 띄엄띄엄 받기 시작 · 빠진 달 **22개** · 12분 간격 (약 4시간) =====
09-11 09:25:53        03-01~03-10  94건
