  202401~202609 · 이미 받음 0달 · 받을 것 33달 · 예상 약 6분
  --확인 이라 받지 않았다.
  202401~202609 · 이미 받음 0달 · 받을 것 33달 · 예상 약 6분
  [1/33] 202401 — 316건 (누적 316)
  [2/33] 202402 — 361건 (누적 677)
  [3/33] 202403 — 196건 (누적 873)
  [4/33] 202404 — 521건 (누적 1,394)
  [5/33] 202405 — 548건 (누적 1,942)
  [6/33] 202406 — 144건 (누적 2,086)
  [7/33] 202407 — 415건 (누적 2,501)
  [8/33] 202408 — 387건 (누적 2,888)
  [9/33] 202409 — 107건 (누적 2,995)
  [10/33] 202410 — 345건 (누적 3,340)
  [11/33] 202411 — 363건 (누적 3,703)
  [12/33] 202412 — 96건 (누적 3,799)
  [13/33] 202501 — 363건 (누적 4,162)
  [14/33] 202502 — 320건 (누적 4,482)
  [15/33] 202503 — 139건 (누적 4,621)
  [16/33] 202504 — 362건 (누적 4,983)
  [17/33] 202505 — 315건 (누적 5,298)
  [18/33] 202506 — 168건 (누적 5,466)
  [19/33] 202507 — 370건 (누적 5,836)
  [20/33] 202508 — 282건 (누적 6,118)
  [21/33] 202509 — 138건 (누적 6,256)
  [22/33] 202510 — 234건 (누적 6,490)
  [23/33] 202511 — 331건 (누적 6,821)
  [24/33] 202512 — 71건 (누적 6,892)
  [25/33] 202601 — 525건 (누적 7,417)
  [26/33] 202602 — 564건 (누적 7,981)
  [27/33] 202603 — 167건 (누적 8,148)
  [28/33] 202604 — 533건 (누적 8,681)
  [29/33] 202605 — 451건 (누적 9,132)
  [30/33] 202606 — 165건 (누적 9,297)
  [31/33] 202607 — 523건 (누적 9,820)
  [32/33] 202608 — 335건 (누적 10,155)
  [33/33] 202609 — 3건 (누적 10,158)
  끝 — 총 10,158건
  202001~202312 · 이미 받음 33달 · 받을 것 48달 · 예상 약 8분
  [1/48] 202001 — 1096건 (누적 1,096)
  [2/48] 202002 — 1258건 (누적 2,354)
  [3/48] 202003 — 808건 (누적 3,162)
  [4/48] 202004 — 1416건 (누적 4,578)
  [5/48] 202005 — 1571건 (누적 6,149)
  [6/48] 202006 — 876건 (누적 7,025)
  [7/48] 202007 — 1175건 (누적 8,200)
  [8/48] 202008 — 1006건 (누적 9,206)
  [9/48] 202009 — 707건 (누적 9,913)
    ⚠️ 202010 57쪽: HTTPError
  [10/48] 202010 — 1120건 (누적 11,033)
    ⚠️ 202011 1쪽: HTTPError
  [11/48] 202011 — 0건 (누적 11,033)
    ⚠️ 202012 1쪽: HTTPError
  [12/48] 202012 — 0건 (누적 11,033)
    ⚠️ 202101 1쪽: HTTPError
  [13/48] 202101 — 0건 (누적 11,033)
    ⚠️ 202102 1쪽: HTTPError
  [14/48] 202102 — 0건 (누적 11,033)
    ⚠️ 202103 1쪽: HTTPError
  [15/48] 202103 — 0건 (누적 11,033)
    ⚠️ 202104 1쪽: HTTPError
  [16/48] 202104 — 0건 (누적 11,033)
    ⚠️ 202105 1쪽: HTTPError
  [17/48] 202105 — 0건 (누적 11,033)
    ⚠️ 202106 1쪽: HTTPError
  [18/48] 202106 — 0건 (누적 11,033)
    ⚠️ 202107 1쪽: HTTPError
  [19/48] 202107 — 0건 (누적 11,033)
    ⚠️ 202108 1쪽: HTTPError
  [20/48] 202108 — 0건 (누적 11,033)
    ⚠️ 202109 1쪽: HTTPError
  [21/48] 202109 — 0건 (누적 11,033)
    ⚠️ 202110 1쪽: HTTPError
  [22/48] 202110 — 0건 (누적 11,033)
    ⚠️ 202111 1쪽: HTTPError
  [23/48] 202111 — 0건 (누적 11,033)
    ⚠️ 202112 1쪽: HTTPError
  [24/48] 202112 — 0건 (누적 11,033)
    ⚠️ 202201 1쪽: HTTPError
  [25/48] 202201 — 0건 (누적 11,033)
    ⚠️ 202202 1쪽: HTTPError
  [26/48] 202202 — 0건 (누적 11,033)
    ⚠️ 202203 1쪽: HTTPError
  [27/48] 202203 — 0건 (누적 11,033)
    ⚠️ 202204 1쪽: HTTPError
  [28/48] 202204 — 0건 (누적 11,033)
    ⚠️ 202205 1쪽: HTTPError
  [29/48] 202205 — 0건 (누적 11,033)
    ⚠️ 202206 1쪽: HTTPError
  [30/48] 202206 — 0건 (누적 11,033)
    ⚠️ 202207 1쪽: HTTPError
  [31/48] 202207 — 0건 (누적 11,033)
    ⚠️ 202208 1쪽: HTTPError
  [32/48] 202208 — 0건 (누적 11,033)
    ⚠️ 202209 1쪽: HTTPError
  [33/48] 202209 — 0건 (누적 11,033)
    ⚠️ 202210 1쪽: HTTPError
  [34/48] 202210 — 0건 (누적 11,033)
    ⚠️ 202211 1쪽: HTTPError
  [35/48] 202211 — 0건 (누적 11,033)
    ⚠️ 202212 1쪽: HTTPError
  [36/48] 202212 — 0건 (누적 11,033)
    ⚠️ 202301 1쪽: HTTPError
  [37/48] 202301 — 0건 (누적 11,033)
    ⚠️ 202302 1쪽: HTTPError
  [38/48] 202302 — 0건 (누적 11,033)
    ⚠️ 202303 1쪽: HTTPError
  [39/48] 202303 — 0건 (누적 11,033)
    ⚠️ 202304 1쪽: HTTPError
  [40/48] 202304 — 0건 (누적 11,033)
    ⚠️ 202305 1쪽: HTTPError
  [41/48] 202305 — 0건 (누적 11,033)
    ⚠️ 202306 1쪽: HTTPError
  [42/48] 202306 — 0건 (누적 11,033)
    ⚠️ 202307 1쪽: HTTPError
  [43/48] 202307 — 0건 (누적 11,033)
    ⚠️ 202308 1쪽: HTTPError
  [44/48] 202308 — 0건 (누적 11,033)
    ⚠️ 202309 1쪽: HTTPError
  [45/48] 202309 — 0건 (누적 11,033)
    ⚠️ 202310 1쪽: HTTPError
  [46/48] 202310 — 0건 (누적 11,033)
    ⚠️ 202311 1쪽: HTTPError
  [47/48] 202311 — 0건 (누적 11,033)
    ⚠️ 202312 1쪽: HTTPError
  [48/48] 202312 — 0건 (누적 11,033)
  끝 — 총 11,033건
  202201~202203 · 이미 받음 81달 · 받을 것 0달 · 예상 약 0분
  받을 것이 없다.
  202201~202202 · 이미 받음 43달 · 받을 것 2달 · 예상 약 0분
  [1/2] 202201 — 604건 (누적 604)
  [2/2] 202202 — 646건 (누적 1,250)
  끝 — 총 1,250건
  202011~202312 · 이미 받음 45달 · 받을 것 36달 · 예상 약 6분
  [1/36] 202011 — 1510건 (누적 1,510)
  [2/36] 202012 — 456건 (누적 1,966)
  [3/36] 202101 — 1064건 (누적 3,030)
  [4/36] 202102 — 1015건 (누적 4,045)
  [5/36] 202103 — 588건 (누적 4,633)
    ⚠️ 202104 53쪽: HTTPError
  [6/36] 202104 — 1040건 (누적 5,673)
    ⚠️ 202105 1쪽: HTTPError
  [7/36] 202105 — 0건 (누적 5,673)
    ⚠️ 202106 1쪽: HTTPError
  [8/36] 202106 — 0건 (누적 5,673)
    ⚠️ 202107 1쪽: HTTPError
  [9/36] 202107 — 0건 (누적 5,673)
    ⚠️ 202108 1쪽: HTTPError
  [10/36] 202108 — 0건 (누적 5,673)
    ⚠️ 202109 1쪽: HTTPError
  [11/36] 202109 — 0건 (누적 5,673)
    ⚠️ 202110 1쪽: HTTPError
  [12/36] 202110 — 0건 (누적 5,673)
    ⚠️ 202111 1쪽: HTTPError
  [13/36] 202111 — 0건 (누적 5,673)
    ⚠️ 202112 1쪽: HTTPError
  [14/36] 202112 — 0건 (누적 5,673)
    ⚠️ 202203 1쪽: HTTPError
  [15/36] 202203 — 0건 (누적 5,673)
    ⚠️ 202204 1쪽: HTTPError
  [16/36] 202204 — 0건 (누적 5,673)
    ⚠️ 202205 1쪽: HTTPError
  [17/36] 202205 — 0건 (누적 5,673)
    ⚠️ 202206 1쪽: HTTPError
  [18/36] 202206 — 0건 (누적 5,673)
    ⚠️ 202207 1쪽: HTTPError
  [19/36] 202207 — 0건 (누적 5,673)
    ⚠️ 202208 1쪽: HTTPError
  [20/36] 202208 — 0건 (누적 5,673)
    ⚠️ 202209 1쪽: HTTPError
  [21/36] 202209 — 0건 (누적 5,673)
    ⚠️ 202210 1쪽: HTTPError
  [22/36] 202210 — 0건 (누적 5,673)
    ⚠️ 202211 1쪽: HTTPError
  [23/36] 202211 — 0건 (누적 5,673)
    ⚠️ 202212 1쪽: HTTPError
  [24/36] 202212 — 0건 (누적 5,673)
    ⚠️ 202301 1쪽: HTTPError
  [25/36] 202301 — 0건 (누적 5,673)
    ⚠️ 202302 1쪽: HTTPError
  [26/36] 202302 — 0건 (누적 5,673)
    ⚠️ 202303 1쪽: HTTPError
  [27/36] 202303 — 0건 (누적 5,673)
    ⚠️ 202304 1쪽: HTTPError
  [28/36] 202304 — 0건 (누적 5,673)
    ⚠️ 202305 1쪽: HTTPError
  [29/36] 202305 — 0건 (누적 5,673)
    ⚠️ 202306 1쪽: HTTPError
  [30/36] 202306 — 0건 (누적 5,673)
    ⚠️ 202307 1쪽: HTTPError
  [31/36] 202307 — 0건 (누적 5,673)
    ⚠️ 202308 1쪽: HTTPError
  [32/36] 202308 — 0건 (누적 5,673)
    ⚠️ 202309 1쪽: HTTPError
  [33/36] 202309 — 0건 (누적 5,673)
    ⚠️ 202310 1쪽: HTTPError
  [34/36] 202310 — 0건 (누적 5,673)
    ⚠️ 202311 1쪽: HTTPError
  [35/36] 202311 — 0건 (누적 5,673)
    ⚠️ 202312 1쪽: HTTPError
  [36/36] 202312 — 0건 (누적 5,673)
  끝 — 총 5,673건
  202105~202312 · 이미 받음 51달 · 받을 것 30달 · 예상 약 5분
    ⚠️ 202105 1쪽: HTTPError — 세 번 틀렸다
  [1/30] 202105 — ❌ 못 받았다 (빈 파일을 안 남긴다)
    ⚠️ 202106 1쪽: HTTPError — 세 번 틀렸다
  [2/30] 202106 — ❌ 못 받았다 (빈 파일을 안 남긴다)
    ⚠️ 202107 1쪽: HTTPError — 세 번 틀렸다
  [3/30] 202107 — ❌ 못 받았다 (빈 파일을 안 남긴다)
    ⚠️ 202108 1쪽: HTTPError — 세 번 틀렸다
  [4/30] 202108 — ❌ 못 받았다 (빈 파일을 안 남긴다)
    ⚠️ 202109 1쪽: HTTPError — 세 번 틀렸다
  [5/30] 202109 — ❌ 못 받았다 (빈 파일을 안 남긴다)
    ⚠️ 202110 1쪽: HTTPError — 세 번 틀렸다
  [6/30] 202110 — ❌ 못 받았다 (빈 파일을 안 남긴다)
    ⚠️ 202111 1쪽: HTTPError — 세 번 틀렸다
  [7/30] 202111 — ❌ 못 받았다 (빈 파일을 안 남긴다)
    ⚠️ 202112 1쪽: HTTPError — 세 번 틀렸다
  [8/30] 202112 — ❌ 못 받았다 (빈 파일을 안 남긴다)
    ⚠️ 202203 1쪽: HTTPError — 세 번 틀렸다
  [9/30] 202203 — ❌ 못 받았다 (빈 파일을 안 남긴다)
    ⚠️ 202204 1쪽: HTTPError — 세 번 틀렸다
  [10/30] 202204 — ❌ 못 받았다 (빈 파일을 안 남긴다)
    ⚠️ 202205 1쪽: HTTPError — 세 번 틀렸다
  [11/30] 202205 — ❌ 못 받았다 (빈 파일을 안 남긴다)
    ⚠️ 202206 1쪽: HTTPError — 세 번 틀렸다
  [12/30] 202206 — ❌ 못 받았다 (빈 파일을 안 남긴다)
    ⚠️ 202207 1쪽: HTTPError — 세 번 틀렸다
  [13/30] 202207 — ❌ 못 받았다 (빈 파일을 안 남긴다)
    ⚠️ 202208 1쪽: HTTPError — 세 번 틀렸다
  [14/30] 202208 — ❌ 못 받았다 (빈 파일을 안 남긴다)
    ⚠️ 202209 1쪽: HTTPError — 세 번 틀렸다
  [15/30] 202209 — ❌ 못 받았다 (빈 파일을 안 남긴다)
    ⚠️ 202210 1쪽: HTTPError — 세 번 틀렸다
  [16/30] 202210 — ❌ 못 받았다 (빈 파일을 안 남긴다)
    ⚠️ 202211 1쪽: HTTPError — 세 번 틀렸다
  [17/30] 202211 — ❌ 못 받았다 (빈 파일을 안 남긴다)
