11:29:37  [재무] 2015년 시작
11:29:37  [재무] 2015년 끝 (exit=1) · 누적 호출 약 530
11:29:37  [재무] 2016년 시작
11:29:37  [재무] 2016년 끝 (exit=1) · 누적 호출 약 1,060
11:29:37  [재무] 2017년 시작
11:29:37  [재무] 2017년 끝 (exit=1) · 누적 호출 약 1,590
11:29:37  [재무] 2018년 시작
11:29:37  [재무] 2018년 끝 (exit=1) · 누적 호출 약 2,120
11:29:37  [재무] 2019년 시작
11:29:38  [재무] 2019년 끝 (exit=1) · 누적 호출 약 2,650
11:29:38  [재무] 2020년 시작
11:29:38  [재무] 2020년 끝 (exit=1) · 누적 호출 약 3,180
11:29:38  [재무] 2021년 시작
11:29:38  [재무] 2021년 끝 (exit=1) · 누적 호출 약 3,710
11:29:38  [재무] 2022년 시작
11:29:38  [재무] 2022년 끝 (exit=1) · 누적 호출 약 4,240
11:29:38  [공시] 거래일 4,102 · 이미 649 · 받을 것 3,453
11:33:11    [공시] 200/3,453 — 받음 200 실패 0 · 누적 호출 약 5,440
11:33:59  ⚠️ 상한 5,800 도달 — 260일까지 하고 멈춘다 (다시 돌리면 이어받는다)
11:33:59  [공시] 끝 — 받음 260 실패 0 · 총 호출 약 5,800
00:05:01  ===== 시작 · 상한 18,000회 =====
00:05:01  [재무] 2015년 시작
00:06:07  [재무] 2015년 끝 (exit=0) ✅ · 누적 약 530
00:06:07  [재무] 2016년 시작
00:07:16  [재무] 2016년 끝 (exit=0) ✅ · 누적 약 1,060
00:07:16  [재무] 2017년 시작
00:08:23  [재무] 2017년 끝 (exit=0) ✅ · 누적 약 1,590
00:08:23  [재무] 2018년 시작
00:09:31  [재무] 2018년 끝 (exit=0) ✅ · 누적 약 2,120
00:09:31  [재무] 2019년 시작
00:10:40  [재무] 2019년 끝 (exit=0) ✅ · 누적 약 2,650
00:10:40  [재무] 2020년 시작
00:11:51  [재무] 2020년 끝 (exit=0) ✅ · 누적 약 3,180
00:11:51  [재무] 2021년 시작
00:13:00  [재무] 2021년 끝 (exit=0) ✅ · 누적 약 3,710
00:13:00  [재무] 2022년 시작
00:14:10  [재무] 2022년 끝 (exit=0) ✅ · 누적 약 4,240
00:14:10  [공시] 거래일 4,102 · 이미 910 · 받을 것 3,193
00:17:06    [공시] 200/3,193 — 받음 200 실패 0 · 누적 약 5,440
00:19:49    [공시] 400/3,193 — 받음 400 실패 0 · 누적 약 6,640
00:22:43    [공시] 600/3,193 — 받음 600 실패 0 · 누적 약 7,840
00:25:35    [공시] 800/3,193 — 받음 800 실패 0 · 누적 약 9,040
00:28:17    [공시] 1,000/3,193 — 받음 1,000 실패 0 · 누적 약 10,240
00:31:21    [공시] 1,200/3,193 — 받음 1,200 실패 0 · 누적 약 11,440
00:34:44    [공시] 1,400/3,193 — 받음 1,400 실패 0 · 누적 약 12,640
00:38:01    [공시] 1,600/3,193 — 받음 1,600 실패 0 · 누적 약 13,840
00:41:29    [공시] 1,800/3,193 — 받음 1,800 실패 0 · 누적 약 15,040
00:44:32    [공시] 2,000/3,193 — 받음 2,000 실패 0 · 누적 약 16,240
00:47:59    [공시] 2,200/3,193 — 받음 2,200 실패 0 · 누적 약 17,440
00:49:58  ⚠️ 상한 18,000 도달 — 2,293일까지 (다시 돌리면 이어받는다)
00:49:58  [공시] 끝 — 받음 2,293 실패 0 · 총 약 17,998회
00:49:58  ===== 끝 · 아직 남은 공시 900일 =====
00:05:01  ===== 시작 · 상한 18,000회 =====
00:05:01  [공시] 거래일 4,103 · 이미 3,204 · 받을 것 900
00:08:19    [공시] 200/900 — 받음 200 실패 0 · 누적 약 1,200
00:11:51    [공시] 400/900 — 받음 400 실패 0 · 누적 약 2,400
00:15:32    [공시] 600/900 — 받음 600 실패 0 · 누적 약 3,600
00:19:13    [공시] 800/900 — 받음 800 실패 0 · 누적 약 4,800
00:20:59  [공시] 끝 — 받음 900 실패 0 · 총 약 5,400회
00:20:59  ===== 끝 · 아직 남은 공시 0일 =====
