  [자기주식] 전 종목 2,766 · 이미 받음 0 · 받을 것 2,650
  예상 호출 5,300회 (상한 1,000,000,000) · 예상 시간 약 26분
  --확인 이라 받지 않았다.
  [자기주식] 전 종목 2,766 · 이미 받음 0 · 받을 것 2,650
  예상 호출 5,300회 (상한 1,000,000,000) · 예상 시간 약 26분
  --확인 이라 받지 않았다.
  [소액주주] 전 종목 2,766 · 이미 받음 0 · 받을 것 2,650
  예상 호출 5,300회 (상한 1,000,000,000) · 예상 시간 약 26분
  --확인 이라 받지 않았다.
  [증자감자] 전 종목 2,766 · 이미 받음 0 · 받을 것 2,650
  예상 호출 5,300회 (상한 1,000,000,000) · 예상 시간 약 26분
  --확인 이라 받지 않았다.
  [배당] 전 종목 2,766 · 이미 받음 0 · 받을 것 2,650
  예상 호출 5,300회 (상한 1,000,000,000) · 예상 시간 약 26분
  --확인 이라 받지 않았다.
  [자기주식] 전 종목 2,765 · 이미 받음 0 · 받을 것 2,651
  예상 호출 5,302회 (상한 5,400) · 예상 시간 약 24분
    250/2,651 — 호출 500 성공 250 (자료없음 1) 실패 0
    500/2,651 — 호출 1,000 성공 500 (자료없음 3) 실패 0
    750/2,651 — 호출 1,500 성공 750 (자료없음 3) 실패 0
    1,000/2,651 — 호출 2,000 성공 1,000 (자료없음 4) 실패 0
    1,250/2,651 — 호출 2,500 성공 1,250 (자료없음 11) 실패 0
    1,500/2,651 — 호출 3,000 성공 1,500 (자료없음 15) 실패 0
    1,750/2,651 — 호출 3,500 성공 1,750 (자료없음 17) 실패 0
    2,000/2,651 — 호출 4,000 성공 2,000 (자료없음 19) 실패 0
    2,250/2,651 — 호출 4,500 성공 2,250 (자료없음 22) 실패 0
    2,500/2,651 — 호출 5,000 성공 2,500 (자료없음 26) 실패 0
  [자기주식] 끝 — 종목 2,651 · 호출 5,302 · 자료없음 27 · 실패 0
  [소액주주] 전 종목 2,765 · 이미 받음 0 · 받을 것 2,651
  예상 호출 5,302회 (상한 5,400) · 예상 시간 약 24분
    250/2,651 — 호출 500 성공 250 (자료없음 1) 실패 0
    500/2,651 — 호출 1,000 성공 500 (자료없음 3) 실패 0
    750/2,651 — 호출 1,500 성공 750 (자료없음 3) 실패 0
    1,000/2,651 — 호출 2,000 성공 1,000 (자료없음 4) 실패 0
    1,250/2,651 — 호출 2,500 성공 1,250 (자료없음 11) 실패 0
    1,500/2,651 — 호출 3,000 성공 1,500 (자료없음 15) 실패 0
    1,750/2,651 — 호출 3,500 성공 1,750 (자료없음 17) 실패 0
    2,000/2,651 — 호출 4,000 성공 2,000 (자료없음 19) 실패 0
    2,250/2,651 — 호출 4,500 성공 2,250 (자료없음 22) 실패 0
    2,500/2,651 — 호출 5,000 성공 2,500 (자료없음 26) 실패 0
  [소액주주] 끝 — 종목 2,651 · 호출 5,302 · 자료없음 27 · 실패 0
  [배당] 전 종목 2,765 · 이미 받음 0 · 받을 것 2,651
  예상 호출 5,302회 (상한 5,400) · 예상 시간 약 24분
    250/2,651 — 호출 500 성공 250 (자료없음 1) 실패 0
    500/2,651 — 호출 1,000 성공 500 (자료없음 3) 실패 0
    750/2,651 — 호출 1,500 성공 750 (자료없음 3) 실패 0
    1,000/2,651 — 호출 2,000 성공 1,000 (자료없음 4) 실패 0
    1,250/2,651 — 호출 2,500 성공 1,250 (자료없음 11) 실패 0
    1,500/2,651 — 호출 3,000 성공 1,500 (자료없음 15) 실패 0
    1,750/2,651 — 호출 3,500 성공 1,750 (자료없음 17) 실패 0
    2,000/2,651 — 호출 4,000 성공 2,000 (자료없음 19) 실패 0
    2,250/2,651 — 호출 4,500 성공 2,250 (자료없음 22) 실패 0
    2,500/2,651 — 호출 5,000 성공 2,500 (자료없음 26) 실패 0
  [배당] 끝 — 종목 2,651 · 호출 5,302 · 자료없음 27 · 실패 0
