2026-09-03 11:39:04  ===== 국내 ETF 수집 (KRX etp/etf_bydd_trd) =====
2026-09-03 11:39:04    거래일 4,103 · 이미 받은 것 0 · 할 것 1일 · 예상 0분
2026-09-03 11:39:05    끝 · 받음 1일 · 빈 날 0 · 실패 0
2026-09-03 11:39:05    현재 1일 · 20260902 ~ 20260902
2026-09-03 11:39:05    시험: 20260902 · 1167종목
2026-09-03 11:39:05      451060 1Q 200액티브                종가 33180.0 · NAV 33194.04 · 지수 코스피 200
2026-09-03 11:39:05      0184E0 1Q 200채권혼합50액티브          종가 10715.0 · NAV 10762.46 · 지수 코스피 200 단기국공채 혼합지수
2026-09-03 11:39:05      491610 1Q CD금리액티브(합성)           종가 104860.0 · NAV 104853.06 · 지수 KIS 하나 CD금리 총수익지수
2026-09-03 11:39:14  ===== 국내 ETF 수집 (KRX etp/etf_bydd_trd) =====
2026-09-03 11:39:14    거래일 4,103 · 이미 받은 것 1 · 할 것 4,102일 · 예상 39분
2026-09-03 11:40:42      200/4102 · 받음 200 · 빈 날 0 · 실패 0
2026-09-03 11:42:13      400/4102 · 받음 400 · 빈 날 0 · 실패 0
2026-09-03 11:43:46      600/4102 · 받음 600 · 빈 날 0 · 실패 0
2026-09-03 11:45:14      800/4102 · 받음 800 · 빈 날 0 · 실패 0
2026-09-03 11:46:40      1000/4102 · 받음 1,000 · 빈 날 0 · 실패 0
2026-09-03 11:48:08      1200/4102 · 받음 1,200 · 빈 날 0 · 실패 0
2026-09-03 11:49:40      1400/4102 · 받음 1,400 · 빈 날 0 · 실패 0
2026-09-03 11:51:14      1600/4102 · 받음 1,600 · 빈 날 0 · 실패 0
2026-09-03 11:52:58      1800/4102 · 받음 1,800 · 빈 날 0 · 실패 0
2026-09-03 11:54:41      2000/4102 · 받음 2,000 · 빈 날 0 · 실패 0
2026-09-03 11:56:26      2200/4102 · 받음 2,200 · 빈 날 0 · 실패 0
2026-09-03 11:58:14      2400/4102 · 받음 2,400 · 빈 날 0 · 실패 0
2026-09-03 11:59:59      2600/4102 · 받음 2,600 · 빈 날 0 · 실패 0
2026-09-03 12:02:04      2800/4102 · 받음 2,800 · 빈 날 0 · 실패 0
2026-09-03 12:03:48      3000/4102 · 받음 3,000 · 빈 날 0 · 실패 0
2026-09-03 12:05:44      3200/4102 · 받음 3,200 · 빈 날 0 · 실패 0
2026-09-03 12:07:37      3400/4102 · 받음 3,400 · 빈 날 0 · 실패 0
2026-09-03 12:09:33      3600/4102 · 받음 3,600 · 빈 날 0 · 실패 0
2026-09-03 12:11:38      3800/4102 · 받음 3,800 · 빈 날 0 · 실패 0
2026-09-03 12:13:42      4000/4102 · 받음 4,000 · 빈 날 0 · 실패 0
2026-09-03 12:14:52    끝 · 받음 4,102일 · 빈 날 0 · 실패 0
2026-09-03 12:14:52    현재 4,103일 · 20100104 ~ 20260902
2026-09-07 16:30:39  ===== 국내 ETF 수집 (KRX etp/etf_bydd_trd) =====
2026-09-07 16:30:39    거래일 4,105 · 이미 받은 것 4,103 · 할 것 2일 · 예상 0분
2026-09-07 16:30:41    끝 · 받음 2일 · 빈 날 0 · 실패 0
2026-09-07 16:30:41    현재 4,105일 · 20100104 ~ 20260904
2026-09-07 16:33:46  ===== 국내 ETF 수집 (KRX etp/etf_bydd_trd) =====
2026-09-07 16:33:46    거래일 4,105 · 이미 받은 것 4,105 · 할 것 0일 · 예상 0분
2026-09-07 16:33:46    끝 · 받음 0일 · 빈 날 0 · 실패 0
2026-09-07 16:33:46    현재 4,105일 · 20100104 ~ 20260904
2026-09-07 19:02:09  ===== 국내 ETF 수집 (KRX etp/etf_bydd_trd) =====
2026-09-07 19:02:09    거래일 4,105 · 이미 받은 것 4,105 · 할 것 0일 · 예상 0분
2026-09-07 19:02:09    끝 · 받음 0일 · 빈 날 0 · 실패 0
2026-09-07 19:02:09    현재 4,105일 · 20100104 ~ 20260904
2026-09-08 19:31:30  ===== 국내 ETF 수집 (KRX etp/etf_bydd_trd) =====
2026-09-08 19:31:30    거래일 4,106 · 이미 받은 것 4,105 · 할 것 1일 · 예상 0분
2026-09-08 19:31:31    끝 · 받음 1일 · 빈 날 0 · 실패 0
2026-09-08 19:31:31    현재 4,106일 · 20100104 ~ 20260907
2026-09-09 22:32:37  ===== 국내 ETF 수집 (KRX etp/etf_bydd_trd) =====
2026-09-09 22:32:37    거래일 4,107 · 이미 받은 것 4,106 · 할 것 1일 · 예상 0분
2026-09-09 22:32:38    끝 · 받음 1일 · 빈 날 0 · 실패 0
2026-09-09 22:32:38    현재 4,107일 · 20100104 ~ 20260908
2026-09-10 09:49:16  ===== 국내 ETF 수집 (KRX etp/etf_bydd_trd) =====
2026-09-10 09:49:16    거래일 4,108 · 이미 받은 것 4,107 · 할 것 1일 · 예상 0분
2026-09-10 09:49:17    끝 · 받음 1일 · 빈 날 0 · 실패 0
2026-09-10 09:49:17    현재 4,108일 · 20100104 ~ 20260909
2026-09-11 16:29:18  ===== 국내 ETF 수집 (KRX etp/etf_bydd_trd) =====
2026-09-11 16:29:18    거래일 4,109 · 이미 받은 것 4,108 · 할 것 1일 · 예상 0분
2026-09-11 16:29:20    끝 · 받음 1일 · 빈 날 0 · 실패 0
2026-09-11 16:29:20    현재 4,109일 · 20100104 ~ 20260910
