  전 종목 2,766 · 이미 받음 0 · corp_code 없음 116 · 받을 것 2,650
  예상 시간 약 13분
  --확인 이라 받지 않았다.
  전 종목 2,766 · 이미 받음 0 · corp_code 없음 116 · 받을 것 2,650
  예상 시간 약 13분
    200/2,650 — 성공 200 (이력없음 29) 실패 0
    400/2,650 — 성공 400 (이력없음 65) 실패 0
    600/2,650 — 성공 600 (이력없음 102) 실패 0
    800/2,650 — 성공 800 (이력없음 136) 실패 0
    1,000/2,650 — 성공 1,000 (이력없음 176) 실패 0
    1,200/2,650 — 성공 1,200 (이력없음 203) 실패 0
    1,400/2,650 — 성공 1,400 (이력없음 239) 실패 0
    1,600/2,650 — 성공 1,600 (이력없음 276) 실패 0
    1,800/2,650 — 성공 1,800 (이력없음 298) 실패 0
    2,000/2,650 — 성공 2,000 (이력없음 314) 실패 0
    2,200/2,650 — 성공 2,200 (이력없음 350) 실패 0
    2,400/2,650 — 성공 2,400 (이력없음 374) 실패 0
    2,600/2,650 — 성공 2,600 (이력없음 410) 실패 0
  끝 — 성공 2,650 · 이력없음 416 · 실패 0
  전 종목 2,766 · 이미 받음 2,650 · corp_code 없음 116 · 받을 것 0
  예상 시간 약 0분
  받을 것이 없다.
  전 종목 2,766 · 이미 받음 2,650 · corp_code 없음 116 · 받을 것 0
  예상 시간 약 0분
  받을 것이 없다.
  전 종목 2,766 · 이미 받음 2,650 · corp_code 없음 116 · 받을 것 0
  예상 시간 약 0분
  받을 것이 없다.
  전 종목 2,766 · 이미 받음 2,650 · corp_code 없음 116 · 받을 것 0
  예상 시간 약 0분
  받을 것이 없다.
  전 종목 2,765 · 이미 받음 0 · corp_code 없음 114 · 받을 것 2,651
  예상 시간 약 12분
    200/2,651 — 성공 200 (이력없음 28) 실패 0
    400/2,651 — 성공 400 (이력없음 64) 실패 0
    600/2,651 — 성공 600 (이력없음 100) 실패 0
    800/2,651 — 성공 800 (이력없음 134) 실패 0
    1,000/2,651 — 성공 1,000 (이력없음 173) 실패 0
    1,200/2,651 — 성공 1,200 (이력없음 198) 실패 0
    1,400/2,651 — 성공 1,400 (이력없음 234) 실패 0
    1,600/2,651 — 성공 1,600 (이력없음 271) 실패 0
    1,800/2,651 — 성공 1,800 (이력없음 292) 실패 0
    2,000/2,651 — 성공 2,000 (이력없음 306) 실패 0
  전 종목 2,765 · 이미 받음 2,652 · corp_code 없음 114 · 받을 것 1
  예상 시간 약 0분
  끝 — 성공 1 · 이력없음 0 · 실패 0
  전 종목 2,765 · 이미 받음 2,122 · corp_code 없음 114 · 받을 것 529
  예상 시간 약 2분
    200/529 — 성공 200 (이력없음 30) 실패 0
    400/529 — 성공 400 (이력없음 55) 실패 0
  끝 — 성공 529 · 이력없음 80 · 실패 0
  전 종목 2,765 · 이미 받음 2,651 · corp_code 없음 114 · 받을 것 0
  예상 시간 약 0분
  받을 것이 없다.
  전 종목 2,765 · 이미 받음 2,651 · corp_code 없음 114 · 받을 것 0
  예상 시간 약 0분
  받을 것이 없다.
  전 종목 2,765 · 이미 받음 2,651 · corp_code 없음 114 · 받을 것 0
  예상 시간 약 0분
  받을 것이 없다.
  전 종목 2,766 · 이미 받음 2,651 · corp_code 없음 115 · 받을 것 0
  예상 시간 약 0분
  받을 것이 없다.
  전 종목 2,765 · 이미 받음 2,651 · corp_code 없음 115 · 받을 것 0
  예상 시간 약 0분
  받을 것이 없다.
  전 종목 2,765 · 이미 받음 2,651 · corp_code 없음 115 · 받을 것 0
  예상 시간 약 0분
  받을 것이 없다.
