  대상 2650종목 · 5개씩 531회 호출
    2024 0/2650 — 모은 종목 5
    2024 500/2650 — 모은 종목 496
    2024 1000/2650 — 모은 종목 987
    2024 1500/2650 — 모은 종목 1445
    2024 2000/2650 — 모은 종목 1916
    2024 2500/2650 — 모은 종목 2390
  2024 저장 — 2526종목
    2025 0/2650 — 모은 종목 5
    2025 500/2650 — 모은 종목 502
    2025 1000/2650 — 모은 종목 1002
    2025 1500/2650 — 모은 종목 1491
    2025 2000/2650 — 모은 종목 1987
    2025 2500/2650 — 모은 종목 2478
  2025 저장 — 2621종목
  끝
  2023년 · 종목 2,650 · 묶음 530회 · 예상 약 3분
  --확인 이라 받지 않았다.
  2023년 · 종목 2,650 · 묶음 530회 · 예상 약 3분
    100/530 — 종목 480 실패 0
    200/530 — 종목 958 실패 0
    300/530 — 종목 1,384 실패 0
    400/530 — 종목 1,813 실패 0
    500/530 — 종목 2,260 실패 0
  끝 — 2023년 2,392종목 저장 · 묶음 성공 530 실패 0
  2023.json 이 이미 있다 — 받지 않는다.
  2023.json 이 이미 있다 — 받지 않는다.
  2015년 · 종목 2,651 · 묶음 531회 · 예상 약 3분
    100/531 — 종목 385 실패 0
    200/531 — 종목 748 실패 0
    300/531 — 종목 1,001 실패 0
    400/531 — 종목 1,234 실패 0
    500/531 — 종목 1,493 실패 0
  끝 — 2015년 1,575종목 저장 · 묶음 성공 531 실패 0
  2016년 · 종목 2,651 · 묶음 531회 · 예상 약 3분
    100/531 — 종목 393 실패 0
    200/531 — 종목 765 실패 0
    300/531 — 종목 1,032 실패 0
    400/531 — 종목 1,281 실패 0
    500/531 — 종목 1,555 실패 0
  끝 — 2016년 1,642종목 저장 · 묶음 성공 531 실패 0
  2017년 · 종목 2,651 · 묶음 531회 · 예상 약 3분
    100/531 — 종목 405 실패 0
    200/531 — 종목 791 실패 0
    300/531 — 종목 1,079 실패 0
    400/531 — 종목 1,351 실패 0
    500/531 — 종목 1,644 실패 0
  끝 — 2017년 1,737종목 저장 · 묶음 성공 531 실패 0
  2018년 · 종목 2,651 · 묶음 531회 · 예상 약 3분
    100/531 — 종목 412 실패 0
    200/531 — 종목 814 실패 0
    300/531 — 종목 1,122 실패 0
    400/531 — 종목 1,412 실패 0
    500/531 — 종목 1,723 실패 0
  끝 — 2018년 1,822종목 저장 · 묶음 성공 531 실패 0
  2019년 · 종목 2,651 · 묶음 531회 · 예상 약 3분
    100/531 — 종목 419 실패 0
    200/531 — 종목 829 실패 0
    300/531 — 종목 1,157 실패 0
    400/531 — 종목 1,467 실패 0
    500/531 — 종목 1,799 실패 0
  끝 — 2019년 1,907종목 저장 · 묶음 성공 531 실패 0
  2020년 · 종목 2,651 · 묶음 531회 · 예상 약 3분
    100/531 — 종목 430 실패 0
    200/531 — 종목 853 실패 0
    300/531 — 종목 1,203 실패 0
    400/531 — 종목 1,546 실패 0
    500/531 — 종목 1,902 실패 0
  끝 — 2020년 2,018종목 저장 · 묶음 성공 531 실패 0
  2021년 · 종목 2,651 · 묶음 531회 · 예상 약 3분
    100/531 — 종목 439 실패 0
    200/531 — 종목 872 실패 0
    300/531 — 종목 1,246 실패 0
    400/531 — 종목 1,617 실패 0
    500/531 — 종목 1,997 실패 0
  끝 — 2021년 2,117종목 저장 · 묶음 성공 531 실패 0
  2022년 · 종목 2,651 · 묶음 531회 · 예상 약 3분
    100/531 — 종목 444 실패 0
    200/531 — 종목 884 실패 0
    300/531 — 종목 1,287 실패 0
    400/531 — 종목 1,675 실패 0
    500/531 — 종목 2,083 실패 0
  끝 — 2022년 2,208종목 저장 · 묶음 성공 531 실패 0
  2023.json 이 이미 있다 — 받지 않는다.
  2023.json 이 이미 있다 — 받지 않는다.
  2023.json 이 이미 있다 — 받지 않는다.
  2023.json 이 이미 있다 — 받지 않는다.
  2023.json 이 이미 있다 — 받지 않는다.
  2023.json 이 이미 있다 — 받지 않는다.
  2023.json 이 이미 있다 — 받지 않는다.
