  종목 2766 · 기준일 69개 · 예상 호출 190,854
  [1/69] 20240115 — 호출 2,766 실패 0 · 쌓인 날 50
  [2/69] 20240129 — 호출 5,532 실패 0 · 쌓인 날 60
  [3/69] 20240212 — 호출 8,298 실패 0 · 쌓인 날 69
  [4/69] 20240226 — 호출 11,064 실패 0 · 쌓인 날 78
  [5/69] 20240311 — 호출 13,830 실패 0 · 쌓인 날 87
  [6/69] 20240325 — 호출 16,596 실패 0 · 쌓인 날 97
  [7/69] 20240408 — 호출 19,362 실패 0 · 쌓인 날 107
  [8/69] 20240422 — 호출 22,128 실패 0 · 쌓인 날 116
  [9/69] 20240506 — 호출 24,894 실패 0 · 쌓인 날 125
  [10/69] 20240520 — 호출 27,660 실패 0 · 쌓인 날 133
  [11/69] 20240603 — 호출 30,426 실패 0 · 쌓인 날 143
  [12/69] 20240617 — 호출 33,192 실패 0 · 쌓인 날 152
  [13/69] 20240701 — 호출 35,958 실패 0 · 쌓인 날 162
  [14/69] 20240715 — 호출 38,724 실패 0 · 쌓인 날 172
  [15/69] 20240729 — 호출 41,490 실패 0 · 쌓인 날 182
  [16/69] 20240812 — 호출 44,256 실패 0 · 쌓인 날 192
  [17/69] 20240826 — 호출 47,022 실패 0 · 쌓인 날 201
  [18/69] 20240909 — 호출 49,788 실패 0 · 쌓인 날 211
  [19/69] 20240923 — 호출 52,554 실패 0 · 쌓인 날 218
  [20/69] 20241007 — 호출 55,320 실패 0 · 쌓인 날 226
  [21/69] 20241021 — 호출 58,086 실패 0 · 쌓인 날 235
  [22/69] 20241104 — 호출 60,852 실패 0 · 쌓인 날 245
  [23/69] 20241118 — 호출 63,618 실패 0 · 쌓인 날 255
  [24/69] 20241202 — 호출 66,384 실패 0 · 쌓인 날 265
  [25/69] 20241216 — 호출 69,150 실패 0 · 쌓인 날 275
  [26/69] 20241230 — 호출 71,916 실패 0 · 쌓인 날 284
  [27/69] 20250113 — 호출 74,682 실패 0 · 쌓인 날 292
  [28/69] 20250127 — 호출 77,448 실패 0 · 쌓인 날 302
  [29/69] 20250210 — 호출 80,214 실패 0 · 쌓인 날 308
  [30/69] 20250224 — 호출 82,980 실패 0 · 쌓인 날 318
  [31/69] 20250310 — 호출 85,746 실패 0 · 쌓인 날 327
  [32/69] 20250324 — 호출 88,512 실패 0 · 쌓인 날 337
  [33/69] 20250407 — 호출 91,278 실패 0 · 쌓인 날 347
  거래일 648일 · 채워진 날 317일 (49%) · 남은 날 332일
  이어받을 기준일 36개 · 종목 2766 · 예상 호출 99,576회 · 예상 시간 약 58분
  --확인 이라 받지 않았다.
  거래일 648일 · 채워진 날 317일 (49%) · 남은 날 332일
  이어받을 기준일 36개 · 종목 2766 · 예상 호출 99,576회 · 예상 시간 약 58분
  [1/36] 20250421 — 호출 2,766 실패 0 · 쌓인 날 357
  [2/36] 20250505 — 호출 5,532 실패 0 · 쌓인 날 366
  [3/36] 20250519 — 호출 8,298 실패 0 · 쌓인 날 374
  [4/36] 20250602 — 호출 11,064 실패 0 · 쌓인 날 374
  [5/36] 20250616 — 호출 13,830 실패 0 · 쌓인 날 382
  [6/36] 20250630 — 호출 16,596 실패 0 · 쌓인 날 392
  [7/36] 20250714 — 호출 19,362 실패 0 · 쌓인 날 402
  [8/36] 20250728 — 호출 22,128 실패 0 · 쌓인 날 412
  [9/36] 20250811 — 호출 24,894 실패 0 · 쌓인 날 422
  [10/36] 20250825 — 호출 27,660 실패 0 · 쌓인 날 431
  [11/36] 20250908 — 호출 30,426 실패 0 · 쌓인 날 441
  [12/36] 20250922 — 호출 33,192 실패 0 · 쌓인 날 451
  [13/36] 20251006 — 호출 35,958 실패 0 · 쌓인 날 460
  [14/36] 20251020 — 호출 38,724 실패 0 · 쌓인 날 466
  [15/36] 20251103 — 호출 41,490 실패 0 · 쌓인 날 476
  [16/36] 20251117 — 호출 44,256 실패 0 · 쌓인 날 486
  [17/36] 20251201 — 호출 47,022 실패 0 · 쌓인 날 496
  [18/36] 20251215 — 호출 49,788 실패 0 · 쌓인 날 506
  [19/36] 20251229 — 호출 52,554 실패 0 · 쌓인 날 515
  [20/36] 20260112 — 호출 55,320 실패 0 · 쌓인 날 523
  [21/36] 20260126 — 호출 58,086 실패 0 · 쌓인 날 533
  [22/36] 20260209 — 호출 60,852 실패 0 · 쌓인 날 543
  [23/36] 20260223 — 호출 63,618 실패 0 · 쌓인 날 550
  [24/36] 20260309 — 호출 66,384 실패 0 · 쌓인 날 559
  [25/36] 20260323 — 호출 69,150 실패 0 · 쌓인 날 569
  [26/36] 20260406 — 호출 71,916 실패 0 · 쌓인 날 579
  [27/36] 20260420 — 호출 74,682 실패 0 · 쌓인 날 589
  [28/36] 20260504 — 호출 77,448 실패 0 · 쌓인 날 598
  [29/36] 20260518 — 호출 80,214 실패 0 · 쌓인 날 607
  [30/36] 20260601 — 호출 82,980 실패 0 · 쌓인 날 616
  [31/36] 20260615 — 호출 85,746 실패 0 · 쌓인 날 625
  [32/36] 20260629 — 호출 88,512 실패 0 · 쌓인 날 635
  [33/36] 20260713 — 호출 91,278 실패 0 · 쌓인 날 645
  [34/36] 20260727 — 호출 94,044 실패 0 · 쌓인 날 654
  [35/36] 20260810 — 호출 96,810 실패 0 · 쌓인 날 664
  [36/36] 20260824 — 호출 99,576 실패 0 · 쌓인 날 669
  끝
  거래일 4102일 · 채워진 날 649일 (16%) · 남은 날 3453일
  이어받을 기준일 366개 · 종목 2765 · 예상 호출 1,011,990회 · 예상 시간 약 590분
  --확인 이라 받지 않았다.
  거래일 4102일 · 채워진 날 649일 (16%) · 남은 날 3453일
  이어받을 기준일 366개 · 종목 2765 · 예상 호출 1,011,990회 · 예상 시간 약 590분
  [1/366] 20100115 — 호출 2,765 실패 0 · 쌓인 날 679
  [2/366] 20100129 — 호출 5,530 실패 0 · 쌓인 날 689
  [3/366] 20100212 — 호출 8,295 실패 0 · 쌓인 날 699
  [4/366] 20100226 — 호출 11,060 실패 0 · 쌓인 날 708
  [5/366] 20100312 — 호출 13,825 실패 0 · 쌓인 날 717
  [6/366] 20100326 — 호출 16,590 실패 0 · 쌓인 날 727
  [7/366] 20100409 — 호출 19,355 실패 0 · 쌓인 날 737
  [8/366] 20100423 — 호출 22,120 실패 0 · 쌓인 날 747
  [9/366] 20100507 — 호출 24,885 실패 0 · 쌓인 날 756
  [10/366] 20100521 — 호출 27,650 실패 0 · 쌓인 날 766
  [11/366] 20100604 — 호출 30,415 실패 0 · 쌓인 날 774
  [12/366] 20100618 — 호출 33,180 실패 0 · 쌓인 날 784
  [13/366] 20100702 — 호출 35,945 실패 0 · 쌓인 날 794
  [14/366] 20100716 — 호출 38,710 실패 0 · 쌓인 날 804
  [15/366] 20100730 — 호출 41,475 실패 0 · 쌓인 날 814
  [16/366] 20100813 — 호출 44,240 실패 0 · 쌓인 날 824
  [17/366] 20100827 — 호출 47,005 실패 0 · 쌓인 날 834
  [18/366] 20100910 — 호출 49,770 실패 0 · 쌓인 날 844
  [19/366] 20100924 — 호출 52,535 실패 0 · 쌓인 날 851
  [20/366] 20101008 — 호출 55,300 실패 0 · 쌓인 날 861
  [21/366] 20101022 — 호출 58,065 실패 0 · 쌓인 날 871
  [22/366] 20101105 — 호출 60,830 실패 0 · 쌓인 날 881
  [23/366] 20101119 — 호출 63,595 실패 0 · 쌓인 날 891
  [24/366] 20101203 — 호출 66,360 실패 0 · 쌓인 날 901
  [25/366] 20101217 — 호출 69,125 실패 0 · 쌓인 날 911
  [26/366] 20101231 — 호출 71,890 실패 0 · 쌓인 날 921
  [27/366] 20110114 — 호출 74,655 실패 0 · 쌓인 날 930
  [28/366] 20110128 — 호출 77,420 실패 0 · 쌓인 날 940
  [29/366] 20110211 — 호출 80,185 실패 0 · 쌓인 날 947
  [30/366] 20110225 — 호출 82,950 실패 0 · 쌓인 날 957
  [31/366] 20110311 — 호출 85,715 실패 0 · 쌓인 날 966
  [32/366] 20110325 — 호출 88,480 실패 0 · 쌓인 날 976
  [33/366] 20110408 — 호출 91,245 실패 0 · 쌓인 날 986
  [34/366] 20110422 — 호출 94,010 실패 0 · 쌓인 날 996
  [35/366] 20110506 — 호출 96,775 실패 0 · 쌓인 날 1005
  [36/366] 20110520 — 호출 99,540 실패 0 · 쌓인 날 1014
  [37/366] 20110603 — 호출 102,305 실패 0 · 쌓인 날 1024
  [38/366] 20110617 — 호출 105,070 실패 0 · 쌓인 날 1033
  [39/366] 20110701 — 호출 107,835 실패 0 · 쌓인 날 1043
  [40/366] 20110715 — 호출 110,600 실패 0 · 쌓인 날 1053
  [41/366] 20110729 — 호출 113,365 실패 0 · 쌓인 날 1063
  [42/366] 20110812 — 호출 116,130 실패 0 · 쌓인 날 1073
  [43/366] 20110826 — 호출 118,895 실패 0 · 쌓인 날 1082
  [44/366] 20110909 — 호출 121,660 실패 0 · 쌓인 날 1092
  [45/366] 20110923 — 호출 124,425 실패 0 · 쌓인 날 1100
  [46/366] 20111007 — 호출 127,190 실패 0 · 쌓인 날 1109
  [47/366] 20111021 — 호출 129,955 실패 0 · 쌓인 날 1119
  [48/366] 20111104 — 호출 132,720 실패 0 · 쌓인 날 1129
  [49/366] 20111118 — 호출 135,485 실패 0 · 쌓인 날 1139
  [50/366] 20111202 — 호출 138,250 실패 0 · 쌓인 날 1149
  [51/366] 20111216 — 호출 141,015 실패 0 · 쌓인 날 1159
  [52/366] 20111230 — 호출 143,780 실패 0 · 쌓인 날 1169
  [53/366] 20120113 — 호출 146,545 실패 0 · 쌓인 날 1178
  [54/366] 20120127 — 호출 149,310 실패 0 · 쌓인 날 1186
  [55/366] 20120210 — 호출 152,075 실패 0 · 쌓인 날 1196
  [56/366] 20120224 — 호출 154,840 실패 0 · 쌓인 날 1206
  [57/366] 20120309 — 호출 157,605 실패 0 · 쌓인 날 1215
  [58/366] 20120323 — 호출 160,370 실패 0 · 쌓인 날 1225
  [59/366] 20120406 — 호출 163,135 실패 0 · 쌓인 날 1235
  [60/366] 20120420 — 호출 165,900 실패 0 · 쌓인 날 1244
  [61/366] 20120504 — 호출 168,665 실패 0 · 쌓인 날 1253
  [62/366] 20120518 — 호출 171,430 실패 0 · 쌓인 날 1263
  [63/366] 20120601 — 호출 174,195 실패 0 · 쌓인 날 1272
  [64/366] 20120615 — 호출 176,960 실패 0 · 쌓인 날 1281
  [65/366] 20120629 — 호출 179,725 실패 0 · 쌓인 날 1291
  [66/366] 20120713 — 호출 182,490 실패 0 · 쌓인 날 1301
  [67/366] 20120727 — 호출 185,255 실패 0 · 쌓인 날 1311
  [68/366] 20120810 — 호출 188,020 실패 0 · 쌓인 날 1321
  [69/366] 20120824 — 호출 190,785 실패 0 · 쌓인 날 1330
  [70/366] 20120907 — 호출 193,550 실패 0 · 쌓인 날 1340
  [71/366] 20120921 — 호출 196,315 실패 0 · 쌓인 날 1350
  [72/366] 20121005 — 호출 199,080 실패 0 · 쌓인 날 1358
  [73/366] 20121019 — 호출 201,845 실패 0 · 쌓인 날 1368
  [74/366] 20121102 — 호출 204,610 실패 0 · 쌓인 날 1378
  [75/366] 20121116 — 호출 207,375 실패 0 · 쌓인 날 1388
  [76/366] 20121130 — 호출 210,140 실패 0 · 쌓인 날 1398
  [77/366] 20121214 — 호출 212,905 실패 0 · 쌓인 날 1408
  [78/366] 20121228 — 호출 215,670 실패 0 · 쌓인 날 1416
  [79/366] 20130111 — 호출 218,435 실패 0 · 쌓인 날 1424
  [80/366] 20130125 — 호출 221,200 실패 0 · 쌓인 날 1434
  [81/366] 20130208 — 호출 223,965 실패 0 · 쌓인 날 1444
  [82/366] 20130222 — 호출 226,730 실패 0 · 쌓인 날 1453
  [83/366] 20130308 — 호출 229,495 실패 0 · 쌓인 날 1462
  [84/366] 20130322 — 호출 232,260 실패 0 · 쌓인 날 1472
  [85/366] 20130405 — 호출 235,025 실패 0 · 쌓인 날 1482
  [86/366] 20130419 — 호출 237,790 실패 0 · 쌓인 날 1492
  [87/366] 20130503 — 호출 240,555 실패 0 · 쌓인 날 1501
  [88/366] 20130517 — 호출 243,320 실패 0 · 쌓인 날 1511
  [89/366] 20130531 — 호출 246,085 실패 0 · 쌓인 날 1520
  [90/366] 20130614 — 호출 248,850 실패 0 · 쌓인 날 1529
  [91/366] 20130628 — 호출 251,615 실패 0 · 쌓인 날 1539
  [92/366] 20130712 — 호출 254,380 실패 0 · 쌓인 날 1549
  [93/366] 20130726 — 호출 257,145 실패 0 · 쌓인 날 1559
  [94/366] 20130809 — 호출 259,910 실패 0 · 쌓인 날 1569
  [95/366] 20130823 — 호출 262,675 실패 0 · 쌓인 날 1578
  [96/366] 20130906 — 호출 265,440 실패 0 · 쌓인 날 1588
  [97/366] 20130920 — 호출 268,198 실패 7 · 쌓인 날 1596
  [98/366] 20131004 — 호출 270,948 실패 22 · 쌓인 날 1604
  [99/366] 20131018 — 호출 273,713 실패 22 · 쌓인 날 1613
  [100/366] 20131101 — 호출 276,478 실패 22 · 쌓인 날 1623
  [101/366] 20131115 — 호출 279,243 실패 22 · 쌓인 날 1633
  [102/366] 20131129 — 호출 282,008 실패 22 · 쌓인 날 1643
  [103/366] 20131213 — 호출 284,773 실패 22 · 쌓인 날 1653
  [104/366] 20131227 — 호출 287,538 실패 22 · 쌓인 날 1662
  [105/366] 20140110 — 호출 290,303 실패 22 · 쌓인 날 1670
  [106/366] 20140124 — 호출 293,068 실패 22 · 쌓인 날 1680
  [107/366] 20140207 — 호출 295,833 실패 22 · 쌓인 날 1688
  [108/366] 20140221 — 호출 298,598 실패 22 · 쌓인 날 1698
  [109/366] 20140307 — 호출 301,363 실패 22 · 쌓인 날 1708
  [110/366] 20140321 — 호출 304,128 실패 22 · 쌓인 날 1718
  [111/366] 20140404 — 호출 306,893 실패 22 · 쌓인 날 1728
  [112/366] 20140418 — 호출 309,658 실패 22 · 쌓인 날 1738
  [113/366] 20140502 — 호출 312,423 실패 22 · 쌓인 날 1747
  [114/366] 20140516 — 호출 315,188 실패 22 · 쌓인 날 1755
  [115/366] 20140530 — 호출 317,953 실패 22 · 쌓인 날 1765
  [116/366] 20140613 — 호출 320,718 실패 22 · 쌓인 날 1773
  [117/366] 20140627 — 호출 323,483 실패 22 · 쌓인 날 1783
  [118/366] 20140711 — 호출 326,248 실패 22 · 쌓인 날 1793
  [119/366] 20140725 — 호출 329,013 실패 22 · 쌓인 날 1803
  [120/366] 20140808 — 호출 331,778 실패 22 · 쌓인 날 1813
  [121/366] 20140822 — 호출 334,543 실패 22 · 쌓인 날 1822
  [122/366] 20140905 — 호출 337,308 실패 22 · 쌓인 날 1832
  [123/366] 20140919 — 호출 340,073 실패 22 · 쌓인 날 1839
  [124/366] 20141003 — 호출 342,838 실패 22 · 쌓인 날 1849
  [125/366] 20141017 — 호출 345,603 실패 22 · 쌓인 날 1857
  [126/366] 20141031 — 호출 348,368 실패 22 · 쌓인 날 1867
  [127/366] 20141114 — 호출 351,133 실패 22 · 쌓인 날 1877
  [128/366] 20141128 — 호출 353,898 실패 22 · 쌓인 날 1887
  [129/366] 20141212 — 호출 356,663 실패 22 · 쌓인 날 1897
  [130/366] 20141226 — 호출 359,428 실패 22 · 쌓인 날 1906
  [131/366] 20150109 — 호출 362,193 실패 22 · 쌓인 날 1914
  [132/366] 20150123 — 호출 364,958 실패 22 · 쌓인 날 1924
  [133/366] 20150206 — 호출 367,723 실패 22 · 쌓인 날 1934
  [134/366] 20150220 — 호출 370,488 실패 22 · 쌓인 날 1942
  [135/366] 20150306 — 호출 373,253 실패 22 · 쌓인 날 1948
  [136/366] 20150320 — 호출 376,018 실패 22 · 쌓인 날 1951
  [137/366] 20150403 — 호출 378,783 실패 22 · 쌓인 날 1961
  [138/366] 20150417 — 호출 381,548 실패 22 · 쌓인 날 1971
  [139/366] 20150501 — 호출 384,313 실패 22 · 쌓인 날 1981
  [140/366] 20150515 — 호출 387,078 실패 22 · 쌓인 날 1989
  [141/366] 20150529 — 호출 389,843 실패 22 · 쌓인 날 1998
  [142/366] 20150612 — 호출 392,608 실패 22 · 쌓인 날 2008
  [143/366] 20150626 — 호출 395,373 실패 22 · 쌓인 날 2018
  [144/366] 20150710 — 호출 398,138 실패 22 · 쌓인 날 2028
  [145/366] 20150724 — 호출 400,903 실패 22 · 쌓인 날 2038
  [146/366] 20150807 — 호출 403,668 실패 22 · 쌓인 날 2048
  [147/366] 20150821 — 호출 406,433 실패 22 · 쌓인 날 2057
  [148/366] 20150904 — 호출 409,198 실패 22 · 쌓인 날 2067
  [149/366] 20150918 — 호출 411,963 실패 22 · 쌓인 날 2077
  [150/366] 20151002 — 호출 414,728 실패 22 · 쌓인 날 2085
  [151/366] 20151016 — 호출 417,493 실패 22 · 쌓인 날 2094
  [152/366] 20151030 — 호출 420,258 실패 22 · 쌓인 날 2104
  [153/366] 20151113 — 호출 423,023 실패 22 · 쌓인 날 2114
  [154/366] 20151127 — 호출 425,788 실패 22 · 쌓인 날 2124
  [155/366] 20151211 — 호출 428,553 실패 22 · 쌓인 날 2134
  [156/366] 20151225 — 호출 431,318 실패 22 · 쌓인 날 2144
  [157/366] 20160108 — 호출 434,083 실패 22 · 쌓인 날 2151
  [158/366] 20160122 — 호출 436,848 실패 22 · 쌓인 날 2161
  [159/366] 20160205 — 호출 439,613 실패 22 · 쌓인 날 2171
  [160/366] 20160219 — 호출 442,378 실패 22 · 쌓인 날 2178
  [161/366] 20160304 — 호출 445,143 실패 22 · 쌓인 날 2187
  [162/366] 20160318 — 호출 447,908 실패 22 · 쌓인 날 2197
  [163/366] 20160401 — 호출 450,673 실패 22 · 쌓인 날 2207
  [164/366] 20160415 — 호출 453,438 실패 22 · 쌓인 날 2216
  [165/366] 20160429 — 호출 456,203 실패 22 · 쌓인 날 2220
  [166/366] 20160513 — 호출 458,968 실패 22 · 쌓인 날 2224
  [167/366] 20160527 — 호출 461,733 실패 22 · 쌓인 날 2234
  [168/366] 20160610 — 호출 464,498 실패 22 · 쌓인 날 2243
  [169/366] 20160624 — 호출 467,263 실패 22 · 쌓인 날 2253
  [170/366] 20160708 — 호출 470,028 실패 22 · 쌓인 날 2263
  [171/366] 20160722 — 호출 472,793 실패 22 · 쌓인 날 2273
  [172/366] 20160805 — 호출 475,558 실패 22 · 쌓인 날 2283
  [173/366] 20160819 — 호출 478,323 실패 22 · 쌓인 날 2292
  [174/366] 20160902 — 호출 481,088 실패 22 · 쌓인 날 2302
  [175/366] 20160916 — 호출 483,853 실패 22 · 쌓인 날 2310
  [176/366] 20160930 — 호출 486,618 실패 22 · 쌓인 날 2319
  [177/366] 20161014 — 호출 489,383 실패 22 · 쌓인 날 2328
  [178/366] 20161028 — 호출 492,148 실패 22 · 쌓인 날 2338
  [179/366] 20161111 — 호출 494,913 실패 22 · 쌓인 날 2348
  [180/366] 20161125 — 호출 497,678 실패 22 · 쌓인 날 2358
  [181/366] 20161209 — 호출 500,443 실패 22 · 쌓인 날 2368
  [182/366] 20161223 — 호출 503,208 실패 22 · 쌓인 날 2378
  [183/366] 20170106 — 호출 505,973 실패 22 · 쌓인 날 2387
  [184/366] 20170120 — 호출 508,738 실패 22 · 쌓인 날 2397
  [185/366] 20170203 — 호출 511,503 실패 22 · 쌓인 날 2405
  [186/366] 20170217 — 호출 514,268 실패 22 · 쌓인 날 2415
  [187/366] 20170303 — 호출 517,033 실패 22 · 쌓인 날 2424
  [188/366] 20170317 — 호출 519,798 실패 22 · 쌓인 날 2434
  [189/366] 20170331 — 호출 522,563 실패 22 · 쌓인 날 2444
  [190/366] 20170414 — 호출 525,328 실패 22 · 쌓인 날 2454
  [191/366] 20170428 — 호출 528,093 실패 22 · 쌓인 날 2464
  [192/366] 20170512 — 호출 530,858 실패 22 · 쌓인 날 2470
  [193/366] 20170526 — 호출 533,623 실패 22 · 쌓인 날 2480
  [194/366] 20170609 — 호출 536,388 실패 22 · 쌓인 날 2489
  [195/366] 20170623 — 호출 539,153 실패 22 · 쌓인 날 2499
  [196/366] 20170707 — 호출 541,918 실패 22 · 쌓인 날 2509
  [197/366] 20170721 — 호출 544,683 실패 22 · 쌓인 날 2519
  [198/366] 20170804 — 호출 547,448 실패 22 · 쌓인 날 2529
  [199/366] 20170818 — 호출 550,213 실패 22 · 쌓인 날 2538
  [200/366] 20170901 — 호출 552,978 실패 22 · 쌓인 날 2548
  [201/366] 20170915 — 호출 555,743 실패 22 · 쌓인 날 2558
  [202/366] 20170929 — 호출 558,508 실패 22 · 쌓인 날 2568
  [203/366] 20171013 — 호출 561,273 실패 22 · 쌓인 날 2572
  [204/366] 20171027 — 호출 564,038 실패 22 · 쌓인 날 2582
  [205/366] 20171110 — 호출 566,803 실패 22 · 쌓인 날 2592
  [206/366] 20171124 — 호출 569,568 실패 22 · 쌓인 날 2602
  [207/366] 20171208 — 호출 572,333 실패 22 · 쌓인 날 2612
  [208/366] 20171222 — 호출 575,098 실패 22 · 쌓인 날 2622
  [209/366] 20180105 — 호출 577,863 실패 22 · 쌓인 날 2629
  [210/366] 20180119 — 호출 580,628 실패 22 · 쌓인 날 2639
  [211/366] 20180202 — 호출 583,393 실패 22 · 쌓인 날 2649
  [212/366] 20180216 — 호출 586,158 실패 22 · 쌓인 날 2658
  [213/366] 20180302 — 호출 588,923 실패 22 · 쌓인 날 2666
  [214/366] 20180316 — 호출 591,688 실패 22 · 쌓인 날 2676
  [215/366] 20180330 — 호출 594,453 실패 22 · 쌓인 날 2686
  [216/366] 20180413 — 호출 597,218 실패 22 · 쌓인 날 2696
  [217/366] 20180427 — 호출 599,983 실패 22 · 쌓인 날 2706
  [218/366] 20180511 — 호출 602,748 실패 22 · 쌓인 날 2714
  [219/366] 20180525 — 호출 605,513 실패 22 · 쌓인 날 2723
  [220/366] 20180608 — 호출 608,278 실패 22 · 쌓인 날 2732
  [221/366] 20180622 — 호출 611,043 실패 22 · 쌓인 날 2741
  [222/366] 20180706 — 호출 613,808 실패 22 · 쌓인 날 2751
  [223/366] 20180720 — 호출 616,573 실패 22 · 쌓인 날 2761
  [224/366] 20180803 — 호출 619,338 실패 22 · 쌓인 날 2771
  [225/366] 20180817 — 호출 622,103 실패 22 · 쌓인 날 2780
  [226/366] 20180831 — 호출 624,868 실패 22 · 쌓인 날 2790
  [227/366] 20180914 — 호출 627,633 실패 22 · 쌓인 날 2800
  [228/366] 20180928 — 호출 630,398 실패 22 · 쌓인 날 2807
  [229/366] 20181012 — 호출 633,163 실패 22 · 쌓인 날 2815
  [230/366] 20181026 — 호출 635,928 실패 22 · 쌓인 날 2825
  [231/366] 20181109 — 호출 638,693 실패 22 · 쌓인 날 2835
  [232/366] 20181123 — 호출 641,458 실패 22 · 쌓인 날 2845
  [233/366] 20181207 — 호출 644,223 실패 22 · 쌓인 날 2855
  [234/366] 20181221 — 호출 646,988 실패 22 · 쌓인 날 2865
  [235/366] 20190104 — 호출 649,753 실패 22 · 쌓인 날 2872
  [236/366] 20190118 — 호출 652,518 실패 22 · 쌓인 날 2882
  [237/366] 20190201 — 호출 655,283 실패 22 · 쌓인 날 2892
  [238/366] 20190215 — 호출 658,048 실패 22 · 쌓인 날 2899
  [239/366] 20190301 — 호출 660,813 실패 22 · 쌓인 날 2909
  [240/366] 20190315 — 호출 663,578 실패 22 · 쌓인 날 2918
  [241/366] 20190329 — 호출 666,343 실패 22 · 쌓인 날 2928
  [242/366] 20190412 — 호출 669,108 실패 22 · 쌓인 날 2938
  [243/366] 20190426 — 호출 671,873 실패 22 · 쌓인 날 2948
  [244/366] 20190510 — 호출 674,638 실패 22 · 쌓인 날 2956
  [245/366] 20190524 — 호출 677,403 실패 22 · 쌓인 날 2966
  [246/366] 20190607 — 호출 680,168 실패 22 · 쌓인 날 2975
  [247/366] 20190621 — 호출 682,933 실패 22 · 쌓인 날 2985
  [248/366] 20190705 — 호출 685,698 실패 22 · 쌓인 날 2995
  [249/366] 20190719 — 호출 688,463 실패 22 · 쌓인 날 3005
  [250/366] 20190802 — 호출 691,228 실패 22 · 쌓인 날 3015
  [251/366] 20190816 — 호출 693,993 실패 22 · 쌓인 날 3024
  [252/366] 20190830 — 호출 696,758 실패 22 · 쌓인 날 3034
  [253/366] 20190913 — 호출 699,523 실패 22 · 쌓인 날 3043
  [254/366] 20190927 — 호출 702,288 실패 22 · 쌓인 날 3052
  [255/366] 20191011 — 호출 705,053 실패 22 · 쌓인 날 3060
  [256/366] 20191025 — 호출 707,818 실패 22 · 쌓인 날 3070
  [257/366] 20191108 — 호출 710,583 실패 22 · 쌓인 날 3080
  [258/366] 20191122 — 호출 713,348 실패 22 · 쌓인 날 3090
  [259/366] 20191206 — 호출 716,113 실패 22 · 쌓인 날 3100
  [260/366] 20191220 — 호출 718,878 실패 22 · 쌓인 날 3110
  [261/366] 20200103 — 호출 721,643 실패 22 · 쌓인 날 3117
  [262/366] 20200117 — 호출 724,408 실패 22 · 쌓인 날 3127
  [263/366] 20200131 — 호출 727,173 실패 22 · 쌓인 날 3135
  [264/366] 20200214 — 호출 729,938 실패 22 · 쌓인 날 3145
  [265/366] 20200228 — 호출 732,703 실패 22 · 쌓인 날 3155
  [266/366] 20200313 — 호출 735,468 실패 22 · 쌓인 날 3165
  [267/366] 20200327 — 호출 738,233 실패 22 · 쌓인 날 3175
  [268/366] 20200410 — 호출 740,998 실패 22 · 쌓인 날 3185
  [269/366] 20200424 — 호출 743,763 실패 22 · 쌓인 날 3194
  [270/366] 20200508 — 호출 746,528 실패 22 · 쌓인 날 3201
  [271/366] 20200522 — 호출 749,293 실패 22 · 쌓인 날 3211
  [272/366] 20200605 — 호출 752,058 실패 22 · 쌓인 날 3221
  [273/366] 20200619 — 호출 754,823 실패 22 · 쌓인 날 3231
  [274/366] 20200703 — 호출 757,588 실패 22 · 쌓인 날 3241
  [275/366] 20200717 — 호출 760,353 실패 22 · 쌓인 날 3251
  [276/366] 20200731 — 호출 763,118 실패 22 · 쌓인 날 3261
  [277/366] 20200814 — 호출 765,883 실패 22 · 쌓인 날 3271
  [278/366] 20200828 — 호출 768,648 실패 22 · 쌓인 날 3280
  [279/366] 20200911 — 호출 771,413 실패 22 · 쌓인 날 3290
  [280/366] 20200925 — 호출 774,178 실패 22 · 쌓인 날 3300
  [281/366] 20201009 — 호출 776,943 실패 22 · 쌓인 날 3307
  [282/366] 20201023 — 호출 779,708 실패 22 · 쌓인 날 3316
  [283/366] 20201106 — 호출 782,473 실패 22 · 쌓인 날 3326
  [284/366] 20201120 — 호출 785,238 실패 22 · 쌓인 날 3336
  [285/366] 20201204 — 호출 788,003 실패 22 · 쌓인 날 3346
  [286/366] 20201218 — 호출 790,768 실패 22 · 쌓인 날 3356
  [287/366] 20210101 — 호출 793,533 실패 22 · 쌓인 날 3364
  [288/366] 20210115 — 호출 796,298 실패 22 · 쌓인 날 3373
  [289/366] 20210129 — 호출 799,063 실패 22 · 쌓인 날 3383
  [290/366] 20210212 — 호출 801,828 실패 22 · 쌓인 날 3392
  [291/366] 20210226 — 호출 804,593 실패 22 · 쌓인 날 3401
  [292/366] 20210312 — 호출 807,358 실패 22 · 쌓인 날 3410
  [293/366] 20210326 — 호출 810,123 실패 22 · 쌓인 날 3420
  [294/366] 20210409 — 호출 812,888 실패 22 · 쌓인 날 3430
  [295/366] 20210423 — 호출 815,653 실패 22 · 쌓인 날 3440
  [296/366] 20210507 — 호출 818,418 실패 22 · 쌓인 날 3449
  [297/366] 20210521 — 호출 821,183 실패 22 · 쌓인 날 3458
  [298/366] 20210604 — 호출 823,948 실패 22 · 쌓인 날 3468
  [299/366] 20210618 — 호출 826,713 실패 22 · 쌓인 날 3478
  [300/366] 20210702 — 호출 829,478 실패 22 · 쌓인 날 3488
  [301/366] 20210716 — 호출 832,243 실패 22 · 쌓인 날 3498
  [302/366] 20210730 — 호출 835,008 실패 22 · 쌓인 날 3508
  [303/366] 20210813 — 호출 837,773 실패 22 · 쌓인 날 3518
  [304/366] 20210827 — 호출 840,538 실패 22 · 쌓인 날 3527
  [305/366] 20210910 — 호출 843,303 실패 22 · 쌓인 날 3537
  [306/366] 20210924 — 호출 846,068 실패 22 · 쌓인 날 3544
  [307/366] 20211008 — 호출 848,833 실패 22 · 쌓인 날 3553
  [308/366] 20211022 — 호출 851,598 실패 22 · 쌓인 날 3562
  [309/366] 20211105 — 호출 854,363 실패 22 · 쌓인 날 3572
  [310/366] 20211119 — 호출 857,128 실패 22 · 쌓인 날 3582
  [311/366] 20211203 — 호출 859,893 실패 22 · 쌓인 날 3592
  [312/366] 20211217 — 호출 862,658 실패 22 · 쌓인 날 3602
  [313/366] 20211231 — 호출 865,423 실패 22 · 쌓인 날 3612
  [314/366] 20220114 — 호출 868,188 실패 22 · 쌓인 날 3621
  [315/366] 20220128 — 호출 870,953 실패 22 · 쌓인 날 3631
  [316/366] 20220211 — 호출 873,718 실패 22 · 쌓인 날 3638
  [317/366] 20220225 — 호출 876,483 실패 22 · 쌓인 날 3648
  [318/366] 20220311 — 호출 879,248 실패 22 · 쌓인 날 3656
  [319/366] 20220325 — 호출 882,013 실패 22 · 쌓인 날 3666
  [320/366] 20220408 — 호출 884,778 실패 22 · 쌓인 날 3676
  [321/366] 20220422 — 호출 887,543 실패 22 · 쌓인 날 3686
  [322/366] 20220506 — 호출 890,308 실패 22 · 쌓인 날 3695
  [323/366] 20220520 — 호출 893,073 실패 22 · 쌓인 날 3705
  [324/366] 20220603 — 호출 895,838 실패 22 · 쌓인 날 3714
  [325/366] 20220617 — 호출 898,603 실패 22 · 쌓인 날 3723
  [326/366] 20220701 — 호출 901,368 실패 22 · 쌓인 날 3733
  [327/366] 20220715 — 호출 904,133 실패 22 · 쌓인 날 3743
  [328/366] 20220729 — 호출 906,898 실패 22 · 쌓인 날 3753
  [329/366] 20220812 — 호출 909,663 실패 22 · 쌓인 날 3763
  [330/366] 20220826 — 호출 912,428 실패 22 · 쌓인 날 3772
  [331/366] 20220909 — 호출 915,193 실패 22 · 쌓인 날 3782
  [332/366] 20220923 — 호출 917,958 실패 22 · 쌓인 날 3790
  [333/366] 20221007 — 호출 920,723 실패 22 · 쌓인 날 3799
  [334/366] 20221021 — 호출 923,488 실패 22 · 쌓인 날 3808
  [335/366] 20221104 — 호출 926,253 실패 22 · 쌓인 날 3818
  [336/366] 20221118 — 호출 929,018 실패 22 · 쌓인 날 3828
  [337/366] 20221202 — 호출 931,783 실패 22 · 쌓인 날 3838
  [338/366] 20221216 — 호출 934,548 실패 22 · 쌓인 날 3848
  [339/366] 20221230 — 호출 937,313 실패 22 · 쌓인 날 3858
  [340/366] 20230113 — 호출 940,078 실패 22 · 쌓인 날 3867
  [341/366] 20230127 — 호출 942,843 실패 22 · 쌓인 날 3875
  [342/366] 20230210 — 호출 945,608 실패 22 · 쌓인 날 3885
  [343/366] 20230224 — 호출 948,373 실패 22 · 쌓인 날 3895
  [344/366] 20230310 — 호출 951,138 실패 22 · 쌓인 날 3904
  [345/366] 20230324 — 호출 953,903 실패 22 · 쌓인 날 3914
  [346/366] 20230407 — 호출 956,668 실패 22 · 쌓인 날 3924
  [347/366] 20230421 — 호출 959,433 실패 22 · 쌓인 날 3934
  [348/366] 20230505 — 호출 962,198 실패 22 · 쌓인 날 3943
  [349/366] 20230519 — 호출 964,963 실패 22 · 쌓인 날 3952
  [350/366] 20230602 — 호출 967,728 실패 22 · 쌓인 날 3961
  [351/366] 20230616 — 호출 970,493 실패 22 · 쌓인 날 3970
  [352/366] 20230630 — 호출 973,258 실패 22 · 쌓인 날 3980
  [353/366] 20230714 — 호출 976,023 실패 22 · 쌓인 날 3990
  [354/366] 20230728 — 호출 978,788 실패 22 · 쌓인 날 4000
  [355/366] 20230811 — 호출 981,553 실패 22 · 쌓인 날 4010
  [356/366] 20230825 — 호출 984,318 실패 22 · 쌓인 날 4019
  [357/366] 20230908 — 호출 987,083 실패 22 · 쌓인 날 4029
  [358/366] 20230922 — 호출 989,848 실패 22 · 쌓인 날 4039
  [359/366] 20231006 — 호출 992,613 실패 22 · 쌓인 날 4045
  [360/366] 20231020 — 호출 995,378 실패 22 · 쌓인 날 4054
  [361/366] 20231103 — 호출 998,143 실패 22 · 쌓인 날 4064
  [362/366] 20231117 — 호출 1,000,908 실패 22 · 쌓인 날 4074
  [363/366] 20231201 — 호출 1,003,673 실패 22 · 쌓인 날 4084
  [364/366] 20231215 — 호출 1,006,438 실패 22 · 쌓인 날 4094
  [365/366] 20231229 — 호출 1,009,203 실패 22 · 쌓인 날 4102
  [366/366] 20240112 — 호출 1,011,968 실패 22 · 쌓인 날 4102
  끝
  거래일 4103일 · 채워진 날 1783일 (43%) · 남은 날 2320일
  이어받을 기준일 246개 · 종목 2765 · 예상 호출 680,190회 · 예상 시간 약 397분
  [1/246] 20100115 — 호출 2,765 실패 0 · 쌓인 날 4102
  [2/246] 20100129 — 호출 5,530 실패 0 · 쌓인 날 4102
  [3/246] 20100212 — 호출 8,295 실패 0 · 쌓인 날 4102
  [4/246] 20100226 — 호출 11,060 실패 0 · 쌓인 날 4102
