2026-09-10 21:02:32  ===== 빠진 자료 확인 · 20260910 (보기만) =====
2026-09-10 21:02:32    ✅ 주가(KRX)          마지막 20260909 · **1거래일** 밀림
2026-09-10 21:02:32    ✅ 지수(KRX)          마지막 20260909 · **1거래일** 밀림
2026-09-10 21:02:32    ✅ 수급(네이버)          마지막 20260910 · **0거래일** 밀림
2026-09-10 21:02:32    ✅ 공시(DART)         마지막 20260909 · **1거래일** 밀림
2026-09-10 21:02:32    ✅ 공시시각(KIND)       마지막 20260910 · **0거래일** 밀림
2026-09-10 21:02:32    ✅ ETF(KRX)         마지막 20260909 · **1거래일** 밀림
2026-09-10 21:02:32    ⇒ 빠진 것이 없다
2026-09-10 21:02:59  ===== 빠진 자료 확인 · 20260910 (보기만) =====
2026-09-10 21:02:59    ✅ 주가(KRX)          마지막 20260909 · **1거래일** 밀림
2026-09-10 21:02:59    ✅ 지수(KRX)          마지막 20260909 · **1거래일** 밀림
2026-09-10 21:02:59    ✅ 수급(네이버)          마지막 20260910 · **0거래일** 밀림
2026-09-10 21:02:59    ✅ 공시(DART)         마지막 20260909 · **1거래일** 밀림
2026-09-10 21:02:59    ✅ 공시시각(KIND)       마지막 20260910 · **0거래일** 밀림
2026-09-10 21:02:59    ✅ ETF(KRX)         마지막 20260909 · **1거래일** 밀림
2026-09-10 21:02:59    ⇒ 빠진 것이 없다
2026-09-11 09:28:37  ===== 빠진 자료 확인 · 20260911 (보기만) =====
2026-09-11 09:28:37    ✅ 주가(KRX)          마지막 20260910 · **1거래일** 밀림
2026-09-11 09:28:37    ✅ 지수(KRX)          마지막 20260910 · **1거래일** 밀림
2026-09-11 09:28:38    ✅ 수급(네이버)          마지막 20260910 · **1거래일** 밀림
2026-09-11 09:28:38    ✅ 공시(DART)         마지막 20260909 · **2거래일** 밀림
2026-09-11 09:28:38    ✅ 공시시각(KIND)       마지막 20260910 · **1거래일** 밀림
2026-09-11 09:28:38    ✅ ETF(KRX)         마지막 20260909 · **2거래일** 밀림
2026-09-11 09:28:38    ⇒ 빠진 것이 없다
2026-09-11 16:29:53  ===== 빠진 자료 확인 · 20260911 (보기만) =====
2026-09-11 16:29:53    ✅ 주가(KRX)          마지막 20260910 · **1거래일** 밀림
2026-09-11 16:29:53    ✅ 지수(KRX)          마지막 20260910 · **1거래일** 밀림
2026-09-11 16:29:53    ✅ 수급(네이버)          마지막 20260910 · **1거래일** 밀림
2026-09-11 16:29:53    ✅ 공시(DART)         마지막 20260909 · **2거래일** 밀림
2026-09-11 16:29:53    ✅ 공시시각(KIND)       마지막 20260910 · **1거래일** 밀림
2026-09-11 16:29:53    ✅ ETF(KRX)         마지막 20260910 · **1거래일** 밀림
2026-09-11 16:29:53    ⇒ 빠진 것이 없다
2026-09-11 19:17:34  ===== 빠진 자료 확인 · 20260911 (보기만) =====
2026-09-11 19:17:34    ✅ 주가(KRX)          마지막 20260910 · **1거래일** 밀림
2026-09-11 19:17:34    ✅ 지수(KRX)          마지막 20260910 · **1거래일** 밀림
2026-09-11 19:17:34    ✅ 수급(네이버)          마지막 20260911 · **0거래일** 밀림
2026-09-11 19:17:34    ✅ 공시(DART)         마지막 20260911 · **0거래일** 밀림
2026-09-11 19:17:34    ✅ 공시시각(KIND)       마지막 20260911 · **0거래일** 밀림
2026-09-11 19:17:34    ✅ ETF(KRX)         마지막 20260910 · **1거래일** 밀림
2026-09-11 19:17:34    ⇒ 빠진 것이 없다
2026-09-11 19:25:53  ===== 빠진 자료 확인 · 20260911 (보기만) =====
2026-09-11 19:25:53    ✅ 주가(KRX)          마지막 20260910 · **1거래일** 밀림
2026-09-11 19:25:53    ✅ 지수(KRX)          마지막 20260910 · **1거래일** 밀림
2026-09-11 19:25:53    ✅ 수급(네이버)          마지막 20260911 · **0거래일** 밀림
2026-09-11 19:25:53    ✅ 공시(DART)         마지막 20260911 · **0거래일** 밀림
2026-09-11 19:25:53    ✅ 공시시각(KIND)       마지막 20260911 · **0거래일** 밀림
2026-09-11 19:25:53    ✅ ETF(KRX)         마지막 20260910 · **1거래일** 밀림
2026-09-11 19:25:53    ✅ 뉴스(네이버)          마지막 갱신 2026-09-11 19:24 · **0일** 전
2026-09-11 19:25:54    ✅ 증자감자(DART)       마지막 갱신 2026-09-11 19:10 · **0일** 전
2026-09-11 19:25:54    ⇒ 빠진 것이 없다
2026-09-11 20:30:02  ===== 빠진 자료 확인 · 20260911 (채운다) =====
2026-09-11 20:30:02    ✅ 주가(KRX)          마지막 20260910 · **1거래일** 밀림
2026-09-11 20:30:02    ✅ 지수(KRX)          마지막 20260910 · **1거래일** 밀림
2026-09-11 20:30:02    ✅ 수급(네이버)          마지막 20260911 · **0거래일** 밀림
2026-09-11 20:30:02    ✅ 공시(DART)         마지막 20260911 · **0거래일** 밀림
2026-09-11 20:30:02    ✅ 공시시각(KIND)       마지막 20260911 · **0거래일** 밀림
2026-09-11 20:30:02    ✅ ETF(KRX)         마지막 20260910 · **1거래일** 밀림
2026-09-11 20:30:02    ✅ 뉴스(네이버)          마지막 갱신 2026-09-11 19:24 · **0일** 전
2026-09-11 20:30:02    ✅ 증자감자(DART)       마지막 갱신 2026-09-11 19:10 · **0일** 전
2026-09-11 20:30:02    ⇒ 빠진 것이 없다
