  거래일 648일 · 이미 받음 0일 · 받을 것 648일
  예상 호출 1,296회 · 예상 시간 약 8분
  --확인 이라 받지 않았다.
  거래일 648일 · 이미 받음 0일 · 받을 것 648일
  예상 호출 1,296회 · 예상 시간 약 8분
    100/648 — 받음 100 빈날 0
    200/648 — 받음 200 빈날 0
    300/648 — 받음 300 빈날 0
    400/648 — 받음 400 빈날 0
    500/648 — 받음 500 빈날 0
    600/648 — 받음 600 빈날 0
  끝 — 받음 648일 · 빈날 0일
  거래일 4048일 · 이미 받음 648일 · 받을 것 3400일
  예상 호출 6,800회 · 예상 시간 약 40분
    100/3400 — 받음 100 빈날 0
    200/3400 — 받음 200 빈날 0
  거래일 4102일 · 이미 받음 865일 · 받을 것 3237일
  예상 호출 6,474회 · 예상 시간 약 38분
    300/3400 — 받음 300 빈날 0
    100/3237 — 받음 100 빈날 0
    400/3400 — 받음 400 빈날 0
    200/3237 — 받음 200 빈날 0
    500/3400 — 받음 500 빈날 0
    300/3237 — 받음 300 빈날 0
    600/3400 — 받음 600 빈날 0
    400/3237 — 받음 400 빈날 0
    700/3400 — 받음 700 빈날 0
    500/3237 — 받음 500 빈날 0
    800/3400 — 받음 800 빈날 0
    600/3237 — 받음 600 빈날 0
    900/3400 — 받음 900 빈날 0
    700/3237 — 받음 700 빈날 0
    1000/3400 — 받음 1000 빈날 0
    800/3237 — 받음 800 빈날 0
    900/3237 — 받음 900 빈날 0
    1100/3400 — 받음 1100 빈날 0
    1200/3400 — 받음 1200 빈날 0
    1000/3237 — 받음 1000 빈날 0
    1300/3400 — 받음 1300 빈날 0
    1100/3237 — 받음 1100 빈날 0
    1400/3400 — 받음 1400 빈날 0
    1200/3237 — 받음 1200 빈날 0
    1300/3237 — 받음 1300 빈날 0
    1500/3400 — 받음 1500 빈날 0
    1400/3237 — 받음 1400 빈날 0
    1600/3400 — 받음 1600 빈날 0
    1500/3237 — 받음 1500 빈날 0
    1700/3400 — 받음 1700 빈날 0
    1800/3400 — 받음 1800 빈날 0
    1600/3237 — 받음 1600 빈날 0
    1900/3400 — 받음 1900 빈날 0
    1700/3237 — 받음 1700 빈날 0
    2000/3400 — 받음 2000 빈날 0
    1800/3237 — 받음 1800 빈날 0
    2100/3400 — 받음 2100 빈날 0
    1900/3237 — 받음 1900 빈날 0
    2200/3400 — 받음 2200 빈날 0
    2000/3237 — 받음 2000 빈날 0
    2300/3400 — 받음 2300 빈날 0
    2100/3237 — 받음 2100 빈날 0
    2400/3400 — 받음 2400 빈날 0
    2200/3237 — 받음 2200 빈날 0
    2500/3400 — 받음 2500 빈날 0
    2300/3237 — 받음 2300 빈날 0
    2600/3400 — 받음 2600 빈날 0
    2400/3237 — 받음 2400 빈날 0
    2700/3400 — 받음 2700 빈날 0
    2500/3237 — 받음 2500 빈날 0
    2800/3400 — 받음 2800 빈날 0
    2600/3237 — 받음 2600 빈날 0
    2900/3400 — 받음 2900 빈날 0
    2700/3237 — 받음 2700 빈날 0
    3000/3400 — 받음 3000 빈날 0
    2800/3237 — 받음 2800 빈날 0
    3100/3400 — 받음 3100 빈날 0
    2900/3237 — 받음 2900 빈날 0
    3200/3400 — 받음 3200 빈날 0
    3000/3237 — 받음 3000 빈날 0
    3300/3400 — 받음 3300 빈날 0
    3100/3237 — 받음 3100 빈날 0
    3400/3400 — 받음 3400 빈날 0
  끝 — 받음 3400일 · 빈날 0일
    3200/3237 — 받음 3200 빈날 0
  끝 — 받음 3237일 · 빈날 0일
  거래일 4103일 · 이미 받음 4102일 · 받을 것 1일
  예상 호출 2회 · 예상 시간 약 0분
  끝 — 받음 1일 · 빈날 0일
  거래일 4103일 · 이미 받음 4103일 · 받을 것 0일
  예상 호출 0회 · 예상 시간 약 0분
  받을 것이 없다.
  거래일 4103일 · 이미 받음 4103일 · 받을 것 0일
  예상 호출 0회 · 예상 시간 약 0분
  받을 것이 없다.
  거래일 4104일 · 이미 받음 4103일 · 받을 것 1일
  예상 호출 2회 · 예상 시간 약 0분
  끝 — 받음 1일 · 빈날 0일
  거래일 4105일 · 이미 받음 4104일 · 받을 것 1일
  예상 호출 2회 · 예상 시간 약 0분
  끝 — 받음 1일 · 빈날 0일
  거래일 4105일 · 이미 받음 4105일 · 받을 것 0일
  예상 호출 0회 · 예상 시간 약 0분
  받을 것이 없다.
  거래일 4106일 · 이미 받음 4105일 · 받을 것 1일
  예상 호출 2회 · 예상 시간 약 0분
  끝 — 받음 1일 · 빈날 0일
  거래일 4106일 · 이미 받음 4106일 · 받을 것 0일
  예상 호출 0회 · 예상 시간 약 0분
  받을 것이 없다.
  거래일 4107일 · 이미 받음 4106일 · 받을 것 1일
  예상 호출 2회 · 예상 시간 약 0분
  끝 — 받음 1일 · 빈날 0일
  거래일 4108일 · 이미 받음 4107일 · 받을 것 1일
  예상 호출 2회 · 예상 시간 약 0분
  끝 — 받음 1일 · 빈날 0일
  거래일 4108일 · 이미 받음 4108일 · 받을 것 0일
  예상 호출 0회 · 예상 시간 약 0분
  받을 것이 없다.
  거래일 4109일 · 이미 받음 4108일 · 받을 것 1일
  예상 호출 2회 · 예상 시간 약 0분
  끝 — 받음 1일 · 빈날 0일
  거래일 4109일 · 이미 받음 4109일 · 받을 것 0일
  예상 호출 0회 · 예상 시간 약 0분
  받을 것이 없다.
