2026-09-09 19:10:20  ===== 20260909 ETF·파생이 언제 오나 · 20분 간격 =====
2026-09-09 19:10:21    … ETF:없음 · 주식선물(유가):없음 · 선물:없음 · 국고채:없음
2026-09-09 19:30:22    … ETF:없음 · 주식선물(유가):없음 · 선물:없음 · 국고채:없음
2026-09-09 19:50:22    … ETF:없음 · 주식선물(유가):없음 · 선물:없음 · 국고채:없음
2026-09-09 20:10:23    … ETF:없음 · 주식선물(유가):없음 · 선물:없음 · 국고채:없음
2026-09-09 20:30:23    … ETF:없음 · 주식선물(유가):없음 · 선물:없음 · 국고채:없음
2026-09-09 20:50:24    … ETF:없음 · 주식선물(유가):없음 · 선물:없음 · 국고채:없음
2026-09-09 21:10:25    … ETF:없음 · 주식선물(유가):없음 · 선물:없음 · 국고채:없음
2026-09-09 21:30:25    … ETF:없음 · 주식선물(유가):없음 · 선물:없음 · 국고채:없음
2026-09-09 21:50:26    … ETF:없음 · 주식선물(유가):없음 · 선물:없음 · 국고채:없음
2026-09-09 22:10:26    … ETF:없음 · 주식선물(유가):없음 · 선물:없음 · 국고채:없음
2026-09-09 22:30:27    … ETF:없음 · 주식선물(유가):없음 · 선물:없음 · 국고채:없음
2026-09-09 22:50:28    … ETF:없음 · 주식선물(유가):없음 · 선물:없음 · 국고채:없음
2026-09-09 23:10:29    … ETF:없음 · 주식선물(유가):없음 · 선물:없음 · 국고채:없음
2026-09-09 23:30:29    … ETF:없음 · 주식선물(유가):없음 · 선물:없음 · 국고채:없음
2026-09-09 23:50:30    … ETF:없음 · 주식선물(유가):없음 · 선물:없음 · 국고채:없음
2026-09-10 00:10:30    … ETF:없음 · 주식선물(유가):없음 · 선물:없음 · 국고채:없음
2026-09-10 00:30:31    … ETF:없음 · 주식선물(유가):없음 · 선물:없음 · 국고채:없음
2026-09-10 00:50:31    … ETF:없음 · 주식선물(유가):없음 · 선물:없음 · 국고채:없음
2026-09-10 01:10:32    … ETF:없음 · 주식선물(유가):없음 · 선물:없음 · 국고채:없음
2026-09-10 01:30:32    … ETF:없음 · 주식선물(유가):없음 · 선물:없음 · 국고채:없음
2026-09-10 01:50:33    … ETF:없음 · 주식선물(유가):없음 · 선물:없음 · 국고채:없음
2026-09-10 02:10:33    … ETF:없음 · 주식선물(유가):없음 · 선물:없음 · 국고채:없음
2026-09-10 02:30:34    … ETF:없음 · 주식선물(유가):없음 · 선물:없음 · 국고채:없음
2026-09-10 02:50:34    … ETF:없음 · 주식선물(유가):없음 · 선물:없음 · 국고채:없음
2026-09-10 03:10:35    … ETF:없음 · 주식선물(유가):없음 · 선물:없음 · 국고채:없음
2026-09-10 03:30:35    … ETF:없음 · 주식선물(유가):없음 · 선물:없음 · 국고채:없음
2026-09-10 03:50:36    … ETF:없음 · 주식선물(유가):없음 · 선물:없음 · 국고채:없음
2026-09-10 04:10:36    … ETF:없음 · 주식선물(유가):없음 · 선물:없음 · 국고채:없음
2026-09-10 04:30:36    … ETF:없음 · 주식선물(유가):없음 · 선물:없음 · 국고채:없음
2026-09-10 04:50:37    … ETF:없음 · 주식선물(유가):없음 · 선물:없음 · 국고채:없음
2026-09-10 05:10:37    … ETF:없음 · 주식선물(유가):없음 · 선물:없음 · 국고채:없음
2026-09-10 05:30:38    … ETF:없음 · 주식선물(유가):없음 · 선물:없음 · 국고채:없음
2026-09-10 05:50:38    … ETF:없음 · 주식선물(유가):없음 · 선물:없음 · 국고채:없음
2026-09-10 06:10:39    … ETF:없음 · 주식선물(유가):없음 · 선물:없음 · 국고채:없음
2026-09-10 06:30:39    … ETF:없음 · 주식선물(유가):없음 · 선물:없음 · 국고채:없음
2026-09-10 06:50:40    … ETF:없음 · 주식선물(유가):없음 · 선물:없음 · 국고채:없음
2026-09-10 07:10:40    … ETF:없음 · 주식선물(유가):없음 · 선물:없음 · 국고채:없음
2026-09-10 07:30:41    … ETF:없음 · 주식선물(유가):없음 · 선물:없음 · 국고채:없음
2026-09-10 07:50:41    … ETF:없음 · 주식선물(유가):없음 · 선물:없음 · 국고채:없음
2026-09-10 08:10:42    ⭐ **ETF** 도착 — 1,168줄
2026-09-10 08:10:44    ⭐ **주식선물(유가)** 도착 — 2,269줄
2026-09-10 08:10:44    ⭐ **선물** 도착 — 385줄
2026-09-10 08:10:44    ⭐ **국고채** 도착 — 10줄
2026-09-10 08:10:44  ===== 끝 =====
2026-09-10 08:10:44    ETF             08:10
2026-09-10 08:10:44    주식선물(유가)        08:10
2026-09-10 08:10:44    선물              08:10
2026-09-10 08:10:44    국고채             08:10
2026-09-10 08:10:44  
  ⇒ **08:10 뒤**에 받아야 그날 자료를 받는다
2026-09-10 08:10:44       저녁(19:00)보다 늦으면 **아침으로 옮겨야 한다**
2026-09-11 09:25:34  ===== 20260911 ETF·파생이 언제 오나 · 2분 간격 =====
2026-09-11 09:25:35    … ETF:없음 · 주식선물(유가):없음 · 선물:없음 · 국고채:없음
