2026-09-08 19:02:07  ===== 20260908 종가가 언제 오나 · 20분 간격 =====
2026-09-08 19:02:07    … 유가증권:없음 · 코스닥:없음 · 코스닥지수:없음
2026-09-08 19:22:07    … 유가증권:없음 · 코스닥:없음 · 코스닥지수:없음
2026-09-08 19:42:07    … 유가증권:없음 · 코스닥:없음 · 코스닥지수:없음
2026-09-08 20:02:08    … 유가증권:없음 · 코스닥:없음 · 코스닥지수:없음
2026-09-08 20:22:08    … 유가증권:없음 · 코스닥:없음 · 코스닥지수:없음
2026-09-08 20:42:08    … 유가증권:없음 · 코스닥:없음 · 코스닥지수:없음
2026-09-08 21:02:08    … 유가증권:없음 · 코스닥:없음 · 코스닥지수:없음
2026-09-08 21:22:09    … 유가증권:없음 · 코스닥:없음 · 코스닥지수:없음
2026-09-08 21:42:09    … 유가증권:없음 · 코스닥:없음 · 코스닥지수:없음
2026-09-08 22:02:10    … 유가증권:없음 · 코스닥:없음 · 코스닥지수:없음
2026-09-08 22:22:10    … 유가증권:없음 · 코스닥:없음 · 코스닥지수:없음
2026-09-08 22:42:10    … 유가증권:없음 · 코스닥:없음 · 코스닥지수:없음
2026-09-08 23:02:10    … 유가증권:없음 · 코스닥:없음 · 코스닥지수:없음
2026-09-08 23:22:11    … 유가증권:없음 · 코스닥:없음 · 코스닥지수:없음
2026-09-08 23:42:11    … 유가증권:없음 · 코스닥:없음 · 코스닥지수:없음
2026-09-09 00:02:14    … 유가증권:없음 · 코스닥:없음 · 코스닥지수:없음
2026-09-09 00:22:17    … 유가증권:없음 · 코스닥:없음 · 코스닥지수:없음
2026-09-09 00:42:21    … 유가증권:없음 · 코스닥:없음 · 코스닥지수:없음
2026-09-09 01:02:24    … 유가증권:없음 · 코스닥:없음 · 코스닥지수:없음
2026-09-09 01:22:27    … 유가증권:없음 · 코스닥:없음 · 코스닥지수:없음
2026-09-09 01:42:29    … 유가증권:없음 · 코스닥:없음 · 코스닥지수:없음
2026-09-09 02:02:33    … 유가증권:없음 · 코스닥:없음 · 코스닥지수:없음
2026-09-09 02:22:36    … 유가증권:없음 · 코스닥:없음 · 코스닥지수:없음
2026-09-09 02:42:39    … 유가증권:없음 · 코스닥:없음 · 코스닥지수:없음
2026-09-09 03:02:42    … 유가증권:없음 · 코스닥:없음 · 코스닥지수:없음
2026-09-09 03:22:45    … 유가증권:없음 · 코스닥:없음 · 코스닥지수:없음
2026-09-09 03:42:48    … 유가증권:없음 · 코스닥:없음 · 코스닥지수:없음
2026-09-09 04:02:51    … 유가증권:없음 · 코스닥:없음 · 코스닥지수:없음
2026-09-09 04:22:54    … 유가증권:없음 · 코스닥:없음 · 코스닥지수:없음
2026-09-09 04:42:56    … 유가증권:없음 · 코스닥:없음 · 코스닥지수:없음
2026-09-09 05:02:59    … 유가증권:없음 · 코스닥:없음 · 코스닥지수:없음
2026-09-09 05:23:02    … 유가증권:없음 · 코스닥:없음 · 코스닥지수:없음
2026-09-09 05:43:05    … 유가증권:없음 · 코스닥:없음 · 코스닥지수:없음
2026-09-09 06:03:07    … 유가증권:없음 · 코스닥:없음 · 코스닥지수:없음
2026-09-09 06:23:10    … 유가증권:없음 · 코스닥:없음 · 코스닥지수:없음
2026-09-09 06:43:13    … 유가증권:없음 · 코스닥:없음 · 코스닥지수:없음
2026-09-09 07:03:16    … 유가증권:없음 · 코스닥:없음 · 코스닥지수:없음
2026-09-09 07:23:19    … 유가증권:없음 · 코스닥:없음 · 코스닥지수:없음
2026-09-09 07:43:21    … 유가증권:없음 · 코스닥:없음 · 코스닥지수:없음
2026-09-09 08:03:23    ⭐ **유가증권** 도착 — 943줄
2026-09-09 08:03:25    ⭐ **코스닥** 도착 — 1,822줄
2026-09-09 08:03:25    ⭐ **코스닥지수** 도착 — 40줄
2026-09-09 08:03:25  ===== 끝 =====
2026-09-09 08:03:25    유가증권        08:03
2026-09-09 08:03:25    코스닥         08:03
2026-09-09 08:03:25    코스닥지수       08:03
2026-09-09 08:03:25  
  ⇒ 저녁 수집을 **08:03 뒤**로 옮기면 그날 자료를 받는다
2026-09-09 10:35:32  ===== 20260909 종가가 언제 오나 · 5분 간격 =====
2026-09-09 10:35:32    … 유가증권:없음 · 코스닥:없음 · 코스닥지수:없음
2026-09-09 10:40:32    … 유가증권:없음 · 코스닥:없음 · 코스닥지수:없음
2026-09-09 10:45:33    … 유가증권:없음 · 코스닥:없음 · 코스닥지수:없음
2026-09-09 10:50:33    … 유가증권:없음 · 코스닥:없음 · 코스닥지수:없음
2026-09-09 10:55:33    … 유가증권:없음 · 코스닥:없음 · 코스닥지수:없음
2026-09-09 11:00:33    … 유가증권:없음 · 코스닥:없음 · 코스닥지수:없음
2026-09-09 11:05:34    … 유가증권:없음 · 코스닥:없음 · 코스닥지수:없음
2026-09-09 11:10:34    … 유가증권:없음 · 코스닥:없음 · 코스닥지수:없음
2026-09-09 11:15:34    … 유가증권:없음 · 코스닥:없음 · 코스닥지수:없음
2026-09-09 11:20:35    … 유가증권:없음 · 코스닥:없음 · 코스닥지수:없음
2026-09-09 11:25:35    … 유가증권:없음 · 코스닥:없음 · 코스닥지수:없음
2026-09-09 11:30:35    … 유가증권:없음 · 코스닥:없음 · 코스닥지수:없음
2026-09-09 11:35:35    … 유가증권:없음 · 코스닥:없음 · 코스닥지수:없음
2026-09-09 11:40:35    … 유가증권:없음 · 코스닥:없음 · 코스닥지수:없음
2026-09-09 11:45:36    … 유가증권:없음 · 코스닥:없음 · 코스닥지수:없음
2026-09-09 11:50:36    … 유가증권:없음 · 코스닥:없음 · 코스닥지수:없음
2026-09-09 11:55:36    … 유가증권:없음 · 코스닥:없음 · 코스닥지수:없음
2026-09-09 12:00:36    … 유가증권:없음 · 코스닥:없음 · 코스닥지수:없음
2026-09-09 12:05:37    … 유가증권:없음 · 코스닥:없음 · 코스닥지수:없음
2026-09-09 12:10:37    … 유가증권:없음 · 코스닥:없음 · 코스닥지수:없음
2026-09-09 12:15:37    … 유가증권:없음 · 코스닥:없음 · 코스닥지수:없음
2026-09-09 12:20:37    … 유가증권:없음 · 코스닥:없음 · 코스닥지수:없음
2026-09-09 12:25:38    … 유가증권:없음 · 코스닥:없음 · 코스닥지수:없음
2026-09-09 12:30:38    … 유가증권:없음 · 코스닥:없음 · 코스닥지수:없음
2026-09-09 12:35:38    … 유가증권:없음 · 코스닥:없음 · 코스닥지수:없음
2026-09-09 12:40:38    … 유가증권:없음 · 코스닥:없음 · 코스닥지수:없음
2026-09-09 12:45:39    … 유가증권:없음 · 코스닥:없음 · 코스닥지수:없음
2026-09-09 12:50:39    … 유가증권:없음 · 코스닥:없음 · 코스닥지수:없음
2026-09-09 12:55:39    … 유가증권:없음 · 코스닥:없음 · 코스닥지수:없음
2026-09-09 13:00:39    … 유가증권:없음 · 코스닥:없음 · 코스닥지수:없음
2026-09-09 13:05:39    … 유가증권:없음 · 코스닥:없음 · 코스닥지수:없음
2026-09-09 13:10:40    … 유가증권:없음 · 코스닥:없음 · 코스닥지수:없음
2026-09-09 13:15:40    … 유가증권:없음 · 코스닥:없음 · 코스닥지수:없음
2026-09-09 13:20:40    … 유가증권:없음 · 코스닥:없음 · 코스닥지수:없음
2026-09-09 13:25:40    … 유가증권:없음 · 코스닥:없음 · 코스닥지수:없음
2026-09-09 13:30:41    … 유가증권:없음 · 코스닥:없음 · 코스닥지수:없음
2026-09-09 13:35:41    … 유가증권:없음 · 코스닥:없음 · 코스닥지수:없음
2026-09-09 13:40:41    … 유가증권:없음 · 코스닥:없음 · 코스닥지수:없음
2026-09-09 13:45:42    … 유가증권:없음 · 코스닥:없음 · 코스닥지수:없음
2026-09-09 13:50:42    … 유가증권:없음 · 코스닥:없음 · 코스닥지수:없음
2026-09-09 13:55:42    … 유가증권:없음 · 코스닥:없음 · 코스닥지수:없음
2026-09-09 14:00:43    … 유가증권:없음 · 코스닥:없음 · 코스닥지수:없음
2026-09-09 14:05:43    … 유가증권:없음 · 코스닥:없음 · 코스닥지수:없음
2026-09-09 14:10:43    … 유가증권:없음 · 코스닥:없음 · 코스닥지수:없음
2026-09-09 14:15:43    … 유가증권:없음 · 코스닥:없음 · 코스닥지수:없음
2026-09-09 14:20:44    … 유가증권:없음 · 코스닥:없음 · 코스닥지수:없음
2026-09-09 14:25:44    … 유가증권:없음 · 코스닥:없음 · 코스닥지수:없음
2026-09-09 14:30:44    … 유가증권:없음 · 코스닥:없음 · 코스닥지수:없음
2026-09-09 14:35:45    … 유가증권:없음 · 코스닥:없음 · 코스닥지수:없음
2026-09-09 14:40:45    … 유가증권:없음 · 코스닥:없음 · 코스닥지수:없음
2026-09-09 14:45:45    … 유가증권:없음 · 코스닥:없음 · 코스닥지수:없음
2026-09-09 14:50:45    … 유가증권:없음 · 코스닥:없음 · 코스닥지수:없음
2026-09-09 14:55:46    … 유가증권:없음 · 코스닥:없음 · 코스닥지수:없음
2026-09-09 15:00:46    … 유가증권:없음 · 코스닥:없음 · 코스닥지수:없음
2026-09-09 15:05:46    … 유가증권:없음 · 코스닥:없음 · 코스닥지수:없음
2026-09-09 15:10:47    … 유가증권:없음 · 코스닥:없음 · 코스닥지수:없음
2026-09-09 15:15:47    … 유가증권:없음 · 코스닥:없음 · 코스닥지수:없음
2026-09-09 15:20:47    … 유가증권:없음 · 코스닥:없음 · 코스닥지수:없음
2026-09-09 15:25:48    … 유가증권:없음 · 코스닥:없음 · 코스닥지수:없음
2026-09-09 15:30:48    … 유가증권:없음 · 코스닥:없음 · 코스닥지수:없음
2026-09-09 15:35:48    … 유가증권:없음 · 코스닥:없음 · 코스닥지수:없음
2026-09-09 15:40:49    … 유가증권:없음 · 코스닥:없음 · 코스닥지수:없음
2026-09-09 15:45:49    … 유가증권:없음 · 코스닥:없음 · 코스닥지수:없음
2026-09-09 15:50:49    … 유가증권:없음 · 코스닥:없음 · 코스닥지수:없음
2026-09-09 15:55:50    … 유가증권:없음 · 코스닥:없음 · 코스닥지수:없음
2026-09-09 16:00:50    … 유가증권:없음 · 코스닥:없음 · 코스닥지수:없음
2026-09-09 16:05:50    … 유가증권:없음 · 코스닥:없음 · 코스닥지수:없음
2026-09-09 16:10:50    … 유가증권:없음 · 코스닥:없음 · 코스닥지수:없음
2026-09-09 16:15:50    … 유가증권:없음 · 코스닥:없음 · 코스닥지수:없음
2026-09-09 16:20:51    … 유가증권:없음 · 코스닥:없음 · 코스닥지수:없음
2026-09-09 16:25:51    … 유가증권:없음 · 코스닥:없음 · 코스닥지수:없음
2026-09-09 16:30:51    … 유가증권:없음 · 코스닥:없음 · 코스닥지수:없음
2026-09-09 16:35:51    … 유가증권:없음 · 코스닥:없음 · 코스닥지수:없음
2026-09-09 16:40:51    … 유가증권:없음 · 코스닥:없음 · 코스닥지수:없음
2026-09-09 16:45:52    … 유가증권:없음 · 코스닥:없음 · 코스닥지수:없음
2026-09-09 16:50:52    … 유가증권:없음 · 코스닥:없음 · 코스닥지수:없음
2026-09-09 16:55:52    … 유가증권:없음 · 코스닥:없음 · 코스닥지수:없음
2026-09-09 17:00:52    … 유가증권:없음 · 코스닥:없음 · 코스닥지수:없음
2026-09-09 17:05:53    … 유가증권:없음 · 코스닥:없음 · 코스닥지수:없음
2026-09-09 17:10:53    … 유가증권:없음 · 코스닥:없음 · 코스닥지수:없음
2026-09-09 17:15:53    … 유가증권:없음 · 코스닥:없음 · 코스닥지수:없음
2026-09-09 17:20:53    … 유가증권:없음 · 코스닥:없음 · 코스닥지수:없음
2026-09-09 17:25:54    … 유가증권:없음 · 코스닥:없음 · 코스닥지수:없음
2026-09-09 17:30:54    … 유가증권:없음 · 코스닥:없음 · 코스닥지수:없음
2026-09-09 17:35:54    … 유가증권:없음 · 코스닥:없음 · 코스닥지수:없음
2026-09-09 17:40:54    … 유가증권:없음 · 코스닥:없음 · 코스닥지수:없음
2026-09-09 17:45:55    … 유가증권:없음 · 코스닥:없음 · 코스닥지수:없음
2026-09-09 17:50:55    … 유가증권:없음 · 코스닥:없음 · 코스닥지수:없음
2026-09-09 17:55:55    … 유가증권:없음 · 코스닥:없음 · 코스닥지수:없음
2026-09-09 18:00:56    … 유가증권:없음 · 코스닥:없음 · 코스닥지수:없음
2026-09-09 18:05:56    … 유가증권:없음 · 코스닥:없음 · 코스닥지수:없음
2026-09-09 18:10:56    … 유가증권:없음 · 코스닥:없음 · 코스닥지수:없음
2026-09-09 18:15:56    … 유가증권:없음 · 코스닥:없음 · 코스닥지수:없음
2026-09-09 18:20:57    … 유가증권:없음 · 코스닥:없음 · 코스닥지수:없음
2026-09-09 18:25:57    … 유가증권:없음 · 코스닥:없음 · 코스닥지수:없음
2026-09-09 18:30:57    … 유가증권:없음 · 코스닥:없음 · 코스닥지수:없음
2026-09-09 18:35:57    … 유가증권:없음 · 코스닥:없음 · 코스닥지수:없음
2026-09-09 18:40:58    … 유가증권:없음 · 코스닥:없음 · 코스닥지수:없음
2026-09-09 18:45:58    … 유가증권:없음 · 코스닥:없음 · 코스닥지수:없음
2026-09-09 18:50:58    … 유가증권:없음 · 코스닥:없음 · 코스닥지수:없음
2026-09-09 18:55:58    … 유가증권:없음 · 코스닥:없음 · 코스닥지수:없음
2026-09-09 19:00:59    … 유가증권:없음 · 코스닥:없음 · 코스닥지수:없음
2026-09-09 19:05:59    … 유가증권:없음 · 코스닥:없음 · 코스닥지수:없음
2026-09-09 19:10:59    … 유가증권:없음 · 코스닥:없음 · 코스닥지수:없음
2026-09-09 19:15:59    … 유가증권:없음 · 코스닥:없음 · 코스닥지수:없음
2026-09-09 19:20:59    … 유가증권:없음 · 코스닥:없음 · 코스닥지수:없음
2026-09-09 19:25:59    … 유가증권:없음 · 코스닥:없음 · 코스닥지수:없음
2026-09-09 19:31:00    … 유가증권:없음 · 코스닥:없음 · 코스닥지수:없음
2026-09-09 19:36:00    … 유가증권:없음 · 코스닥:없음 · 코스닥지수:없음
2026-09-09 19:41:00    … 유가증권:없음 · 코스닥:없음 · 코스닥지수:없음
2026-09-09 19:46:01    … 유가증권:없음 · 코스닥:없음 · 코스닥지수:없음
2026-09-09 19:51:01    … 유가증권:없음 · 코스닥:없음 · 코스닥지수:없음
2026-09-09 19:56:01    … 유가증권:없음 · 코스닥:없음 · 코스닥지수:없음
2026-09-09 20:01:01    … 유가증권:없음 · 코스닥:없음 · 코스닥지수:없음
2026-09-09 20:06:01    … 유가증권:없음 · 코스닥:없음 · 코스닥지수:없음
2026-09-09 20:11:02    … 유가증권:없음 · 코스닥:없음 · 코스닥지수:없음
2026-09-09 20:16:02    … 유가증권:없음 · 코스닥:없음 · 코스닥지수:없음
2026-09-09 20:21:02    … 유가증권:없음 · 코스닥:없음 · 코스닥지수:없음
2026-09-09 20:26:02    … 유가증권:없음 · 코스닥:없음 · 코스닥지수:없음
2026-09-09 20:31:02    … 유가증권:없음 · 코스닥:없음 · 코스닥지수:없음
2026-09-09 20:36:03    … 유가증권:없음 · 코스닥:없음 · 코스닥지수:없음
2026-09-09 20:41:03    … 유가증권:없음 · 코스닥:없음 · 코스닥지수:없음
2026-09-09 20:46:03    … 유가증권:없음 · 코스닥:없음 · 코스닥지수:없음
2026-09-09 20:51:03    … 유가증권:없음 · 코스닥:없음 · 코스닥지수:없음
2026-09-09 20:56:04    … 유가증권:없음 · 코스닥:없음 · 코스닥지수:없음
2026-09-09 21:01:04    … 유가증권:없음 · 코스닥:없음 · 코스닥지수:없음
2026-09-09 21:06:04    … 유가증권:없음 · 코스닥:없음 · 코스닥지수:없음
2026-09-09 21:11:05    … 유가증권:없음 · 코스닥:없음 · 코스닥지수:없음
2026-09-09 21:16:05    … 유가증권:없음 · 코스닥:없음 · 코스닥지수:없음
2026-09-09 21:21:05    … 유가증권:없음 · 코스닥:없음 · 코스닥지수:없음
2026-09-09 21:26:06    … 유가증권:없음 · 코스닥:없음 · 코스닥지수:없음
2026-09-09 21:31:06    … 유가증권:없음 · 코스닥:없음 · 코스닥지수:없음
2026-09-09 21:36:06    … 유가증권:없음 · 코스닥:없음 · 코스닥지수:없음
2026-09-09 21:41:06    … 유가증권:없음 · 코스닥:없음 · 코스닥지수:없음
2026-09-09 21:46:07    … 유가증권:없음 · 코스닥:없음 · 코스닥지수:없음
2026-09-09 21:51:07    … 유가증권:없음 · 코스닥:없음 · 코스닥지수:없음
2026-09-09 21:56:07    … 유가증권:없음 · 코스닥:없음 · 코스닥지수:없음
2026-09-09 22:01:07    … 유가증권:없음 · 코스닥:없음 · 코스닥지수:없음
2026-09-09 22:06:08    … 유가증권:없음 · 코스닥:없음 · 코스닥지수:없음
2026-09-09 22:11:08    … 유가증권:없음 · 코스닥:없음 · 코스닥지수:없음
2026-09-09 22:16:08    … 유가증권:없음 · 코스닥:없음 · 코스닥지수:없음
2026-09-09 22:21:08    … 유가증권:없음 · 코스닥:없음 · 코스닥지수:없음
2026-09-09 22:26:09    … 유가증권:없음 · 코스닥:없음 · 코스닥지수:없음
2026-09-09 22:31:09    … 유가증권:없음 · 코스닥:없음 · 코스닥지수:없음
2026-09-09 22:36:09    … 유가증권:없음 · 코스닥:없음 · 코스닥지수:없음
2026-09-09 22:41:09    … 유가증권:없음 · 코스닥:없음 · 코스닥지수:없음
2026-09-09 22:46:10    … 유가증권:없음 · 코스닥:없음 · 코스닥지수:없음
2026-09-09 22:51:10    … 유가증권:없음 · 코스닥:없음 · 코스닥지수:없음
2026-09-09 22:56:10    … 유가증권:없음 · 코스닥:없음 · 코스닥지수:없음
2026-09-09 23:01:10    … 유가증권:없음 · 코스닥:없음 · 코스닥지수:없음
2026-09-09 23:06:10    … 유가증권:없음 · 코스닥:없음 · 코스닥지수:없음
2026-09-09 23:11:11    … 유가증권:없음 · 코스닥:없음 · 코스닥지수:없음
2026-09-09 23:16:11    … 유가증권:없음 · 코스닥:없음 · 코스닥지수:없음
2026-09-09 23:21:11    … 유가증권:없음 · 코스닥:없음 · 코스닥지수:없음
2026-09-09 23:26:11    … 유가증권:없음 · 코스닥:없음 · 코스닥지수:없음
2026-09-09 23:31:11    … 유가증권:없음 · 코스닥:없음 · 코스닥지수:없음
2026-09-09 23:36:12    … 유가증권:없음 · 코스닥:없음 · 코스닥지수:없음
2026-09-09 23:41:12    … 유가증권:없음 · 코스닥:없음 · 코스닥지수:없음
2026-09-09 23:46:12    … 유가증권:없음 · 코스닥:없음 · 코스닥지수:없음
2026-09-09 23:51:12    … 유가증권:없음 · 코스닥:없음 · 코스닥지수:없음
2026-09-09 23:56:13    … 유가증권:없음 · 코스닥:없음 · 코스닥지수:없음
2026-09-10 00:01:15    … 유가증권:없음 · 코스닥:없음 · 코스닥지수:없음
2026-09-10 00:06:18    … 유가증권:없음 · 코스닥:없음 · 코스닥지수:없음
2026-09-10 00:11:21    … 유가증권:없음 · 코스닥:없음 · 코스닥지수:없음
2026-09-10 00:16:24    … 유가증권:없음 · 코스닥:없음 · 코스닥지수:없음
2026-09-10 00:21:27    … 유가증권:없음 · 코스닥:없음 · 코스닥지수:없음
2026-09-10 00:26:30    … 유가증권:없음 · 코스닥:없음 · 코스닥지수:없음
2026-09-10 00:31:33    … 유가증권:없음 · 코스닥:없음 · 코스닥지수:없음
2026-09-10 00:36:35    … 유가증권:없음 · 코스닥:없음 · 코스닥지수:없음
2026-09-10 00:41:38    … 유가증권:없음 · 코스닥:없음 · 코스닥지수:없음
2026-09-10 00:46:41    … 유가증권:없음 · 코스닥:없음 · 코스닥지수:없음
2026-09-10 00:51:44    … 유가증권:없음 · 코스닥:없음 · 코스닥지수:없음
2026-09-10 00:56:47    … 유가증권:없음 · 코스닥:없음 · 코스닥지수:없음
2026-09-10 01:01:50    … 유가증권:없음 · 코스닥:없음 · 코스닥지수:없음
2026-09-10 01:06:53    … 유가증권:없음 · 코스닥:없음 · 코스닥지수:없음
2026-09-10 01:11:56    … 유가증권:없음 · 코스닥:없음 · 코스닥지수:없음
2026-09-10 01:16:59    … 유가증권:없음 · 코스닥:없음 · 코스닥지수:없음
2026-09-10 01:22:02    … 유가증권:없음 · 코스닥:없음 · 코스닥지수:없음
2026-09-10 01:27:05    … 유가증권:없음 · 코스닥:없음 · 코스닥지수:없음
2026-09-10 01:32:08    … 유가증권:없음 · 코스닥:없음 · 코스닥지수:없음
2026-09-10 01:37:11    … 유가증권:없음 · 코스닥:없음 · 코스닥지수:없음
2026-09-10 01:42:14    … 유가증권:없음 · 코스닥:없음 · 코스닥지수:없음
2026-09-10 01:47:17    … 유가증권:없음 · 코스닥:없음 · 코스닥지수:없음
2026-09-10 01:52:20    … 유가증권:없음 · 코스닥:없음 · 코스닥지수:없음
2026-09-10 01:57:23    … 유가증권:없음 · 코스닥:없음 · 코스닥지수:없음
2026-09-10 02:02:25    … 유가증권:없음 · 코스닥:없음 · 코스닥지수:없음
2026-09-10 02:07:28    … 유가증권:없음 · 코스닥:없음 · 코스닥지수:없음
2026-09-10 02:12:32    … 유가증권:없음 · 코스닥:없음 · 코스닥지수:없음
2026-09-10 02:17:35    … 유가증권:없음 · 코스닥:없음 · 코스닥지수:없음
2026-09-10 02:22:38    … 유가증권:없음 · 코스닥:없음 · 코스닥지수:없음
2026-09-10 02:27:41    … 유가증권:없음 · 코스닥:없음 · 코스닥지수:없음
2026-09-10 02:32:44    … 유가증권:없음 · 코스닥:없음 · 코스닥지수:없음
2026-09-10 02:37:47    … 유가증권:없음 · 코스닥:없음 · 코스닥지수:없음
2026-09-10 02:42:50    … 유가증권:없음 · 코스닥:없음 · 코스닥지수:없음
2026-09-10 02:47:53    … 유가증권:없음 · 코스닥:없음 · 코스닥지수:없음
2026-09-10 02:52:56    … 유가증권:없음 · 코스닥:없음 · 코스닥지수:없음
2026-09-10 02:57:59    … 유가증권:없음 · 코스닥:없음 · 코스닥지수:없음
2026-09-10 03:03:02    … 유가증권:없음 · 코스닥:없음 · 코스닥지수:없음
2026-09-10 03:08:05    … 유가증권:없음 · 코스닥:없음 · 코스닥지수:없음
2026-09-10 03:13:08    … 유가증권:없음 · 코스닥:없음 · 코스닥지수:없음
2026-09-10 03:18:12    … 유가증권:없음 · 코스닥:없음 · 코스닥지수:없음
2026-09-10 03:23:14    … 유가증권:없음 · 코스닥:없음 · 코스닥지수:없음
2026-09-10 03:28:17    … 유가증권:없음 · 코스닥:없음 · 코스닥지수:없음
2026-09-10 03:33:20    … 유가증권:없음 · 코스닥:없음 · 코스닥지수:없음
2026-09-10 03:38:23    … 유가증권:없음 · 코스닥:없음 · 코스닥지수:없음
2026-09-10 03:43:25    … 유가증권:없음 · 코스닥:없음 · 코스닥지수:없음
2026-09-10 03:48:28    … 유가증권:없음 · 코스닥:없음 · 코스닥지수:없음
2026-09-10 03:53:31    … 유가증권:없음 · 코스닥:없음 · 코스닥지수:없음
2026-09-10 03:58:34    … 유가증권:없음 · 코스닥:없음 · 코스닥지수:없음
2026-09-10 04:03:37    … 유가증권:없음 · 코스닥:없음 · 코스닥지수:없음
2026-09-10 04:08:40    … 유가증권:없음 · 코스닥:없음 · 코스닥지수:없음
2026-09-10 04:13:43    … 유가증권:없음 · 코스닥:없음 · 코스닥지수:없음
2026-09-10 04:18:46    … 유가증권:없음 · 코스닥:없음 · 코스닥지수:없음
2026-09-10 04:23:49    … 유가증권:없음 · 코스닥:없음 · 코스닥지수:없음
2026-09-10 04:28:52    … 유가증권:없음 · 코스닥:없음 · 코스닥지수:없음
2026-09-10 04:33:54    … 유가증권:없음 · 코스닥:없음 · 코스닥지수:없음
2026-09-10 04:38:57    … 유가증권:없음 · 코스닥:없음 · 코스닥지수:없음
2026-09-10 04:44:00    … 유가증권:없음 · 코스닥:없음 · 코스닥지수:없음
2026-09-10 04:49:03    … 유가증권:없음 · 코스닥:없음 · 코스닥지수:없음
2026-09-10 04:54:05    … 유가증권:없음 · 코스닥:없음 · 코스닥지수:없음
2026-09-10 04:59:08    … 유가증권:없음 · 코스닥:없음 · 코스닥지수:없음
2026-09-10 05:04:11    … 유가증권:없음 · 코스닥:없음 · 코스닥지수:없음
2026-09-10 05:09:14    … 유가증권:없음 · 코스닥:없음 · 코스닥지수:없음
2026-09-10 05:14:17    … 유가증권:없음 · 코스닥:없음 · 코스닥지수:없음
2026-09-10 05:19:19    … 유가증권:없음 · 코스닥:없음 · 코스닥지수:없음
2026-09-10 05:24:22    … 유가증권:없음 · 코스닥:없음 · 코스닥지수:없음
2026-09-10 05:29:25    … 유가증권:없음 · 코스닥:없음 · 코스닥지수:없음
2026-09-10 05:34:28    … 유가증권:없음 · 코스닥:없음 · 코스닥지수:없음
2026-09-10 05:39:30    … 유가증권:없음 · 코스닥:없음 · 코스닥지수:없음
2026-09-10 05:44:33    … 유가증권:없음 · 코스닥:없음 · 코스닥지수:없음
2026-09-10 05:49:36    … 유가증권:없음 · 코스닥:없음 · 코스닥지수:없음
2026-09-10 05:54:39    … 유가증권:없음 · 코스닥:없음 · 코스닥지수:없음
2026-09-10 05:59:42    … 유가증권:없음 · 코스닥:없음 · 코스닥지수:없음
2026-09-10 06:04:44    … 유가증권:없음 · 코스닥:없음 · 코스닥지수:없음
2026-09-10 06:09:47    … 유가증권:없음 · 코스닥:없음 · 코스닥지수:없음
2026-09-10 06:14:50    … 유가증권:없음 · 코스닥:없음 · 코스닥지수:없음
2026-09-10 06:19:53    … 유가증권:없음 · 코스닥:없음 · 코스닥지수:없음
2026-09-10 06:24:55    … 유가증권:없음 · 코스닥:없음 · 코스닥지수:없음
2026-09-10 06:29:58    … 유가증권:없음 · 코스닥:없음 · 코스닥지수:없음
2026-09-10 06:35:01    … 유가증권:없음 · 코스닥:없음 · 코스닥지수:없음
2026-09-10 06:40:04    … 유가증권:없음 · 코스닥:없음 · 코스닥지수:없음
2026-09-10 06:45:07    … 유가증권:없음 · 코스닥:없음 · 코스닥지수:없음
2026-09-10 06:50:10    … 유가증권:없음 · 코스닥:없음 · 코스닥지수:없음
2026-09-10 06:55:12    … 유가증권:없음 · 코스닥:없음 · 코스닥지수:없음
2026-09-10 07:00:17    … 유가증권:없음 · 코스닥:없음 · 코스닥지수:없음
2026-09-10 07:05:20    … 유가증권:없음 · 코스닥:없음 · 코스닥지수:없음
2026-09-10 07:10:23    … 유가증권:없음 · 코스닥:없음 · 코스닥지수:없음
2026-09-10 07:15:25    … 유가증권:없음 · 코스닥:없음 · 코스닥지수:없음
2026-09-10 07:20:29    … 유가증권:없음 · 코스닥:없음 · 코스닥지수:없음
2026-09-10 07:25:31    … 유가증권:없음 · 코스닥:없음 · 코스닥지수:없음
2026-09-10 07:30:34    … 유가증권:없음 · 코스닥:없음 · 코스닥지수:없음
2026-09-10 07:35:37    … 유가증권:없음 · 코스닥:없음 · 코스닥지수:없음
2026-09-10 07:40:40    … 유가증권:없음 · 코스닥:없음 · 코스닥지수:없음
2026-09-10 07:45:42    … 유가증권:없음 · 코스닥:없음 · 코스닥지수:없음
2026-09-10 07:50:45    … 유가증권:없음 · 코스닥:없음 · 코스닥지수:없음
2026-09-10 07:55:48    … 유가증권:없음 · 코스닥:없음 · 코스닥지수:없음
2026-09-10 08:00:55    ⭐ **유가증권** 도착 — 943줄
2026-09-10 08:01:00    ⭐ **코스닥** 도착 — 1,822줄
2026-09-10 08:01:00    ⭐ **코스닥지수** 도착 — 40줄
2026-09-10 08:01:00  ===== 끝 =====
2026-09-10 08:01:00    유가증권        08:00
2026-09-10 08:01:00    코스닥         08:01
2026-09-10 08:01:00    코스닥지수       08:01
2026-09-10 08:01:00  
  ⇒ 저녁 수집을 **08:01 뒤**로 옮기면 그날 자료를 받는다
