Exception in thread Thread-1 (_readerthread):
Traceback (most recent call last):
  File "C:\Users\mrblue\AppData\Local\Programs\Python\Python313\Lib\threading.py", line 1044, in _bootstrap_inner
    self.run()
    ~~~~~~~~^^
  File "C:\Users\mrblue\AppData\Local\Programs\Python\Python313\Lib\threading.py", line 995, in run
    self._target(*self._args, **self._kwargs)
    ~~~~~~~~~~~~^^^^^^^^^^^^^^^^^^^^^^^^^^^^^
  File "C:\Users\mrblue\AppData\Local\Programs\Python\Python313\Lib\subprocess.py", line 1615, in _readerthread
    buffer.append(fh.read())
                  ~~~~~~~^^
UnicodeDecodeError: 'cp949' codec can't decode byte 0xec in position 15: illegal multibyte sequence
Exception in thread Thread-3 (_readerthread):
Traceback (most recent call last):
  File "C:\Users\mrblue\AppData\Local\Programs\Python\Python313\Lib\threading.py", line 1044, in _bootstrap_inner
    self.run()
    ~~~~~~~~^^
  File "C:\Users\mrblue\AppData\Local\Programs\Python\Python313\Lib\threading.py", line 995, in run
    self._target(*self._args, **self._kwargs)
    ~~~~~~~~~~~~^^^^^^^^^^^^^^^^^^^^^^^^^^^^^
  File "C:\Users\mrblue\AppData\Local\Programs\Python\Python313\Lib\subprocess.py", line 1615, in _readerthread
    buffer.append(fh.read())
                  ~~~~~~~^^
UnicodeDecodeError: 'cp949' codec can't decode byte 0xec in position 15: illegal multibyte sequence
Exception in thread Thread-5 (_readerthread):
Traceback (most recent call last):
  File "C:\Users\mrblue\AppData\Local\Programs\Python\Python313\Lib\threading.py", line 1044, in _bootstrap_inner
    self.run()
    ~~~~~~~~^^
  File "C:\Users\mrblue\AppData\Local\Programs\Python\Python313\Lib\threading.py", line 995, in run
    self._target(*self._args, **self._kwargs)
    ~~~~~~~~~~~~^^^^^^^^^^^^^^^^^^^^^^^^^^^^^
  File "C:\Users\mrblue\AppData\Local\Programs\Python\Python313\Lib\subprocess.py", line 1615, in _readerthread
    buffer.append(fh.read())
                  ~~~~~~~^^
UnicodeDecodeError: 'cp949' codec can't decode byte 0xec in position 15: illegal multibyte sequence
Exception in thread Thread-7 (_readerthread):
Traceback (most recent call last):
  File "C:\Users\mrblue\AppData\Local\Programs\Python\Python313\Lib\threading.py", line 1044, in _bootstrap_inner
    self.run()
    ~~~~~~~~^^
  File "C:\Users\mrblue\AppData\Local\Programs\Python\Python313\Lib\threading.py", line 995, in run
    self._target(*self._args, **self._kwargs)
    ~~~~~~~~~~~~^^^^^^^^^^^^^^^^^^^^^^^^^^^^^
  File "C:\Users\mrblue\AppData\Local\Programs\Python\Python313\Lib\subprocess.py", line 1615, in _readerthread
    buffer.append(fh.read())
                  ~~~~~~~^^
UnicodeDecodeError: 'cp949' codec can't decode byte 0xa4 in position 18: illegal multibyte sequence
Exception in thread Thread-9 (_readerthread):
Traceback (most recent call last):
  File "C:\Users\mrblue\AppData\Local\Programs\Python\Python313\Lib\threading.py", line 1044, in _bootstrap_inner
    self.run()
    ~~~~~~~~^^
  File "C:\Users\mrblue\AppData\Local\Programs\Python\Python313\Lib\threading.py", line 995, in run
    self._target(*self._args, **self._kwargs)
    ~~~~~~~~~~~~^^^^^^^^^^^^^^^^^^^^^^^^^^^^^
  File "C:\Users\mrblue\AppData\Local\Programs\Python\Python313\Lib\subprocess.py", line 1615, in _readerthread
    buffer.append(fh.read())
                  ~~~~~~~^^
UnicodeDecodeError: 'cp949' codec can't decode byte 0xa4 in position 18: illegal multibyte sequence
Exception in thread Thread-11 (_readerthread):
Traceback (most recent call last):
  File "C:\Users\mrblue\AppData\Local\Programs\Python\Python313\Lib\threading.py", line 1044, in _bootstrap_inner
    self.run()
    ~~~~~~~~^^
  File "C:\Users\mrblue\AppData\Local\Programs\Python\Python313\Lib\threading.py", line 995, in run
    self._target(*self._args, **self._kwargs)
    ~~~~~~~~~~~~^^^^^^^^^^^^^^^^^^^^^^^^^^^^^
  File "C:\Users\mrblue\AppData\Local\Programs\Python\Python313\Lib\subprocess.py", line 1615, in _readerthread
    buffer.append(fh.read())
                  ~~~~~~~^^
UnicodeDecodeError: 'cp949' codec can't decode byte 0xa4 in position 18: illegal multibyte sequence
Exception in thread Thread-13 (_readerthread):
Traceback (most recent call last):
  File "C:\Users\mrblue\AppData\Local\Programs\Python\Python313\Lib\threading.py", line 1044, in _bootstrap_inner
    self.run()
    ~~~~~~~~^^
  File "C:\Users\mrblue\AppData\Local\Programs\Python\Python313\Lib\threading.py", line 995, in run
    self._target(*self._args, **self._kwargs)
    ~~~~~~~~~~~~^^^^^^^^^^^^^^^^^^^^^^^^^^^^^
  File "C:\Users\mrblue\AppData\Local\Programs\Python\Python313\Lib\subprocess.py", line 1615, in _readerthread
    buffer.append(fh.read())
                  ~~~~~~~^^
UnicodeDecodeError: 'cp949' codec can't decode byte 0xa4 in position 18: illegal multibyte sequence
Exception in thread Thread-15 (_readerthread):
Traceback (most recent call last):
  File "C:\Users\mrblue\AppData\Local\Programs\Python\Python313\Lib\threading.py", line 1044, in _bootstrap_inner
    self.run()
    ~~~~~~~~^^
  File "C:\Users\mrblue\AppData\Local\Programs\Python\Python313\Lib\threading.py", line 995, in run
    self._target(*self._args, **self._kwargs)
    ~~~~~~~~~~~~^^^^^^^^^^^^^^^^^^^^^^^^^^^^^
  File "C:\Users\mrblue\AppData\Local\Programs\Python\Python313\Lib\subprocess.py", line 1615, in _readerthread
    buffer.append(fh.read())
                  ~~~~~~~^^
UnicodeDecodeError: 'cp949' codec can't decode byte 0xa4 in position 18: illegal multibyte sequence
Exception in thread Thread-17 (_readerthread):
Traceback (most recent call last):
  File "C:\Users\mrblue\AppData\Local\Programs\Python\Python313\Lib\threading.py", line 1044, in _bootstrap_inner
    self.run()
    ~~~~~~~~^^
  File "C:\Users\mrblue\AppData\Local\Programs\Python\Python313\Lib\threading.py", line 995, in run
    self._target(*self._args, **self._kwargs)
    ~~~~~~~~~~~~^^^^^^^^^^^^^^^^^^^^^^^^^^^^^
  File "C:\Users\mrblue\AppData\Local\Programs\Python\Python313\Lib\subprocess.py", line 1615, in _readerthread
    buffer.append(fh.read())
                  ~~~~~~~^^
UnicodeDecodeError: 'cp949' codec can't decode byte 0xa4 in position 18: illegal multibyte sequence
Exception in thread Thread-19 (_readerthread):
Traceback (most recent call last):
  File "C:\Users\mrblue\AppData\Local\Programs\Python\Python313\Lib\threading.py", line 1044, in _bootstrap_inner
    self.run()
    ~~~~~~~~^^
  File "C:\Users\mrblue\AppData\Local\Programs\Python\Python313\Lib\threading.py", line 995, in run
    self._target(*self._args, **self._kwargs)
    ~~~~~~~~~~~~^^^^^^^^^^^^^^^^^^^^^^^^^^^^^
  File "C:\Users\mrblue\AppData\Local\Programs\Python\Python313\Lib\subprocess.py", line 1615, in _readerthread
    buffer.append(fh.read())
                  ~~~~~~~^^
UnicodeDecodeError: 'cp949' codec can't decode byte 0xa4 in position 18: illegal multibyte sequence
Exception in thread Thread-21 (_readerthread):
Traceback (most recent call last):
  File "C:\Users\mrblue\AppData\Local\Programs\Python\Python313\Lib\threading.py", line 1044, in _bootstrap_inner
    self.run()
    ~~~~~~~~^^
  File "C:\Users\mrblue\AppData\Local\Programs\Python\Python313\Lib\threading.py", line 995, in run
    self._target(*self._args, **self._kwargs)
    ~~~~~~~~~~~~^^^^^^^^^^^^^^^^^^^^^^^^^^^^^
  File "C:\Users\mrblue\AppData\Local\Programs\Python\Python313\Lib\subprocess.py", line 1615, in _readerthread
    buffer.append(fh.read())
                  ~~~~~~~^^
UnicodeDecodeError: 'cp949' codec can't decode byte 0xec in position 15: illegal multibyte sequence
Exception in thread Thread-23 (_readerthread):
Traceback (most recent call last):
  File "C:\Users\mrblue\AppData\Local\Programs\Python\Python313\Lib\threading.py", line 1044, in _bootstrap_inner
    self.run()
    ~~~~~~~~^^
  File "C:\Users\mrblue\AppData\Local\Programs\Python\Python313\Lib\threading.py", line 995, in run
    self._target(*self._args, **self._kwargs)
    ~~~~~~~~~~~~^^^^^^^^^^^^^^^^^^^^^^^^^^^^^
  File "C:\Users\mrblue\AppData\Local\Programs\Python\Python313\Lib\subprocess.py", line 1615, in _readerthread
    buffer.append(fh.read())
                  ~~~~~~~^^
UnicodeDecodeError: 'cp949' codec can't decode byte 0xa4 in position 18: illegal multibyte sequence
Exception in thread Thread-25 (_readerthread):
Traceback (most recent call last):
  File "C:\Users\mrblue\AppData\Local\Programs\Python\Python313\Lib\threading.py", line 1044, in _bootstrap_inner
    self.run()
    ~~~~~~~~^^
  File "C:\Users\mrblue\AppData\Local\Programs\Python\Python313\Lib\threading.py", line 995, in run
    self._target(*self._args, **self._kwargs)
    ~~~~~~~~~~~~^^^^^^^^^^^^^^^^^^^^^^^^^^^^^
  File "C:\Users\mrblue\AppData\Local\Programs\Python\Python313\Lib\subprocess.py", line 1615, in _readerthread
    buffer.append(fh.read())
                  ~~~~~~~^^
UnicodeDecodeError: 'cp949' codec can't decode byte 0xa4 in position 18: illegal multibyte sequence
Exception in thread Thread-27 (_readerthread):
Traceback (most recent call last):
  File "C:\Users\mrblue\AppData\Local\Programs\Python\Python313\Lib\threading.py", line 1044, in _bootstrap_inner
    self.run()
    ~~~~~~~~^^
  File "C:\Users\mrblue\AppData\Local\Programs\Python\Python313\Lib\threading.py", line 995, in run
    self._target(*self._args, **self._kwargs)
    ~~~~~~~~~~~~^^^^^^^^^^^^^^^^^^^^^^^^^^^^^
  File "C:\Users\mrblue\AppData\Local\Programs\Python\Python313\Lib\subprocess.py", line 1615, in _readerthread
    buffer.append(fh.read())
                  ~~~~~~~^^
UnicodeDecodeError: 'cp949' codec can't decode byte 0xa4 in position 18: illegal multibyte sequence
Exception in thread Thread-29 (_readerthread):
Traceback (most recent call last):
  File "C:\Users\mrblue\AppData\Local\Programs\Python\Python313\Lib\threading.py", line 1044, in _bootstrap_inner
    self.run()
    ~~~~~~~~^^
  File "C:\Users\mrblue\AppData\Local\Programs\Python\Python313\Lib\threading.py", line 995, in run
    self._target(*self._args, **self._kwargs)
    ~~~~~~~~~~~~^^^^^^^^^^^^^^^^^^^^^^^^^^^^^
  File "C:\Users\mrblue\AppData\Local\Programs\Python\Python313\Lib\subprocess.py", line 1615, in _readerthread
    buffer.append(fh.read())
                  ~~~~~~~^^
UnicodeDecodeError: 'cp949' codec can't decode byte 0xa4 in position 18: illegal multibyte sequence
Exception in thread Thread-31 (_readerthread):
Traceback (most recent call last):
  File "C:\Users\mrblue\AppData\Local\Programs\Python\Python313\Lib\threading.py", line 1044, in _bootstrap_inner
    self.run()
    ~~~~~~~~^^
  File "C:\Users\mrblue\AppData\Local\Programs\Python\Python313\Lib\threading.py", line 995, in run
    self._target(*self._args, **self._kwargs)
    ~~~~~~~~~~~~^^^^^^^^^^^^^^^^^^^^^^^^^^^^^
  File "C:\Users\mrblue\AppData\Local\Programs\Python\Python313\Lib\subprocess.py", line 1615, in _readerthread
    buffer.append(fh.read())
                  ~~~~~~~^^
UnicodeDecodeError: 'cp949' codec can't decode byte 0xa4 in position 18: illegal multibyte sequence
Exception in thread Thread-33 (_readerthread):
Traceback (most recent call last):
  File "C:\Users\mrblue\AppData\Local\Programs\Python\Python313\Lib\threading.py", line 1044, in _bootstrap_inner
    self.run()
    ~~~~~~~~^^
  File "C:\Users\mrblue\AppData\Local\Programs\Python\Python313\Lib\threading.py", line 995, in run
    self._target(*self._args, **self._kwargs)
    ~~~~~~~~~~~~^^^^^^^^^^^^^^^^^^^^^^^^^^^^^
  File "C:\Users\mrblue\AppData\Local\Programs\Python\Python313\Lib\subprocess.py", line 1615, in _readerthread
    buffer.append(fh.read())
                  ~~~~~~~^^
UnicodeDecodeError: 'cp949' codec can't decode byte 0xec in position 15: illegal multibyte sequence
Exception in thread Thread-35 (_readerthread):
Traceback (most recent call last):
  File "C:\Users\mrblue\AppData\Local\Programs\Python\Python313\Lib\threading.py", line 1044, in _bootstrap_inner
    self.run()
    ~~~~~~~~^^
  File "C:\Users\mrblue\AppData\Local\Programs\Python\Python313\Lib\threading.py", line 995, in run
    self._target(*self._args, **self._kwargs)
    ~~~~~~~~~~~~^^^^^^^^^^^^^^^^^^^^^^^^^^^^^
  File "C:\Users\mrblue\AppData\Local\Programs\Python\Python313\Lib\subprocess.py", line 1615, in _readerthread
    buffer.append(fh.read())
                  ~~~~~~~^^
UnicodeDecodeError: 'cp949' codec can't decode byte 0xa4 in position 18: illegal multibyte sequence
Exception in thread Thread-37 (_readerthread):
Traceback (most recent call last):
  File "C:\Users\mrblue\AppData\Local\Programs\Python\Python313\Lib\threading.py", line 1044, in _bootstrap_inner
    self.run()
    ~~~~~~~~^^
  File "C:\Users\mrblue\AppData\Local\Programs\Python\Python313\Lib\threading.py", line 995, in run
    self._target(*self._args, **self._kwargs)
    ~~~~~~~~~~~~^^^^^^^^^^^^^^^^^^^^^^^^^^^^^
  File "C:\Users\mrblue\AppData\Local\Programs\Python\Python313\Lib\subprocess.py", line 1615, in _readerthread
    buffer.append(fh.read())
                  ~~~~~~~^^
UnicodeDecodeError: 'cp949' codec can't decode byte 0xa4 in position 18: illegal multibyte sequence
Exception in thread Thread-39 (_readerthread):
Traceback (most recent call last):
  File "C:\Users\mrblue\AppData\Local\Programs\Python\Python313\Lib\threading.py", line 1044, in _bootstrap_inner
    self.run()
    ~~~~~~~~^^
  File "C:\Users\mrblue\AppData\Local\Programs\Python\Python313\Lib\threading.py", line 995, in run
    self._target(*self._args, **self._kwargs)
    ~~~~~~~~~~~~^^^^^^^^^^^^^^^^^^^^^^^^^^^^^
  File "C:\Users\mrblue\AppData\Local\Programs\Python\Python313\Lib\subprocess.py", line 1615, in _readerthread
    buffer.append(fh.read())
                  ~~~~~~~^^
UnicodeDecodeError: 'cp949' codec can't decode byte 0xa4 in position 18: illegal multibyte sequence
Exception in thread Thread-41 (_readerthread):
Traceback (most recent call last):
  File "C:\Users\mrblue\AppData\Local\Programs\Python\Python313\Lib\threading.py", line 1044, in _bootstrap_inner
    self.run()
    ~~~~~~~~^^
  File "C:\Users\mrblue\AppData\Local\Programs\Python\Python313\Lib\threading.py", line 995, in run
    self._target(*self._args, **self._kwargs)
    ~~~~~~~~~~~~^^^^^^^^^^^^^^^^^^^^^^^^^^^^^
  File "C:\Users\mrblue\AppData\Local\Programs\Python\Python313\Lib\subprocess.py", line 1615, in _readerthread
    buffer.append(fh.read())
                  ~~~~~~~^^
UnicodeDecodeError: 'cp949' codec can't decode byte 0xa4 in position 18: illegal multibyte sequence
Exception in thread Thread-43 (_readerthread):
Traceback (most recent call last):
  File "C:\Users\mrblue\AppData\Local\Programs\Python\Python313\Lib\threading.py", line 1044, in _bootstrap_inner
    self.run()
    ~~~~~~~~^^
  File "C:\Users\mrblue\AppData\Local\Programs\Python\Python313\Lib\threading.py", line 995, in run
    self._target(*self._args, **self._kwargs)
    ~~~~~~~~~~~~^^^^^^^^^^^^^^^^^^^^^^^^^^^^^
  File "C:\Users\mrblue\AppData\Local\Programs\Python\Python313\Lib\subprocess.py", line 1615, in _readerthread
    buffer.append(fh.read())
                  ~~~~~~~^^
UnicodeDecodeError: 'cp949' codec can't decode byte 0xa4 in position 18: illegal multibyte sequence
Exception in thread Thread-45 (_readerthread):
Traceback (most recent call last):
  File "C:\Users\mrblue\AppData\Local\Programs\Python\Python313\Lib\threading.py", line 1044, in _bootstrap_inner
    self.run()
    ~~~~~~~~^^
  File "C:\Users\mrblue\AppData\Local\Programs\Python\Python313\Lib\threading.py", line 995, in run
    self._target(*self._args, **self._kwargs)
    ~~~~~~~~~~~~^^^^^^^^^^^^^^^^^^^^^^^^^^^^^
  File "C:\Users\mrblue\AppData\Local\Programs\Python\Python313\Lib\subprocess.py", line 1615, in _readerthread
    buffer.append(fh.read())
                  ~~~~~~~^^
UnicodeDecodeError: 'cp949' codec can't decode byte 0xa4 in position 18: illegal multibyte sequence
Exception in thread Thread-47 (_readerthread):
Traceback (most recent call last):
  File "C:\Users\mrblue\AppData\Local\Programs\Python\Python313\Lib\threading.py", line 1044, in _bootstrap_inner
    self.run()
    ~~~~~~~~^^
  File "C:\Users\mrblue\AppData\Local\Programs\Python\Python313\Lib\threading.py", line 995, in run
    self._target(*self._args, **self._kwargs)
    ~~~~~~~~~~~~^^^^^^^^^^^^^^^^^^^^^^^^^^^^^
  File "C:\Users\mrblue\AppData\Local\Programs\Python\Python313\Lib\subprocess.py", line 1615, in _readerthread
    buffer.append(fh.read())
                  ~~~~~~~^^
UnicodeDecodeError: 'cp949' codec can't decode byte 0xa4 in position 18: illegal multibyte sequence
Exception in thread Thread-49 (_readerthread):
Traceback (most recent call last):
  File "C:\Users\mrblue\AppData\Local\Programs\Python\Python313\Lib\threading.py", line 1044, in _bootstrap_inner
    self.run()
    ~~~~~~~~^^
  File "C:\Users\mrblue\AppData\Local\Programs\Python\Python313\Lib\threading.py", line 995, in run
    self._target(*self._args, **self._kwargs)
    ~~~~~~~~~~~~^^^^^^^^^^^^^^^^^^^^^^^^^^^^^
  File "C:\Users\mrblue\AppData\Local\Programs\Python\Python313\Lib\subprocess.py", line 1615, in _readerthread
    buffer.append(fh.read())
                  ~~~~~~~^^
UnicodeDecodeError: 'cp949' codec can't decode byte 0xa4 in position 18: illegal multibyte sequence
Exception in thread Thread-51 (_readerthread):
Traceback (most recent call last):
  File "C:\Users\mrblue\AppData\Local\Programs\Python\Python313\Lib\threading.py", line 1044, in _bootstrap_inner
    self.run()
    ~~~~~~~~^^
  File "C:\Users\mrblue\AppData\Local\Programs\Python\Python313\Lib\threading.py", line 995, in run
    self._target(*self._args, **self._kwargs)
    ~~~~~~~~~~~~^^^^^^^^^^^^^^^^^^^^^^^^^^^^^
  File "C:\Users\mrblue\AppData\Local\Programs\Python\Python313\Lib\subprocess.py", line 1615, in _readerthread
    buffer.append(fh.read())
                  ~~~~~~~^^
UnicodeDecodeError: 'cp949' codec can't decode byte 0xa4 in position 18: illegal multibyte sequence
Exception in thread Thread-53 (_readerthread):
Traceback (most recent call last):
  File "C:\Users\mrblue\AppData\Local\Programs\Python\Python313\Lib\threading.py", line 1044, in _bootstrap_inner
    self.run()
    ~~~~~~~~^^
  File "C:\Users\mrblue\AppData\Local\Programs\Python\Python313\Lib\threading.py", line 995, in run
    self._target(*self._args, **self._kwargs)
    ~~~~~~~~~~~~^^^^^^^^^^^^^^^^^^^^^^^^^^^^^
  File "C:\Users\mrblue\AppData\Local\Programs\Python\Python313\Lib\subprocess.py", line 1615, in _readerthread
    buffer.append(fh.read())
                  ~~~~~~~^^
UnicodeDecodeError: 'cp949' codec can't decode byte 0xa4 in position 18: illegal multibyte sequence
Exception in thread Thread-55 (_readerthread):
Traceback (most recent call last):
  File "C:\Users\mrblue\AppData\Local\Programs\Python\Python313\Lib\threading.py", line 1044, in _bootstrap_inner
    self.run()
    ~~~~~~~~^^
  File "C:\Users\mrblue\AppData\Local\Programs\Python\Python313\Lib\threading.py", line 995, in run
    self._target(*self._args, **self._kwargs)
    ~~~~~~~~~~~~^^^^^^^^^^^^^^^^^^^^^^^^^^^^^
  File "C:\Users\mrblue\AppData\Local\Programs\Python\Python313\Lib\subprocess.py", line 1615, in _readerthread
    buffer.append(fh.read())
                  ~~~~~~~^^
UnicodeDecodeError: 'cp949' codec can't decode byte 0xa4 in position 18: illegal multibyte sequence
Exception in thread Thread-57 (_readerthread):
Traceback (most recent call last):
  File "C:\Users\mrblue\AppData\Local\Programs\Python\Python313\Lib\threading.py", line 1044, in _bootstrap_inner
    self.run()
    ~~~~~~~~^^
  File "C:\Users\mrblue\AppData\Local\Programs\Python\Python313\Lib\threading.py", line 995, in run
    self._target(*self._args, **self._kwargs)
    ~~~~~~~~~~~~^^^^^^^^^^^^^^^^^^^^^^^^^^^^^
  File "C:\Users\mrblue\AppData\Local\Programs\Python\Python313\Lib\subprocess.py", line 1615, in _readerthread
    buffer.append(fh.read())
                  ~~~~~~~^^
UnicodeDecodeError: 'cp949' codec can't decode byte 0xa4 in position 18: illegal multibyte sequence
Exception in thread Thread-59 (_readerthread):
Traceback (most recent call last):
  File "C:\Users\mrblue\AppData\Local\Programs\Python\Python313\Lib\threading.py", line 1044, in _bootstrap_inner
    self.run()
    ~~~~~~~~^^
  File "C:\Users\mrblue\AppData\Local\Programs\Python\Python313\Lib\threading.py", line 995, in run
    self._target(*self._args, **self._kwargs)
    ~~~~~~~~~~~~^^^^^^^^^^^^^^^^^^^^^^^^^^^^^
  File "C:\Users\mrblue\AppData\Local\Programs\Python\Python313\Lib\subprocess.py", line 1615, in _readerthread
    buffer.append(fh.read())
                  ~~~~~~~^^
UnicodeDecodeError: 'cp949' codec can't decode byte 0xa4 in position 18: illegal multibyte sequence
Exception in thread Thread-61 (_readerthread):
Traceback (most recent call last):
  File "C:\Users\mrblue\AppData\Local\Programs\Python\Python313\Lib\threading.py", line 1044, in _bootstrap_inner
    self.run()
    ~~~~~~~~^^
  File "C:\Users\mrblue\AppData\Local\Programs\Python\Python313\Lib\threading.py", line 995, in run
    self._target(*self._args, **self._kwargs)
    ~~~~~~~~~~~~^^^^^^^^^^^^^^^^^^^^^^^^^^^^^
  File "C:\Users\mrblue\AppData\Local\Programs\Python\Python313\Lib\subprocess.py", line 1615, in _readerthread
    buffer.append(fh.read())
                  ~~~~~~~^^
UnicodeDecodeError: 'cp949' codec can't decode byte 0xa4 in position 18: illegal multibyte sequence
Exception in thread Thread-63 (_readerthread):
Traceback (most recent call last):
  File "C:\Users\mrblue\AppData\Local\Programs\Python\Python313\Lib\threading.py", line 1044, in _bootstrap_inner
    self.run()
    ~~~~~~~~^^
  File "C:\Users\mrblue\AppData\Local\Programs\Python\Python313\Lib\threading.py", line 995, in run
    self._target(*self._args, **self._kwargs)
    ~~~~~~~~~~~~^^^^^^^^^^^^^^^^^^^^^^^^^^^^^
  File "C:\Users\mrblue\AppData\Local\Programs\Python\Python313\Lib\subprocess.py", line 1615, in _readerthread
    buffer.append(fh.read())
                  ~~~~~~~^^
UnicodeDecodeError: 'cp949' codec can't decode byte 0xa4 in position 18: illegal multibyte sequence
Exception in thread Thread-65 (_readerthread):
Traceback (most recent call last):
  File "C:\Users\mrblue\AppData\Local\Programs\Python\Python313\Lib\threading.py", line 1044, in _bootstrap_inner
    self.run()
    ~~~~~~~~^^
  File "C:\Users\mrblue\AppData\Local\Programs\Python\Python313\Lib\threading.py", line 995, in run
    self._target(*self._args, **self._kwargs)
    ~~~~~~~~~~~~^^^^^^^^^^^^^^^^^^^^^^^^^^^^^
  File "C:\Users\mrblue\AppData\Local\Programs\Python\Python313\Lib\subprocess.py", line 1615, in _readerthread
    buffer.append(fh.read())
                  ~~~~~~~^^
UnicodeDecodeError: 'cp949' codec can't decode byte 0xa4 in position 18: illegal multibyte sequence
Exception in thread Thread-67 (_readerthread):
Traceback (most recent call last):
  File "C:\Users\mrblue\AppData\Local\Programs\Python\Python313\Lib\threading.py", line 1044, in _bootstrap_inner
    self.run()
    ~~~~~~~~^^
  File "C:\Users\mrblue\AppData\Local\Programs\Python\Python313\Lib\threading.py", line 995, in run
    self._target(*self._args, **self._kwargs)
    ~~~~~~~~~~~~^^^^^^^^^^^^^^^^^^^^^^^^^^^^^
  File "C:\Users\mrblue\AppData\Local\Programs\Python\Python313\Lib\subprocess.py", line 1615, in _readerthread
    buffer.append(fh.read())
                  ~~~~~~~^^
UnicodeDecodeError: 'cp949' codec can't decode byte 0xa4 in position 18: illegal multibyte sequence
Exception in thread Thread-69 (_readerthread):
Traceback (most recent call last):
  File "C:\Users\mrblue\AppData\Local\Programs\Python\Python313\Lib\threading.py", line 1044, in _bootstrap_inner
    self.run()
    ~~~~~~~~^^
  File "C:\Users\mrblue\AppData\Local\Programs\Python\Python313\Lib\threading.py", line 995, in run
    self._target(*self._args, **self._kwargs)
    ~~~~~~~~~~~~^^^^^^^^^^^^^^^^^^^^^^^^^^^^^
  File "C:\Users\mrblue\AppData\Local\Programs\Python\Python313\Lib\subprocess.py", line 1615, in _readerthread
    buffer.append(fh.read())
                  ~~~~~~~^^
UnicodeDecodeError: 'cp949' codec can't decode byte 0xa4 in position 18: illegal multibyte sequence
Exception in thread Thread-71 (_readerthread):
Traceback (most recent call last):
  File "C:\Users\mrblue\AppData\Local\Programs\Python\Python313\Lib\threading.py", line 1044, in _bootstrap_inner
    self.run()
    ~~~~~~~~^^
  File "C:\Users\mrblue\AppData\Local\Programs\Python\Python313\Lib\threading.py", line 995, in run
    self._target(*self._args, **self._kwargs)
    ~~~~~~~~~~~~^^^^^^^^^^^^^^^^^^^^^^^^^^^^^
  File "C:\Users\mrblue\AppData\Local\Programs\Python\Python313\Lib\subprocess.py", line 1615, in _readerthread
    buffer.append(fh.read())
                  ~~~~~~~^^
UnicodeDecodeError: 'cp949' codec can't decode byte 0xa4 in position 18: illegal multibyte sequence
Exception in thread Thread-73 (_readerthread):
Traceback (most recent call last):
  File "C:\Users\mrblue\AppData\Local\Programs\Python\Python313\Lib\threading.py", line 1044, in _bootstrap_inner
    self.run()
    ~~~~~~~~^^
  File "C:\Users\mrblue\AppData\Local\Programs\Python\Python313\Lib\threading.py", line 995, in run
    self._target(*self._args, **self._kwargs)
    ~~~~~~~~~~~~^^^^^^^^^^^^^^^^^^^^^^^^^^^^^
  File "C:\Users\mrblue\AppData\Local\Programs\Python\Python313\Lib\subprocess.py", line 1615, in _readerthread
    buffer.append(fh.read())
                  ~~~~~~~^^
UnicodeDecodeError: 'cp949' codec can't decode byte 0xa4 in position 18: illegal multibyte sequence
Exception in thread Thread-75 (_readerthread):
Traceback (most recent call last):
  File "C:\Users\mrblue\AppData\Local\Programs\Python\Python313\Lib\threading.py", line 1044, in _bootstrap_inner
    self.run()
    ~~~~~~~~^^
  File "C:\Users\mrblue\AppData\Local\Programs\Python\Python313\Lib\threading.py", line 995, in run
    self._target(*self._args, **self._kwargs)
    ~~~~~~~~~~~~^^^^^^^^^^^^^^^^^^^^^^^^^^^^^
  File "C:\Users\mrblue\AppData\Local\Programs\Python\Python313\Lib\subprocess.py", line 1615, in _readerthread
    buffer.append(fh.read())
                  ~~~~~~~^^
UnicodeDecodeError: 'cp949' codec can't decode byte 0xa4 in position 18: illegal multibyte sequence
Exception in thread Thread-77 (_readerthread):
Traceback (most recent call last):
  File "C:\Users\mrblue\AppData\Local\Programs\Python\Python313\Lib\threading.py", line 1044, in _bootstrap_inner
    self.run()
    ~~~~~~~~^^
  File "C:\Users\mrblue\AppData\Local\Programs\Python\Python313\Lib\threading.py", line 995, in run
    self._target(*self._args, **self._kwargs)
    ~~~~~~~~~~~~^^^^^^^^^^^^^^^^^^^^^^^^^^^^^
  File "C:\Users\mrblue\AppData\Local\Programs\Python\Python313\Lib\subprocess.py", line 1615, in _readerthread
    buffer.append(fh.read())
                  ~~~~~~~^^
UnicodeDecodeError: 'cp949' codec can't decode byte 0xa4 in position 18: illegal multibyte sequence
Exception in thread Thread-79 (_readerthread):
Traceback (most recent call last):
  File "C:\Users\mrblue\AppData\Local\Programs\Python\Python313\Lib\threading.py", line 1044, in _bootstrap_inner
    self.run()
    ~~~~~~~~^^
  File "C:\Users\mrblue\AppData\Local\Programs\Python\Python313\Lib\threading.py", line 995, in run
    self._target(*self._args, **self._kwargs)
    ~~~~~~~~~~~~^^^^^^^^^^^^^^^^^^^^^^^^^^^^^
  File "C:\Users\mrblue\AppData\Local\Programs\Python\Python313\Lib\subprocess.py", line 1615, in _readerthread
    buffer.append(fh.read())
                  ~~~~~~~^^
UnicodeDecodeError: 'cp949' codec can't decode byte 0xa4 in position 18: illegal multibyte sequence
Exception in thread Thread-81 (_readerthread):
Traceback (most recent call last):
  File "C:\Users\mrblue\AppData\Local\Programs\Python\Python313\Lib\threading.py", line 1044, in _bootstrap_inner
    self.run()
    ~~~~~~~~^^
  File "C:\Users\mrblue\AppData\Local\Programs\Python\Python313\Lib\threading.py", line 995, in run
    self._target(*self._args, **self._kwargs)
    ~~~~~~~~~~~~^^^^^^^^^^^^^^^^^^^^^^^^^^^^^
  File "C:\Users\mrblue\AppData\Local\Programs\Python\Python313\Lib\subprocess.py", line 1615, in _readerthread
    buffer.append(fh.read())
                  ~~~~~~~^^
UnicodeDecodeError: 'cp949' codec can't decode byte 0xa4 in position 18: illegal multibyte sequence
Exception in thread Thread-83 (_readerthread):
Traceback (most recent call last):
  File "C:\Users\mrblue\AppData\Local\Programs\Python\Python313\Lib\threading.py", line 1044, in _bootstrap_inner
    self.run()
    ~~~~~~~~^^
  File "C:\Users\mrblue\AppData\Local\Programs\Python\Python313\Lib\threading.py", line 995, in run
    self._target(*self._args, **self._kwargs)
    ~~~~~~~~~~~~^^^^^^^^^^^^^^^^^^^^^^^^^^^^^
  File "C:\Users\mrblue\AppData\Local\Programs\Python\Python313\Lib\subprocess.py", line 1615, in _readerthread
    buffer.append(fh.read())
                  ~~~~~~~^^
UnicodeDecodeError: 'cp949' codec can't decode byte 0xa4 in position 18: illegal multibyte sequence
Exception in thread Thread-85 (_readerthread):
Traceback (most recent call last):
  File "C:\Users\mrblue\AppData\Local\Programs\Python\Python313\Lib\threading.py", line 1044, in _bootstrap_inner
    self.run()
    ~~~~~~~~^^
  File "C:\Users\mrblue\AppData\Local\Programs\Python\Python313\Lib\threading.py", line 995, in run
    self._target(*self._args, **self._kwargs)
    ~~~~~~~~~~~~^^^^^^^^^^^^^^^^^^^^^^^^^^^^^
  File "C:\Users\mrblue\AppData\Local\Programs\Python\Python313\Lib\subprocess.py", line 1615, in _readerthread
    buffer.append(fh.read())
                  ~~~~~~~^^
UnicodeDecodeError: 'cp949' codec can't decode byte 0xa4 in position 18: illegal multibyte sequence
Exception in thread Thread-87 (_readerthread):
Traceback (most recent call last):
  File "C:\Users\mrblue\AppData\Local\Programs\Python\Python313\Lib\threading.py", line 1044, in _bootstrap_inner
    self.run()
    ~~~~~~~~^^
  File "C:\Users\mrblue\AppData\Local\Programs\Python\Python313\Lib\threading.py", line 995, in run
    self._target(*self._args, **self._kwargs)
    ~~~~~~~~~~~~^^^^^^^^^^^^^^^^^^^^^^^^^^^^^
  File "C:\Users\mrblue\AppData\Local\Programs\Python\Python313\Lib\subprocess.py", line 1615, in _readerthread
    buffer.append(fh.read())
                  ~~~~~~~^^
UnicodeDecodeError: 'cp949' codec can't decode byte 0xa4 in position 18: illegal multibyte sequence
Exception in thread Thread-89 (_readerthread):
Traceback (most recent call last):
  File "C:\Users\mrblue\AppData\Local\Programs\Python\Python313\Lib\threading.py", line 1044, in _bootstrap_inner
    self.run()
    ~~~~~~~~^^
  File "C:\Users\mrblue\AppData\Local\Programs\Python\Python313\Lib\threading.py", line 995, in run
    self._target(*self._args, **self._kwargs)
    ~~~~~~~~~~~~^^^^^^^^^^^^^^^^^^^^^^^^^^^^^
  File "C:\Users\mrblue\AppData\Local\Programs\Python\Python313\Lib\subprocess.py", line 1615, in _readerthread
    buffer.append(fh.read())
                  ~~~~~~~^^
UnicodeDecodeError: 'cp949' codec can't decode byte 0xa4 in position 18: illegal multibyte sequence
Exception in thread Thread-91 (_readerthread):
Traceback (most recent call last):
  File "C:\Users\mrblue\AppData\Local\Programs\Python\Python313\Lib\threading.py", line 1044, in _bootstrap_inner
    self.run()
    ~~~~~~~~^^
  File "C:\Users\mrblue\AppData\Local\Programs\Python\Python313\Lib\threading.py", line 995, in run
    self._target(*self._args, **self._kwargs)
    ~~~~~~~~~~~~^^^^^^^^^^^^^^^^^^^^^^^^^^^^^
  File "C:\Users\mrblue\AppData\Local\Programs\Python\Python313\Lib\subprocess.py", line 1615, in _readerthread
    buffer.append(fh.read())
                  ~~~~~~~^^
UnicodeDecodeError: 'cp949' codec can't decode byte 0xa4 in position 18: illegal multibyte sequence
Exception in thread Thread-93 (_readerthread):
Traceback (most recent call last):
  File "C:\Users\mrblue\AppData\Local\Programs\Python\Python313\Lib\threading.py", line 1044, in _bootstrap_inner
    self.run()
    ~~~~~~~~^^
  File "C:\Users\mrblue\AppData\Local\Programs\Python\Python313\Lib\threading.py", line 995, in run
    self._target(*self._args, **self._kwargs)
    ~~~~~~~~~~~~^^^^^^^^^^^^^^^^^^^^^^^^^^^^^
  File "C:\Users\mrblue\AppData\Local\Programs\Python\Python313\Lib\subprocess.py", line 1615, in _readerthread
    buffer.append(fh.read())
                  ~~~~~~~^^
UnicodeDecodeError: 'cp949' codec can't decode byte 0xa4 in position 18: illegal multibyte sequence
Exception in thread Thread-95 (_readerthread):
Traceback (most recent call last):
  File "C:\Users\mrblue\AppData\Local\Programs\Python\Python313\Lib\threading.py", line 1044, in _bootstrap_inner
    self.run()
    ~~~~~~~~^^
  File "C:\Users\mrblue\AppData\Local\Programs\Python\Python313\Lib\threading.py", line 995, in run
    self._target(*self._args, **self._kwargs)
    ~~~~~~~~~~~~^^^^^^^^^^^^^^^^^^^^^^^^^^^^^
  File "C:\Users\mrblue\AppData\Local\Programs\Python\Python313\Lib\subprocess.py", line 1615, in _readerthread
    buffer.append(fh.read())
                  ~~~~~~~^^
UnicodeDecodeError: 'cp949' codec can't decode byte 0xa4 in position 18: illegal multibyte sequence
Exception in thread Thread-97 (_readerthread):
Traceback (most recent call last):
  File "C:\Users\mrblue\AppData\Local\Programs\Python\Python313\Lib\threading.py", line 1044, in _bootstrap_inner
    self.run()
    ~~~~~~~~^^
  File "C:\Users\mrblue\AppData\Local\Programs\Python\Python313\Lib\threading.py", line 995, in run
    self._target(*self._args, **self._kwargs)
    ~~~~~~~~~~~~^^^^^^^^^^^^^^^^^^^^^^^^^^^^^
  File "C:\Users\mrblue\AppData\Local\Programs\Python\Python313\Lib\subprocess.py", line 1615, in _readerthread
    buffer.append(fh.read())
                  ~~~~~~~^^
UnicodeDecodeError: 'cp949' codec can't decode byte 0xec in position 15: illegal multibyte sequence
Exception in thread Thread-99 (_readerthread):
Traceback (most recent call last):
  File "C:\Users\mrblue\AppData\Local\Programs\Python\Python313\Lib\threading.py", line 1044, in _bootstrap_inner
    self.run()
    ~~~~~~~~^^
  File "C:\Users\mrblue\AppData\Local\Programs\Python\Python313\Lib\threading.py", line 995, in run
    self._target(*self._args, **self._kwargs)
    ~~~~~~~~~~~~^^^^^^^^^^^^^^^^^^^^^^^^^^^^^
  File "C:\Users\mrblue\AppData\Local\Programs\Python\Python313\Lib\subprocess.py", line 1615, in _readerthread
    buffer.append(fh.read())
                  ~~~~~~~^^
UnicodeDecodeError: 'cp949' codec can't decode byte 0xa4 in position 18: illegal multibyte sequence
Exception in thread Thread-101 (_readerthread):
Traceback (most recent call last):
  File "C:\Users\mrblue\AppData\Local\Programs\Python\Python313\Lib\threading.py", line 1044, in _bootstrap_inner
    self.run()
    ~~~~~~~~^^
  File "C:\Users\mrblue\AppData\Local\Programs\Python\Python313\Lib\threading.py", line 995, in run
    self._target(*self._args, **self._kwargs)
    ~~~~~~~~~~~~^^^^^^^^^^^^^^^^^^^^^^^^^^^^^
  File "C:\Users\mrblue\AppData\Local\Programs\Python\Python313\Lib\subprocess.py", line 1615, in _readerthread
    buffer.append(fh.read())
                  ~~~~~~~^^
UnicodeDecodeError: 'cp949' codec can't decode byte 0xa4 in position 18: illegal multibyte sequence
Exception in thread Thread-103 (_readerthread):
Traceback (most recent call last):
  File "C:\Users\mrblue\AppData\Local\Programs\Python\Python313\Lib\threading.py", line 1044, in _bootstrap_inner
    self.run()
    ~~~~~~~~^^
  File "C:\Users\mrblue\AppData\Local\Programs\Python\Python313\Lib\threading.py", line 995, in run
    self._target(*self._args, **self._kwargs)
    ~~~~~~~~~~~~^^^^^^^^^^^^^^^^^^^^^^^^^^^^^
  File "C:\Users\mrblue\AppData\Local\Programs\Python\Python313\Lib\subprocess.py", line 1615, in _readerthread
    buffer.append(fh.read())
                  ~~~~~~~^^
UnicodeDecodeError: 'cp949' codec can't decode byte 0xa4 in position 18: illegal multibyte sequence
Exception in thread Thread-105 (_readerthread):
Traceback (most recent call last):
  File "C:\Users\mrblue\AppData\Local\Programs\Python\Python313\Lib\threading.py", line 1044, in _bootstrap_inner
    self.run()
    ~~~~~~~~^^
  File "C:\Users\mrblue\AppData\Local\Programs\Python\Python313\Lib\threading.py", line 995, in run
    self._target(*self._args, **self._kwargs)
    ~~~~~~~~~~~~^^^^^^^^^^^^^^^^^^^^^^^^^^^^^
  File "C:\Users\mrblue\AppData\Local\Programs\Python\Python313\Lib\subprocess.py", line 1615, in _readerthread
    buffer.append(fh.read())
                  ~~~~~~~^^
UnicodeDecodeError: 'cp949' codec can't decode byte 0xa4 in position 18: illegal multibyte sequence
Exception in thread Thread-107 (_readerthread):
Traceback (most recent call last):
  File "C:\Users\mrblue\AppData\Local\Programs\Python\Python313\Lib\threading.py", line 1044, in _bootstrap_inner
    self.run()
    ~~~~~~~~^^
  File "C:\Users\mrblue\AppData\Local\Programs\Python\Python313\Lib\threading.py", line 995, in run
    self._target(*self._args, **self._kwargs)
    ~~~~~~~~~~~~^^^^^^^^^^^^^^^^^^^^^^^^^^^^^
  File "C:\Users\mrblue\AppData\Local\Programs\Python\Python313\Lib\subprocess.py", line 1615, in _readerthread
    buffer.append(fh.read())
                  ~~~~~~~^^
UnicodeDecodeError: 'cp949' codec can't decode byte 0xa4 in position 18: illegal multibyte sequence
Exception in thread Thread-109 (_readerthread):
Traceback (most recent call last):
  File "C:\Users\mrblue\AppData\Local\Programs\Python\Python313\Lib\threading.py", line 1044, in _bootstrap_inner
    self.run()
    ~~~~~~~~^^
  File "C:\Users\mrblue\AppData\Local\Programs\Python\Python313\Lib\threading.py", line 995, in run
    self._target(*self._args, **self._kwargs)
    ~~~~~~~~~~~~^^^^^^^^^^^^^^^^^^^^^^^^^^^^^
  File "C:\Users\mrblue\AppData\Local\Programs\Python\Python313\Lib\subprocess.py", line 1615, in _readerthread
    buffer.append(fh.read())
                  ~~~~~~~^^
UnicodeDecodeError: 'cp949' codec can't decode byte 0xa4 in position 18: illegal multibyte sequence
Exception in thread Thread-111 (_readerthread):
Traceback (most recent call last):
  File "C:\Users\mrblue\AppData\Local\Programs\Python\Python313\Lib\threading.py", line 1044, in _bootstrap_inner
    self.run()
    ~~~~~~~~^^
  File "C:\Users\mrblue\AppData\Local\Programs\Python\Python313\Lib\threading.py", line 995, in run
    self._target(*self._args, **self._kwargs)
    ~~~~~~~~~~~~^^^^^^^^^^^^^^^^^^^^^^^^^^^^^
  File "C:\Users\mrblue\AppData\Local\Programs\Python\Python313\Lib\subprocess.py", line 1615, in _readerthread
    buffer.append(fh.read())
                  ~~~~~~~^^
UnicodeDecodeError: 'cp949' codec can't decode byte 0xa4 in position 18: illegal multibyte sequence
Exception in thread Thread-113 (_readerthread):
Traceback (most recent call last):
  File "C:\Users\mrblue\AppData\Local\Programs\Python\Python313\Lib\threading.py", line 1044, in _bootstrap_inner
    self.run()
    ~~~~~~~~^^
  File "C:\Users\mrblue\AppData\Local\Programs\Python\Python313\Lib\threading.py", line 995, in run
    self._target(*self._args, **self._kwargs)
    ~~~~~~~~~~~~^^^^^^^^^^^^^^^^^^^^^^^^^^^^^
  File "C:\Users\mrblue\AppData\Local\Programs\Python\Python313\Lib\subprocess.py", line 1615, in _readerthread
    buffer.append(fh.read())
                  ~~~~~~~^^
UnicodeDecodeError: 'cp949' codec can't decode byte 0xa4 in position 18: illegal multibyte sequence
Exception in thread Thread-115 (_readerthread):
Traceback (most recent call last):
  File "C:\Users\mrblue\AppData\Local\Programs\Python\Python313\Lib\threading.py", line 1044, in _bootstrap_inner
    self.run()
    ~~~~~~~~^^
  File "C:\Users\mrblue\AppData\Local\Programs\Python\Python313\Lib\threading.py", line 995, in run
    self._target(*self._args, **self._kwargs)
    ~~~~~~~~~~~~^^^^^^^^^^^^^^^^^^^^^^^^^^^^^
  File "C:\Users\mrblue\AppData\Local\Programs\Python\Python313\Lib\subprocess.py", line 1615, in _readerthread
    buffer.append(fh.read())
                  ~~~~~~~^^
UnicodeDecodeError: 'cp949' codec can't decode byte 0xec in position 15: illegal multibyte sequence
Exception in thread Thread-117 (_readerthread):
Traceback (most recent call last):
  File "C:\Users\mrblue\AppData\Local\Programs\Python\Python313\Lib\threading.py", line 1044, in _bootstrap_inner
    self.run()
    ~~~~~~~~^^
  File "C:\Users\mrblue\AppData\Local\Programs\Python\Python313\Lib\threading.py", line 995, in run
    self._target(*self._args, **self._kwargs)
    ~~~~~~~~~~~~^^^^^^^^^^^^^^^^^^^^^^^^^^^^^
  File "C:\Users\mrblue\AppData\Local\Programs\Python\Python313\Lib\subprocess.py", line 1615, in _readerthread
    buffer.append(fh.read())
                  ~~~~~~~^^
UnicodeDecodeError: 'cp949' codec can't decode byte 0xa4 in position 18: illegal multibyte sequence
Exception in thread Thread-119 (_readerthread):
Traceback (most recent call last):
  File "C:\Users\mrblue\AppData\Local\Programs\Python\Python313\Lib\threading.py", line 1044, in _bootstrap_inner
    self.run()
    ~~~~~~~~^^
  File "C:\Users\mrblue\AppData\Local\Programs\Python\Python313\Lib\threading.py", line 995, in run
    self._target(*self._args, **self._kwargs)
    ~~~~~~~~~~~~^^^^^^^^^^^^^^^^^^^^^^^^^^^^^
  File "C:\Users\mrblue\AppData\Local\Programs\Python\Python313\Lib\subprocess.py", line 1615, in _readerthread
    buffer.append(fh.read())
                  ~~~~~~~^^
UnicodeDecodeError: 'cp949' codec can't decode byte 0xa4 in position 18: illegal multibyte sequence
Exception in thread Thread-121 (_readerthread):
Traceback (most recent call last):
  File "C:\Users\mrblue\AppData\Local\Programs\Python\Python313\Lib\threading.py", line 1044, in _bootstrap_inner
    self.run()
    ~~~~~~~~^^
  File "C:\Users\mrblue\AppData\Local\Programs\Python\Python313\Lib\threading.py", line 995, in run
    self._target(*self._args, **self._kwargs)
    ~~~~~~~~~~~~^^^^^^^^^^^^^^^^^^^^^^^^^^^^^
  File "C:\Users\mrblue\AppData\Local\Programs\Python\Python313\Lib\subprocess.py", line 1615, in _readerthread
    buffer.append(fh.read())
                  ~~~~~~~^^
UnicodeDecodeError: 'cp949' codec can't decode byte 0xa4 in position 18: illegal multibyte sequence
Exception in thread Thread-123 (_readerthread):
Traceback (most recent call last):
  File "C:\Users\mrblue\AppData\Local\Programs\Python\Python313\Lib\threading.py", line 1044, in _bootstrap_inner
    self.run()
    ~~~~~~~~^^
  File "C:\Users\mrblue\AppData\Local\Programs\Python\Python313\Lib\threading.py", line 995, in run
    self._target(*self._args, **self._kwargs)
    ~~~~~~~~~~~~^^^^^^^^^^^^^^^^^^^^^^^^^^^^^
  File "C:\Users\mrblue\AppData\Local\Programs\Python\Python313\Lib\subprocess.py", line 1615, in _readerthread
    buffer.append(fh.read())
                  ~~~~~~~^^
UnicodeDecodeError: 'cp949' codec can't decode byte 0xa4 in position 18: illegal multibyte sequence
  이미 있음 72일 · 받을 것 62일 (2026-03-02 ~ 08-31 평일)
    ⚠️ 20260302: 
    ⚠️ 20260501: 
    ⚠️ 20260505: 
    20/62 — 성공 0 실패 20
    40/62 — 성공 0 실패 40
    60/62 — 성공 0 실패 60

  받음 0일 · 실패 62일 · 총 127일치
313\Lib\threading.py", line 995, in run
    self._target(*self._args, **self._kwargs)
    ~~~~~~~~~~~~^^^^^^^^^^^^^^^^^^^^^^^^^^^^^
  File "C:\Users\mrblue\AppData\Local\Programs\Python\Python313\Lib\subprocess.py", line 1615, in _readerthread
    buffer.append(fh.read())
                  ~~~~~~~^^
UnicodeDecodeError: 'cp949' codec can't decode byte 0xa4 in position 18: illegal multibyte sequence
Exception in thread Thread-127 (_readerthread):
Traceback (most recent call last):
  File "C:\Users\mrblue\AppData\Local\Programs\Python\Python313\Lib\threading.py", line 1044, in _bootstrap_inner
    self.run()
    ~~~~~~~~^^
  File "C:\Users\mrblue\AppData\Local\Programs\Python\Python313\Lib\threading.py", line 995, in run
    self._target(*self._args, **self._kwargs)
    ~~~~~~~~~~~~^^^^^^^^^^^^^^^^^^^^^^^^^^^^^
  File "C:\Users\mrblue\AppData\Local\Programs\Python\Python313\Lib\subprocess.py", line 1615, in _readerthread
    buffer.append(fh.read())
                  ~~~~~~~^^
UnicodeDecodeError: 'cp949' codec can't decode byte 0xec in position 15: illegal multibyte sequence
Exception in thread Thread-129 (_readerthread):
Traceback (most recent call last):
  File "C:\Users\mrblue\AppData\Local\Programs\Python\Python313\Lib\threading.py", line 1044, in _bootstrap_inner
    self.run()
    ~~~~~~~~^^
  File "C:\Users\mrblue\AppData\Local\Programs\Python\Python313\Lib\threading.py", line 995, in run
    self._target(*self._args, **self._kwargs)
    ~~~~~~~~~~~~^^^^^^^^^^^^^^^^^^^^^^^^^^^^^
  File "C:\Users\mrblue\AppData\Local\Programs\Python\Python313\Lib\subprocess.py", line 1615, in _readerthread
    buffer.append(fh.read())
                  ~~~~~~~^^
UnicodeDecodeError: 'cp949' codec can't decode byte 0xa4 in position 18: illegal multibyte sequence
Exception in thread Thread-131 (_readerthread):
Traceback (most recent call last):
  File "C:\Users\mrblue\AppData\Local\Programs\Python\Python313\Lib\threading.py", line 1044, in _bootstrap_inner
    self.run()
    ~~~~~~~~^^
  File "C:\Users\mrblue\AppData\Local\Programs\Python\Python313\Lib\threading.py", line 995, in run
    self._target(*self._args, **self._kwargs)
    ~~~~~~~~~~~~^^^^^^^^^^^^^^^^^^^^^^^^^^^^^
  File "C:\Users\mrblue\AppData\Local\Programs\Python\Python313\Lib\subprocess.py", line 1615, in _readerthread
    buffer.append(fh.read())
                  ~~~~~~~^^
UnicodeDecodeError: 'cp949' codec can't decode byte 0xa4 in position 18: illegal multibyte sequence
Exception in thread Thread-133 (_readerthread):
Traceback (most recent call last):
  File "C:\Users\mrblue\AppData\Local\Programs\Python\Python313\Lib\threading.py", line 1044, in _bootstrap_inner
    self.run()
    ~~~~~~~~^^
  File "C:\Users\mrblue\AppData\Local\Programs\Python\Python313\Lib\threading.py", line 995, in run
    self._target(*self._args, **self._kwargs)
    ~~~~~~~~~~~~^^^^^^^^^^^^^^^^^^^^^^^^^^^^^
  File "C:\Users\mrblue\AppData\Local\Programs\Python\Python313\Lib\subprocess.py", line 1615, in _readerthread
    buffer.append(fh.read())
                  ~~~~~~~^^
UnicodeDecodeError: 'cp949' codec can't decode byte 0xa4 in position 18: illegal multibyte sequence
Exception in thread Thread-135 (_readerthread):
Traceback (most recent call last):
  File "C:\Users\mrblue\AppData\Local\Programs\Python\Python313\Lib\threading.py", line 1044, in _bootstrap_inner
    self.run()
    ~~~~~~~~^^
  File "C:\Users\mrblue\AppData\Local\Programs\Python\Python313\Lib\threading.py", line 995, in run
    self._target(*self._args, **self._kwargs)
    ~~~~~~~~~~~~^^^^^^^^^^^^^^^^^^^^^^^^^^^^^
  File "C:\Users\mrblue\AppData\Local\Programs\Python\Python313\Lib\subprocess.py", line 1615, in _readerthread
    buffer.append(fh.read())
                  ~~~~~~~^^
UnicodeDecodeError: 'cp949' codec can't decode byte 0xa4 in position 18: illegal multibyte sequence
  이미 있음 66일 · 받을 것 68일 (2026-03-02 ~ 08-31 평일)
    ⚠️ 20260302: 
    ⚠️ 20260501: 
    ⚠️ 20260505: 
    20/68 — 성공 0 실패 20
    40/68 — 성공 0 실패 40
    60/68 — 성공 0 실패 60

  받음 0일 · 실패 68일 · 총 127일치
