  전 종목 2,766 · 이미 받음 0 · corp_code 없음 116 · 받을 것 2,650
  예상 시간 약 13분
  --확인 이라 받지 않았다.
  전 종목 2,766 · 이미 받음 0 · corp_code 없음 116 · 받을 것 2,650
  예상 시간 약 13분
    200/2,650 — 성공 200 (이력없음 20) 실패 0
    400/2,650 — 성공 400 (이력없음 41) 실패 0
    600/2,650 — 성공 600 (이력없음 67) 실패 0
    800/2,650 — 성공 800 (이력없음 88) 실패 0
    1,000/2,650 — 성공 1,000 (이력없음 120) 실패 0
    1,200/2,650 — 성공 1,200 (이력없음 136) 실패 0
    1,400/2,650 — 성공 1,400 (이력없음 153) 실패 0
    1,600/2,650 — 성공 1,600 (이력없음 180) 실패 0
    1,800/2,650 — 성공 1,800 (이력없음 193) 실패 0
    2,000/2,650 — 성공 2,000 (이력없음 206) 실패 0
    2,200/2,650 — 성공 2,200 (이력없음 227) 실패 0
    2,400/2,650 — 성공 2,400 (이력없음 244) 실패 0
    2,600/2,650 — 성공 2,600 (이력없음 262) 실패 0
  끝 — 성공 2,650 · 이력없음 266 · 실패 0
  전 종목 2,766 · 이미 받음 2,650 · corp_code 없음 116 · 받을 것 0
  예상 시간 약 0분
  받을 것이 없다.
  전 종목 2,766 · 이미 받음 2,650 · corp_code 없음 116 · 받을 것 0
  예상 시간 약 0분
  받을 것이 없다.
  전 종목 2,766 · 이미 받음 2,650 · corp_code 없음 116 · 받을 것 0
  예상 시간 약 0분
  받을 것이 없다.
  전 종목 2,766 · 이미 받음 2,650 · corp_code 없음 116 · 받을 것 0
  예상 시간 약 0분
  받을 것이 없다.
  전 종목 2,765 · 이미 받음 0 · corp_code 없음 114 · 받을 것 2,651
  예상 시간 약 13분
    200/2,651 — 성공 200 (이력없음 21) 실패 0
    400/2,651 — 성공 400 (이력없음 42) 실패 0
    600/2,651 — 성공 600 (이력없음 68) 실패 0
    800/2,651 — 성공 800 (이력없음 89) 실패 0
    1,000/2,651 — 성공 1,000 (이력없음 119) 실패 0
    1,200/2,651 — 성공 1,200 (이력없음 135) 실패 0
    1,400/2,651 — 성공 1,400 (이력없음 152) 실패 0
    1,600/2,651 — 성공 1,600 (이력없음 179) 실패 0
    1,800/2,651 — 성공 1,800 (이력없음 191) 실패 0
    2,000/2,651 — 성공 2,000 (이력없음 204) 실패 0
    2,200/2,651 — 성공 2,200 (이력없음 226) 실패 0
    2,400/2,651 — 성공 2,400 (이력없음 243) 실패 0
    2,600/2,651 — 성공 2,600 (이력없음 261) 실패 0
  끝 — 성공 2,651 · 이력없음 265 · 실패 0
  전 종목 2,765 · 이미 받음 2,651 · corp_code 없음 114 · 받을 것 0
  예상 시간 약 0분
  받을 것이 없다.
  전 종목 2,765 · 이미 받음 2,651 · corp_code 없음 114 · 받을 것 0
  예상 시간 약 0분
  받을 것이 없다.
  전 종목 2,765 · 이미 받음 2,651 · corp_code 없음 114 · 받을 것 0
  예상 시간 약 0분
  받을 것이 없다.
  전 종목 2,766 · 이미 받음 2,651 · corp_code 없음 115 · 받을 것 0
  예상 시간 약 0분
  받을 것이 없다.
  전 종목 2,765 · 이미 받음 2,651 · corp_code 없음 115 · 받을 것 0
  예상 시간 약 0분
  받을 것이 없다.
  전 종목 2,765 · 이미 받음 2,651 · corp_code 없음 115 · 받을 것 0
  예상 시간 약 0분
  받을 것이 없다.
