2026-09-10 07:52:00  ===== 브리핑 전 KRX 받기 =====
2026-09-10 08:00:44    종가  {"ok": true, "기준일": "20260909", "종목수": 2765, "캐시": false, "시도": 5, "받은시각": "08:00:44"}
2026-09-10 08:00:45    지수  끝 — 받음 1일 · 빈날 0일
2026-09-10 08:00:45    ✅ krx-daily   20260909 · 2,765개 · 1일 전
2026-09-10 08:00:45    ✅ index-daily 20260909 · 71개 · 1일 전
2026-09-10 08:00:45  ===== 끝 =====
2026-09-11 02:11:46  ===== 브리핑 전 KRX 받기 =====
2026-09-11 02:22:03    종가  {"ok": false, "기준일": "20260910", "시도": 6, "오류": "RuntimeError: 어느 시장도 못 받았다: ", "말": "10분을 기다려도 안 왔다. 휴장일이거나 KRX가 늦는 것이다
2026-09-11 02:22:04    지수  받을 것이 없다.
2026-09-11 02:22:04    ⚠️ krx-daily   20260909 · 2,765개 · 2일 전
2026-09-11 02:22:04    ⚠️ index-daily 20260909 · 71개 · 2일 전
2026-09-11 02:22:04  ===== 끝 =====
2026-09-11 08:02:07  ===== 브리핑 전 KRX 받기 =====
2026-09-11 08:02:07    종가  {"ok": true, "기준일": "20260910", "종목수": 2766, "캐시": true, "시도": 1, "받은시각": "08:02:07"}
2026-09-11 08:02:08    지수  끝 — 받음 1일 · 빈날 0일
2026-09-11 08:02:08    ✅ krx-daily   20260910 · 2,766개 · 1일 전
2026-09-11 08:02:08    ✅ index-daily 20260910 · 71개 · 1일 전
2026-09-11 08:02:08  ===== 끝 =====
2026-09-11 09:25:30  ===== 브리핑 전 KRX 받기 =====
2026-09-11 09:25:34    종가  {"ok": true, "기준일": "20260910", "종목수": 2766, "캐시": true, "시도": 1, "받은시각": "09:25:34"}
2026-09-11 09:25:46    지수  받을 것이 없다.
2026-09-11 09:25:46    ✅ krx-daily   20260910 · 2,766개 · 1일 전
2026-09-11 09:25:46    ✅ index-daily 20260910 · 71개 · 1일 전
2026-09-11 09:25:46  ===== 끝 =====
2026-09-12 08:02:06  ===== 브리핑 전 KRX 받기 =====
2026-09-12 08:02:06    종가  {"ok": true, "기준일": "20260911", "종목수": 2765, "캐시": true, "시도": 1, "받은시각": "08:02:06"}
2026-09-12 08:02:07    지수  끝 — 받음 1일 · 빈날 0일
2026-09-12 08:02:07    ✅ krx-daily   20260911 · 2,765개 · 1일 전
2026-09-12 08:02:07    ✅ index-daily 20260911 · 74개 · 1일 전
2026-09-12 08:02:07  ===== 끝 =====
2026-09-13 08:02:02  ===== 브리핑 전 KRX 받기 =====
2026-09-13 08:02:02    종가  {"ok": true, "기준일": "20260911", "종목수": 2765, "캐시": true, "시도": 1, "받은시각": "08:02:02"}
2026-09-13 08:02:02    지수  받을 것이 없다.
2026-09-13 08:02:02    ⚠️ krx-daily   20260911 · 2,765개 · 2일 전
2026-09-13 08:02:02    ⚠️ index-daily 20260911 · 74개 · 2일 전
2026-09-13 08:02:02  ===== 끝 =====
2026-09-14 07:52:00  ===== 브리핑 전 KRX 받기 =====
2026-09-14 07:52:00    종가  {"ok": true, "기준일": "20260911", "종목수": 2765, "캐시": true, "시도": 1, "받은시각": "07:52:00"}
2026-09-14 07:52:00    지수  받을 것이 없다.
2026-09-14 07:52:00    ⚠️ krx-daily   20260911 · 2,765개 · 3일 전
2026-09-14 07:52:00    ⚠️ index-daily 20260911 · 74개 · 3일 전
2026-09-14 07:52:00  ===== 끝 =====
2026-09-14 08:02:02  ===== 브리핑 전 KRX 받기 =====
2026-09-14 08:02:02    종가  {"ok": true, "기준일": "20260911", "종목수": 2765, "캐시": true, "시도": 1, "받은시각": "08:02:02"}
2026-09-14 08:02:03    지수  받을 것이 없다.
2026-09-14 08:02:03    ⚠️ krx-daily   20260911 · 2,765개 · 3일 전
2026-09-14 08:02:03    ⚠️ index-daily 20260911 · 74개 · 3일 전
2026-09-14 08:02:03  ===== 끝 =====
