2026-09-04 20:09:33  ===== 아침 준비 시작 =====
2026-09-04 20:09:46    ✅ 미국 시세 갱신 (14초)
2026-09-04 20:11:34    ✅ 예측 기록 + 채점 (108초)
2026-09-04 20:11:34    ✅ 브리핑 조각 만들기 (0초)
2026-09-04 20:11:34    today-rule.html 13,658바이트
2026-09-04 20:11:34  ===== 끝 · 실패 0건 =====
2026-09-04 22:27:17  ===== 아침 준비 시작 =====
2026-09-04 22:27:17    ✅ 전 거래일 종가 받기 (0초)
2026-09-04 22:27:31    ✅ 미국 시세 갱신 (14초)
2026-09-04 22:29:19    ✅ 예측 기록 + 채점 (108초)
2026-09-04 22:29:19    ✅ 브리핑 조각 만들기 (0초)
2026-09-04 22:29:19    ✅ 종가 자료 최신 20260903 = 전 거래일
2026-09-04 22:29:19    today-rule.html 13,658바이트
2026-09-04 22:29:19  ===== 끝 · 실패 0건 =====
2026-09-05 07:50:01  ===== 아침 준비 **건너뜀** — 토요일 — 장이 안 선다 =====
2026-09-05 07:50:01       (today-rule.html을 낡은 자료로 덮어쓰지 않는다)
2026-09-06 07:50:01  ===== 아침 준비 **건너뜀** — 일요일 — 장이 안 선다 =====
2026-09-06 07:50:01       (today-rule.html을 낡은 자료로 덮어쓰지 않는다)
2026-09-07 07:50:01  ===== 아침 준비 시작 =====
2026-09-07 07:50:05    ⚠️ 전 거래일 종가 받기: 코드 1 — {"ok": false, "오류": "RuntimeError: 어느 시장도 못 받았다: "}
2026-09-07 07:50:19    ✅ 미국 시세 갱신 (14초)
2026-09-07 07:52:21    ✅ 예측 기록 + 채점 (121초)
2026-09-07 07:52:21    ✅ 브리핑 조각 만들기 (0초)
2026-09-07 07:52:21    ⚠️⚠️ **종가가 밀렸다** — 갖고 있는 최신 20260903, 달력상 전 거래일은 20260904
2026-09-07 07:52:21       둘 중 하나다: ① 20260904이 **휴장일**이었다 → 정상이다 ② KRX가 07:50에 아직 안 줬다 → 오늘 후보는 **묵은 종가**로 뽑힌 것이다 (브리핑은 08:20쯤 받는다)
2026-09-07 07:52:21       ⇒ 웹 화면의 「N월 N일 아침에 볼 목록」이 오늘이 맞는지 보라
2026-09-07 07:52:21    today-rule.html 13,658바이트
2026-09-07 07:52:21  ===== 끝 · 실패 2건 =====
2026-09-07 16:24:21  ===== 아침 준비 시작 =====
2026-09-07 16:24:21    ✅ 전 거래일 종가 받기 (기다림) (0초)
2026-09-07 16:24:35    ✅ 미국 시세 갱신 (14초)
2026-09-08 07:50:01  ===== 아침 준비 시작 =====
2026-09-08 07:50:15    ✅ 미국 시세 갱신 (13초)
2026-09-08 07:50:15    · 07:50 현재 종가는 아직 전 거래일이 아니다 — 최신 20260904, 달력상 전 거래일은 20260907
2026-09-08 07:50:15       달력상 전 거래일은 20260907 — 브리핑이 08:20쯤 받아서 그때 후보를 뽑는다. 여기서는 문제가 아니다
2026-09-08 07:50:15    today-rule.html 9,992바이트
2026-09-08 07:50:15  ===== 끝 · 실패 0건 =====
2026-09-09 07:50:01  ===== 아침 준비 시작 =====
2026-09-09 07:50:16    ✅ 미국 시세 갱신 (14초)
2026-09-09 07:50:16    · 07:50 현재 종가는 아직 전 거래일이 아니다 — 최신 20260907, 달력상 전 거래일은 20260908
2026-09-09 07:50:16       달력상 전 거래일은 20260908 — 브리핑이 08:20쯤 받아서 그때 후보를 뽑는다. 여기서는 문제가 아니다
2026-09-09 07:50:16    today-rule.html 10,009바이트
2026-09-09 07:50:16  ===== 끝 · 실패 0건 =====
2026-09-10 07:50:01  ===== 아침 준비 시작 =====
2026-09-10 07:50:15    ✅ 미국 시세 갱신 (13초)
2026-09-10 07:50:15    · 07:50 현재 종가는 아직 전 거래일이 아니다 — 최신 20260908, 달력상 전 거래일은 20260909
2026-09-10 07:50:15       달력상 전 거래일은 20260909 — 브리핑이 08:20쯤 받아서 그때 후보를 뽑는다. 여기서는 문제가 아니다
2026-09-10 07:50:15    today-rule.html 13,132바이트
2026-09-10 07:50:15  ===== 끝 · 실패 0건 =====
2026-09-11 09:25:30  ===== 아침 준비 시작 =====
2026-09-11 09:25:49    ✅ 미국 시세 갱신 (19초)
2026-09-11 09:25:49    ✅ 종가 자료 최신 20260910 = 전 거래일
2026-09-11 09:25:49    today-rule.html 18,468바이트
2026-09-11 09:25:49  ===== 끝 · 실패 0건 =====
