2026-09-02 00:10:01  ===== 밤샘 수집 시작 · 할 일 7개 =====
2026-09-02 00:10:01  [1/7] 어제 주가 시작
2026-09-02 00:10:04  [1/7] 어제 주가 끝 (exit=1) {"ok": false, "오류": "RuntimeError: 어느 시장도 못 받았다: "}
2026-09-02 00:10:04  [2/7] 임원 자사주 시작
2026-09-02 00:10:04  [2/7] 임원 자사주 끝 (exit=0)   받을 것이 없다.
2026-09-02 00:10:04  [3/7] 대량보유(5%) 시작
2026-09-02 00:10:05  [3/7] 대량보유(5%) 끝 (exit=0)   받을 것이 없다.
2026-09-02 00:10:05  [4/7] 분기재무 시작
2026-09-02 00:10:05  [4/7] 분기재무 끝 (exit=0)   받을 것이 없다.
2026-09-02 00:10:05  [5/7] 2023 연간재무 시작
2026-09-02 00:11:19  [5/7] 2023 연간재무 끝 (exit=0)   끝 — 2023년 2,392종목 저장 · 묶음 성공 530 실패 0
2026-09-02 00:11:19  [6/7] 계약금액 ⭐ 시작
2026-09-02 00:29:05  [6/7] 계약금액 ⭐ 끝 (exit=0)   끝 — 성공 13,400 · 금액 못 뽑음 2,094 · 실패 0
2026-09-02 00:29:05  [7/7] KRX 추가(선물·상품·채권) 시작
2026-09-02 00:43:27  [7/7] KRX 추가(선물·상품·채권) 끝 (exit=0) ===== 끝 =====
2026-09-02 00:43:27  ===== 밤샘 수집 끝 · 재료 8,066 → 10,010 (+1,944) =====
2026-09-02 00:43:27  ===== 시험 시작 · 18개 =====
2026-09-02 00:43:27  [1/18] 매수시점·손절·보유 시작
2026-09-02 00:43:49  [1/18] 매수시점·손절·보유 끝 (exit=0) → data/_test/entry_lab.txt
2026-09-02 00:43:49  [2/18] 출발점 비교 ⭐⭐⭐ 시작
2026-09-02 00:44:33  [2/18] 출발점 비교 ⭐⭐⭐ 끝 (exit=0) → data/_test/origin_lab.txt
2026-09-02 00:44:33  [3/18] 등급이 작동하나 ⭐ 시작
2026-09-02 00:44:53  [3/18] 등급이 작동하나 ⭐ 끝 (exit=0) → data/_test/grade_lab.txt
2026-09-02 00:44:53  [4/18] 역추적: 오른 종목의 공통점 ⭐ 시작
2026-09-02 00:45:17  [4/18] 역추적: 오른 종목의 공통점 ⭐ 끝 (exit=0) → data/_test/reverse_lab.txt
2026-09-02 00:45:17  [5/18] 위험(최악·낙폭·분산) 시작
2026-09-02 00:45:30  [5/18] 위험(최악·낙폭·분산) 끝 (exit=0) → data/_test/risk_lab.txt
2026-09-02 00:45:30  [6/18] 시간 안정성·기술지표 ⭐ 시작
2026-09-02 00:49:57  [6/18] 시간 안정성·기술지표 ⭐ 끝 (exit=0) → data/_test/stability_lab.txt
2026-09-02 00:49:57  [7/18] 매도 규칙·최대상승 시작
2026-09-02 00:50:07  [7/18] 매도 규칙·최대상승 끝 (exit=0) → data/_test/exit_lab.txt
2026-09-02 00:50:07  [8/18] 전방위(축 57개) 시작
2026-09-02 00:51:11  [8/18] 전방위(축 57개) 끝 (exit=0) → data/_test/omni_lab.txt
2026-09-02 00:51:11  [9/18] 공시상세·신호강도 시작
2026-09-02 00:51:26  [9/18] 공시상세·신호강도 끝 (exit=0) → data/_test/detail_lab.txt
2026-09-02 00:51:26  [10/18] 갭 넷 통합 시작
2026-09-02 00:52:15  [10/18] 갭 넷 통합 끝 (exit=1) → data/_test/gap_all.txt
2026-09-02 00:52:15  [11/18] 섹터 14개 시작
2026-09-02 00:52:27  [11/18] 섹터 14개 끝 (exit=0) → data/_test/sector_lab.txt
2026-09-02 00:52:27  [12/18] 비용 후 실수익 시작
2026-09-02 00:52:40  [12/18] 비용 후 실수익 끝 (exit=0) → data/_test/cost_lab.txt
2026-09-02 00:52:40  [13/18] 컨센서스 시작
2026-09-02 00:52:48  [13/18] 컨센서스 끝 (exit=0) → data/_test/consensus_lab.txt
2026-09-02 00:52:48  [14/18] 조합 탐색(학습/검증) 시작
2026-09-02 00:53:28  [14/18] 조합 탐색(학습/검증) 끝 (exit=0) → data/_test/combo_lab.txt
2026-09-02 00:53:28  [15/18] 가상매매 D+1 시작
2026-09-02 00:53:28  [15/18] 가상매매 D+1 끝 (exit=0) → data/_test/paper_trade.txt
2026-09-02 00:53:28  [16/18] 가상매매 D+3 시작
2026-09-02 00:53:29  [16/18] 가상매매 D+3 끝 (exit=0) → data/_test/paper_trade.txt
2026-09-02 00:53:29  [17/18] 가상매매 D+5 시작
2026-09-02 00:53:29  [17/18] 가상매매 D+5 끝 (exit=0) → data/_test/paper_trade.txt
2026-09-02 00:53:29  [18/18] 가상매매 D+5 손절 시작
2026-09-02 00:53:29  [18/18] 가상매매 D+5 손절 끝 (exit=0) → data/_test/paper_trade.txt
2026-09-02 00:53:29  ===== 시험 끝 =====
2026-09-02 04:30:01  ===== 밤샘 수집 시작 · 할 일 7개 =====
2026-09-02 04:30:01  [1/7] 어제 주가 시작
2026-09-02 04:30:04  [1/7] 어제 주가 끝 (exit=1) {"ok": false, "오류": "RuntimeError: 어느 시장도 못 받았다: "}
2026-09-02 04:30:04  [2/7] 임원 자사주 시작
2026-09-02 04:30:04  [2/7] 임원 자사주 끝 (exit=0)   받을 것이 없다.
2026-09-02 04:30:04  [3/7] 대량보유(5%) 시작
2026-09-02 04:30:04  [3/7] 대량보유(5%) 끝 (exit=0)   받을 것이 없다.
2026-09-02 04:30:04  [4/7] 분기재무 시작
2026-09-02 04:30:04  [4/7] 분기재무 끝 (exit=0)   받을 것이 없다.
2026-09-02 04:30:04  [5/7] 2023 연간재무 시작
2026-09-02 04:30:04  [5/7] 2023 연간재무 끝 (exit=0) 2023.json 이 이미 있다 — 받지 않는다.
2026-09-02 04:30:04  [6/7] 계약금액 ⭐ 시작
2026-09-02 04:30:05  [6/7] 계약금액 ⭐ 끝 (exit=0)   받을 것이 없다.
2026-09-02 04:30:05  [7/7] KRX 추가(선물·상품·채권) 시작
2026-09-02 04:30:06  [7/7] KRX 추가(선물·상품·채권) 끝 (exit=0) ===== 끝 =====
2026-09-02 04:30:06  ===== 밤샘 수집 끝 · 재료 10,010 → 10,010 (+0) =====
2026-09-02 04:30:06    새로 받은 것이 없고 시험 결과 18개가 이미 있다 — 시험을 건너뛴다.
2026-09-02 07:00:01  ===== 밤샘 수집 시작 · 할 일 7개 =====
2026-09-02 07:00:01  [1/7] 어제 주가 시작
2026-09-02 07:00:07  [1/7] 어제 주가 끝 (exit=1) {"ok": false, "오류": "RuntimeError: 어느 시장도 못 받았다: "}
2026-09-02 07:00:07  [2/7] 임원 자사주 시작
2026-09-02 07:00:07  [2/7] 임원 자사주 끝 (exit=0)   받을 것이 없다.
2026-09-02 07:00:07  [3/7] 대량보유(5%) 시작
2026-09-02 07:00:07  [3/7] 대량보유(5%) 끝 (exit=0)   받을 것이 없다.
2026-09-02 07:00:07  [4/7] 분기재무 시작
2026-09-02 07:00:07  [4/7] 분기재무 끝 (exit=0)   받을 것이 없다.
2026-09-02 07:00:07  [5/7] 2023 연간재무 시작
2026-09-02 07:00:08  [5/7] 2023 연간재무 끝 (exit=0) 2023.json 이 이미 있다 — 받지 않는다.
2026-09-02 07:00:08  [6/7] 계약금액 ⭐ 시작
2026-09-02 07:00:08  [6/7] 계약금액 ⭐ 끝 (exit=0)   받을 것이 없다.
2026-09-02 07:00:08  [7/7] KRX 추가(선물·상품·채권) 시작
2026-09-02 07:00:09  [7/7] KRX 추가(선물·상품·채권) 끝 (exit=0) ===== 끝 =====
2026-09-02 07:00:09  ===== 밤샘 수집 끝 · 재료 10,010 → 10,010 (+0) =====
2026-09-02 07:00:09    새로 받은 것이 없고 시험 결과 18개가 이미 있다 — 시험을 건너뛴다.
2026-09-10 00:10:02  ===== 밤샘 수집 시작 · 할 일 7개 =====
2026-09-10 00:10:02  [1/7] 어제 주가 시작
2026-09-10 00:10:05  [1/7] 어제 주가 끝 (exit=1) {"ok": false, "오류": "RuntimeError: 어느 시장도 못 받았다: "}
2026-09-10 00:10:05  [2/7] 임원 자사주 시작
2026-09-10 00:10:48  [2/7] 임원 자사주 끝 (exit=0)   끝 — 성공 529 · 이력없음 80 · 실패 0
2026-09-10 00:10:48  [3/7] 대량보유(5%) 시작
2026-09-10 00:16:47  [3/7] 대량보유(5%) 끝 (exit=0)   끝 — 성공 2,651 · 이력없음 265 · 실패 0
2026-09-10 00:16:47  [4/7] 분기재무 시작
2026-09-10 00:20:27  [4/7] 분기재무 끝 (exit=0)   [분기재무] 끝 — 성공 2,765 · 자료없음 7 · 실패 0
2026-09-10 00:20:27  [5/7] 2023 연간재무 시작
2026-09-10 00:20:27  [5/7] 2023 연간재무 끝 (exit=0) 2023.json 이 이미 있다 — 받지 않는다.
2026-09-10 00:20:27  [6/7] 계약금액 ⭐ 시작
2026-09-10 00:37:20  [6/7] 계약금액 ⭐ 끝 (exit=0)   끝 — 성공 13,500 · 금액 못 뽑음 13,500 · 실패 0
2026-09-10 00:37:20  [7/7] KRX 추가(선물·상품·채권) 시작
2026-09-10 00:46:22  [7/7] KRX 추가(선물·상품·채권) 끝 (exit=0) ===== 끝 =====
2026-09-10 00:46:22  ===== 밤샘 수집 끝 · 재료 34,613 → 34,617 (+4) =====
2026-09-10 00:46:23    ⏳ 다른 시험이 돌고 있다 ['info_lab2'] — 5분 뒤 다시 본다
2026-09-10 00:51:23    ⏳ 다른 시험이 돌고 있다 ['info_lab2'] — 5분 뒤 다시 본다
2026-09-10 00:56:23    ⏳ 다른 시험이 돌고 있다 ['info_lab2'] — 5분 뒤 다시 본다
2026-09-10 01:01:23    ⏳ 다른 시험이 돌고 있다 ['info_lab2'] — 5분 뒤 다시 본다
2026-09-10 01:06:24    ⏳ 다른 시험이 돌고 있다 ['info_lab2'] — 5분 뒤 다시 본다
2026-09-10 01:11:24  ===== 시험 시작 · 18개 =====
2026-09-10 01:11:24  [1/18] 매수시점·손절·보유 시작
2026-09-10 01:12:32  [1/18] 매수시점·손절·보유 끝 (exit=0) → data/_test/entry_lab.txt
2026-09-10 01:12:32  [2/18] 출발점 비교 ⭐⭐⭐ 시작
2026-09-10 01:14:41  [2/18] 출발점 비교 ⭐⭐⭐ 끝 (exit=1) → data/_test/origin_lab.txt
2026-09-10 01:14:41  [3/18] 등급이 작동하나 ⭐ 시작
2026-09-10 01:15:55  [3/18] 등급이 작동하나 ⭐ 끝 (exit=0) → data/_test/grade_lab.txt
2026-09-10 01:15:55  [4/18] 역추적: 오른 종목의 공통점 ⭐ 시작
2026-09-10 01:17:40  [4/18] 역추적: 오른 종목의 공통점 ⭐ 끝 (exit=0) → data/_test/reverse_lab.txt
2026-09-10 01:17:40  [5/18] 위험(최악·낙폭·분산) 시작
2026-09-10 01:18:47  [5/18] 위험(최악·낙폭·분산) 끝 (exit=0) → data/_test/risk_lab.txt
2026-09-10 01:18:47  [6/18] 시간 안정성·기술지표 ⭐ 시작
2026-09-10 01:26:50  [6/18] 시간 안정성·기술지표 ⭐ 끝 (exit=1) → data/_test/stability_lab.txt
2026-09-10 01:26:50  [7/18] 매도 규칙·최대상승 시작
2026-09-10 01:27:42  [7/18] 매도 규칙·최대상승 끝 (exit=0) → data/_test/exit_lab.txt
2026-09-10 01:27:42  [8/18] 전방위(축 57개) 시작
2026-09-10 01:32:34  [8/18] 전방위(축 57개) 끝 (exit=0) → data/_test/omni_lab.txt
2026-09-10 01:32:34  [9/18] 공시상세·신호강도 시작
2026-09-10 01:33:53  [9/18] 공시상세·신호강도 끝 (exit=0) → data/_test/detail_lab.txt
2026-09-10 01:33:53  [10/18] 갭 넷 통합 시작
2026-09-10 01:38:24  [10/18] 갭 넷 통합 끝 (exit=1) → data/_test/gap_all.txt
2026-09-10 01:38:24  [11/18] 섹터 14개 시작
2026-09-10 01:43:17  [11/18] 섹터 14개 끝 (exit=0) → data/_test/sector_lab.txt
2026-09-10 01:43:17  [12/18] 비용 후 실수익 시작
2026-09-10 01:44:25  [12/18] 비용 후 실수익 끝 (exit=0) → data/_test/cost_lab.txt
2026-09-10 01:44:25  [13/18] 컨센서스 시작
2026-09-10 01:45:07  [13/18] 컨센서스 끝 (exit=0) → data/_test/consensus_lab.txt
2026-09-10 01:45:07  [14/18] 조합 탐색(학습/검증) 시작
2026-09-10 01:47:49  [14/18] 조합 탐색(학습/검증) 끝 (exit=0) → data/_test/combo_lab.txt
2026-09-10 01:47:49  [15/18] 가상매매 D+1 시작
2026-09-10 01:47:49  [15/18] 가상매매 D+1 끝 (exit=0) → data/_test/paper_trade.txt
2026-09-10 01:47:49  [16/18] 가상매매 D+3 시작
2026-09-10 01:47:50  [16/18] 가상매매 D+3 끝 (exit=0) → data/_test/paper_trade.txt
2026-09-10 01:47:50  [17/18] 가상매매 D+5 시작
2026-09-10 01:47:50  [17/18] 가상매매 D+5 끝 (exit=0) → data/_test/paper_trade.txt
2026-09-10 01:47:50  [18/18] 가상매매 D+5 손절 시작
2026-09-10 01:47:50  [18/18] 가상매매 D+5 손절 끝 (exit=0) → data/_test/paper_trade.txt
2026-09-10 01:47:50  ===== 시험 끝 =====
2026-09-10 04:30:01  ===== 밤샘 수집 시작 · 할 일 7개 =====
2026-09-10 04:30:01  [1/7] 어제 주가 시작
2026-09-10 04:30:04  [1/7] 어제 주가 끝 (exit=1) {"ok": false, "오류": "RuntimeError: 어느 시장도 못 받았다: "}
2026-09-10 04:30:04  [2/7] 임원 자사주 시작
2026-09-10 04:30:05  [2/7] 임원 자사주 끝 (exit=0)   받을 것이 없다.
2026-09-10 04:30:05  [3/7] 대량보유(5%) 시작
2026-09-10 04:30:05  [3/7] 대량보유(5%) 끝 (exit=0)   받을 것이 없다.
2026-09-10 04:30:05  [4/7] 분기재무 시작
2026-09-10 04:30:06  [4/7] 분기재무 끝 (exit=0)   받을 것이 없다.
2026-09-10 04:30:06  [5/7] 2023 연간재무 시작
2026-09-10 04:30:06  [5/7] 2023 연간재무 끝 (exit=0) 2023.json 이 이미 있다 — 받지 않는다.
2026-09-10 04:30:06  [6/7] 계약금액 ⭐ 시작
2026-09-10 04:45:59  [6/7] 계약금액 ⭐ 끝 (exit=0)   끝 — 성공 13,500 · 금액 못 뽑음 13,346 · 실패 0
2026-09-10 04:45:59  [7/7] KRX 추가(선물·상품·채권) 시작
2026-09-10 04:55:30  [7/7] KRX 추가(선물·상품·채권) 끝 (exit=0) ===== 끝 =====
2026-09-10 04:55:31  ===== 밤샘 수집 끝 · 재료 34,617 → 34,617 (+0) =====
2026-09-10 04:55:31    새로 받은 것이 없고 시험 결과 37개가 이미 있다 — 시험을 건너뛴다.
2026-09-10 07:00:02  ===== 밤샘 수집 시작 · 할 일 7개 =====
2026-09-10 07:00:02  [1/7] 어제 주가 시작
2026-09-10 07:00:08  [1/7] 어제 주가 끝 (exit=1) {"ok": false, "오류": "RuntimeError: 어느 시장도 못 받았다: "}
2026-09-10 07:00:08  [2/7] 임원 자사주 시작
2026-09-10 07:00:08  [2/7] 임원 자사주 끝 (exit=0)   받을 것이 없다.
2026-09-10 07:00:08  [3/7] 대량보유(5%) 시작
2026-09-10 07:00:09  [3/7] 대량보유(5%) 끝 (exit=0)   받을 것이 없다.
2026-09-10 07:00:09  [4/7] 분기재무 시작
2026-09-10 07:00:09  [4/7] 분기재무 끝 (exit=0)   받을 것이 없다.
2026-09-10 07:00:09  [5/7] 2023 연간재무 시작
2026-09-10 07:00:09  [5/7] 2023 연간재무 끝 (exit=0) 2023.json 이 이미 있다 — 받지 않는다.
2026-09-10 07:00:09  [6/7] 계약금액 ⭐ 시작
2026-09-10 07:16:15  [6/7] 계약금액 ⭐ 끝 (exit=0)   끝 — 성공 13,500 · 금액 못 뽑음 13,462 · 실패 0
2026-09-10 07:16:15  [7/7] KRX 추가(선물·상품·채권) 시작
2026-09-10 07:25:33  [7/7] KRX 추가(선물·상품·채권) 끝 (exit=0) ===== 끝 =====
2026-09-10 07:25:33  ===== 밤샘 수집 끝 · 재료 34,617 → 34,617 (+0) =====
2026-09-10 07:25:33    새로 받은 것이 없고 시험 결과 37개가 이미 있다 — 시험을 건너뛴다.
2026-09-11 00:10:02  ===== 밤샘 수집 시작 · 할 일 7개 =====
2026-09-11 00:10:03  [1/7] 어제 주가 시작
2026-09-11 00:10:06  [1/7] 어제 주가 끝 (exit=1) {"ok": false, "오류": "RuntimeError: 어느 시장도 못 받았다: "}
2026-09-11 00:10:06  [2/7] 임원 자사주 시작
2026-09-11 00:10:07  [2/7] 임원 자사주 끝 (exit=0)   받을 것이 없다.
2026-09-11 00:10:07  [3/7] 대량보유(5%) 시작
2026-09-11 00:10:07  [3/7] 대량보유(5%) 끝 (exit=0)   받을 것이 없다.
2026-09-11 00:10:07  [4/7] 분기재무 시작
2026-09-11 00:10:08  [4/7] 분기재무 끝 (exit=0)   받을 것이 없다.
2026-09-11 00:10:08  [5/7] 2023 연간재무 시작
2026-09-11 00:10:08  [5/7] 2023 연간재무 끝 (exit=0) 2023.json 이 이미 있다 — 받지 않는다.
2026-09-11 00:10:08  [6/7] 계약금액 ⭐ 시작
2026-09-11 00:16:29  [6/7] 계약금액 ⭐ 끝 (exit=0)   끝 — 성공 5,000 · 금액 못 뽑음 5,000 · 실패 0
2026-09-11 00:16:29  [7/7] KRX 추가(선물·상품·채권) 시작
2026-09-11 00:25:45  [7/7] KRX 추가(선물·상품·채권) 끝 (exit=0) ===== 끝 =====
2026-09-11 00:25:46  ===== 밤샘 수집 끝 · 재료 34,619 → 34,622 (+3) =====
2026-09-11 00:25:46  ===== 시험 시작 · 18개 =====
2026-09-11 00:25:46  [1/18] 매수시점·손절·보유 시작
2026-09-11 00:27:03  [1/18] 매수시점·손절·보유 끝 (exit=0) → data/_test/entry_lab.txt
2026-09-11 00:27:03  [2/18] 출발점 비교 ⭐⭐⭐ 시작
2026-09-11 00:29:20  [2/18] 출발점 비교 ⭐⭐⭐ 끝 (exit=1) → data/_test/origin_lab.txt
2026-09-11 00:29:20  [3/18] 등급이 작동하나 ⭐ 시작
2026-09-11 00:31:16  [3/18] 등급이 작동하나 ⭐ 끝 (exit=0) → data/_test/grade_lab.txt
2026-09-11 00:31:16  [4/18] 역추적: 오른 종목의 공통점 ⭐ 시작
2026-09-11 00:33:04  [4/18] 역추적: 오른 종목의 공통점 ⭐ 끝 (exit=0) → data/_test/reverse_lab.txt
2026-09-11 00:33:04  [5/18] 위험(최악·낙폭·분산) 시작
2026-09-11 00:34:12  [5/18] 위험(최악·낙폭·분산) 끝 (exit=0) → data/_test/risk_lab.txt
2026-09-11 00:34:12  [6/18] 시간 안정성·기술지표 ⭐ 시작
2026-09-11 00:42:20  [6/18] 시간 안정성·기술지표 ⭐ 끝 (exit=1) → data/_test/stability_lab.txt
2026-09-11 00:42:20  [7/18] 매도 규칙·최대상승 시작
2026-09-11 00:43:14  [7/18] 매도 규칙·최대상승 끝 (exit=0) → data/_test/exit_lab.txt
2026-09-11 00:43:14  [8/18] 전방위(축 57개) 시작
2026-09-11 00:48:15  [8/18] 전방위(축 57개) 끝 (exit=0) → data/_test/omni_lab.txt
2026-09-11 00:48:15  [9/18] 공시상세·신호강도 시작
2026-09-11 00:49:34  [9/18] 공시상세·신호강도 끝 (exit=0) → data/_test/detail_lab.txt
2026-09-11 00:49:34  [10/18] 갭 넷 통합 시작
2026-09-11 00:54:19  [10/18] 갭 넷 통합 끝 (exit=1) → data/_test/gap_all.txt
2026-09-11 00:54:19  [11/18] 섹터 14개 시작
2026-09-11 00:59:17  [11/18] 섹터 14개 끝 (exit=0) → data/_test/sector_lab.txt
2026-09-11 00:59:17  [12/18] 비용 후 실수익 시작
2026-09-11 01:00:29  [12/18] 비용 후 실수익 끝 (exit=0) → data/_test/cost_lab.txt
2026-09-11 01:00:29  [13/18] 컨센서스 시작
2026-09-11 01:01:10  [13/18] 컨센서스 끝 (exit=0) → data/_test/consensus_lab.txt
2026-09-11 01:01:10  [14/18] 조합 탐색(학습/검증) 시작
2026-09-11 01:05:59  [14/18] 조합 탐색(학습/검증) 끝 (exit=0) → data/_test/combo_lab.txt
2026-09-11 01:05:59  [15/18] 가상매매 D+1 시작
2026-09-11 01:06:00  [15/18] 가상매매 D+1 끝 (exit=0) → data/_test/paper_trade.txt
2026-09-11 01:06:00  [16/18] 가상매매 D+3 시작
2026-09-11 01:06:00  [16/18] 가상매매 D+3 끝 (exit=0) → data/_test/paper_trade.txt
2026-09-11 01:06:00  [17/18] 가상매매 D+5 시작
2026-09-11 01:06:00  [17/18] 가상매매 D+5 끝 (exit=0) → data/_test/paper_trade.txt
2026-09-11 01:06:00  [18/18] 가상매매 D+5 손절 시작
2026-09-11 01:06:01  [18/18] 가상매매 D+5 손절 끝 (exit=0) → data/_test/paper_trade.txt
2026-09-11 01:06:01  ===== 시험 끝 =====
