  [분기재무] 전 종목 2,766 · 이미 받음 0 · 받을 것 2,766
  예상 시간 약 16분 (네이버 — DART 한도와 무관)
    250/2,766 — 성공 250 (자료없음 1) 실패 0
  [분기재무] 전 종목 2,766 · 이미 받음 500 · 받을 것 2,266
  예상 시간 약 13분 (네이버 — DART 한도와 무관)
    250/2,266 — 성공 250 (자료없음 0) 실패 0
    500/2,266 — 성공 500 (자료없음 2) 실패 0
    750/2,266 — 성공 750 (자료없음 4) 실패 0
    1,000/2,266 — 성공 1,000 (자료없음 4) 실패 0
    1,250/2,266 — 성공 1,250 (자료없음 4) 실패 0
    1,500/2,266 — 성공 1,500 (자료없음 4) 실패 0
    1,750/2,266 — 성공 1,750 (자료없음 4) 실패 0
    2,000/2,266 — 성공 2,000 (자료없음 4) 실패 0
    2,250/2,266 — 성공 2,250 (자료없음 4) 실패 0
  [분기재무] 끝 — 성공 2,266 · 자료없음 4 · 실패 0
  [분기재무] 전 종목 2,766 · 이미 받음 2,766 · 받을 것 0
  예상 시간 약 0분 (네이버 — DART 한도와 무관)
  받을 것이 없다.
  [분기재무] 전 종목 2,766 · 이미 받음 2,766 · 받을 것 0
  예상 시간 약 0분 (네이버 — DART 한도와 무관)
  받을 것이 없다.
  [분기재무] 전 종목 2,766 · 이미 받음 2,766 · 받을 것 0
  예상 시간 약 0분 (네이버 — DART 한도와 무관)
  받을 것이 없다.
  [분기재무] 전 종목 2,766 · 이미 받음 2,766 · 받을 것 0
  예상 시간 약 0분 (네이버 — DART 한도와 무관)
  받을 것이 없다.
2026-09-07 18:43:38  ===== 분기 재무 수집 시작 =====
2026-09-07 18:43:41    밴드 종목 2,700 · corp_code 있는 것 2,629
2026-09-07 18:43:41    할 것 44칸 · 호출 약 23,144회 · 이번에 최대 19,000회
2026-09-07 18:43:41    [2015 1분기] 남은 종목 2,629
2026-09-07 18:43:41      저장 2015_1분기.json · 종목 15 · 누적 호출 3
2026-09-07 18:43:41  ===== 끝 · 이번에 3회 호출  =====
2026-09-07 18:43:41    ⚠️ 아직 약 23,141회 남았다 — 내일 다시 돌리면 이어받는다
2026-09-07 18:45:34  ===== 분기 재무 수집 시작 =====
2026-09-07 18:45:36    밴드 종목 2,700 · corp_code 있는 것 2,629
2026-09-07 18:45:36    할 것 48칸 · 호출 약 25,248회 · 이번에 최대 40회
2026-09-07 18:45:36    [2015 1분기] **그 분기 자료가 아예 없다** — 건너뛴다
2026-09-07 18:45:36    [2015 반기] **그 분기 자료가 아예 없다** — 건너뛴다
2026-09-07 18:45:36    [2015 3분기] **그 분기 자료가 아예 없다** — 건너뛴다
2026-09-07 18:45:36    [2015 사업] 남은 종목 2,629
2026-09-07 18:45:41      저장 2015_사업.json · 종목 180 · 누적 호출 40
2026-09-07 18:45:41  ===== 끝 · 이번에 40회 호출  =====
2026-09-07 18:45:41    ⚠️ 아직 약 25,208회 남았다 — 내일 다시 돌리면 이어받는다
2026-09-07 18:46:04  ===== 분기 재무 수집 시작 =====
2026-09-07 18:46:06    밴드 종목 2,700 · corp_code 있는 것 2,629
2026-09-07 18:46:06    할 것 45칸 · 호출 약 23,634회 · 이번에 최대 19,000회
2026-09-07 18:46:06    [2015 사업] 남은 종목 2,449
2026-09-07 18:47:10      저장 2015_사업.json · 종목 2,629 · 누적 호출 491
2026-09-07 18:47:10    [2016 1분기] 남은 종목 2,629
2026-09-07 18:48:19      저장 2016_1분기.json · 종목 2,629 · 누적 호출 1,018
2026-09-07 18:48:19    [2016 반기] 남은 종목 2,629
2026-09-07 18:49:28      저장 2016_반기.json · 종목 2,629 · 누적 호출 1,545
2026-09-07 18:49:28    [2016 3분기] 남은 종목 2,629
2026-09-07 18:50:38      저장 2016_3분기.json · 종목 2,629 · 누적 호출 2,072
2026-09-07 18:50:38    [2016 사업] 남은 종목 2,629
2026-09-07 18:51:51      저장 2016_사업.json · 종목 2,629 · 누적 호출 2,599
2026-09-07 18:51:51    [2017 1분기] 남은 종목 2,629
2026-09-07 18:53:00      저장 2017_1분기.json · 종목 2,629 · 누적 호출 3,126
2026-09-07 18:53:00    [2017 반기] 남은 종목 2,629
2026-09-07 18:54:09      저장 2017_반기.json · 종목 2,629 · 누적 호출 3,653
2026-09-07 18:54:10    [2017 3분기] 남은 종목 2,629
2026-09-07 18:55:21      저장 2017_3분기.json · 종목 2,629 · 누적 호출 4,180
2026-09-07 18:55:21    [2017 사업] 남은 종목 2,629
2026-09-07 18:56:34      저장 2017_사업.json · 종목 2,629 · 누적 호출 4,707
2026-09-07 18:56:34    [2018 1분기] 남은 종목 2,629
2026-09-07 18:57:43      저장 2018_1분기.json · 종목 2,629 · 누적 호출 5,234
2026-09-07 18:57:43    [2018 반기] 남은 종목 2,629
2026-09-07 18:58:53      저장 2018_반기.json · 종목 2,629 · 누적 호출 5,761
2026-09-07 18:58:54    [2018 3분기] 남은 종목 2,629
2026-09-07 19:00:06      저장 2018_3분기.json · 종목 2,629 · 누적 호출 6,288
2026-09-07 19:00:06    [2018 사업] 남은 종목 2,629
2026-09-07 19:01:23      저장 2018_사업.json · 종목 2,629 · 누적 호출 6,815
2026-09-07 19:01:23    [2019 1분기] 남은 종목 2,629
2026-09-07 19:02:35      저장 2019_1분기.json · 종목 2,629 · 누적 호출 7,342
2026-09-07 19:02:35    [2019 반기] 남은 종목 2,629
2026-09-07 19:03:49      저장 2019_반기.json · 종목 2,629 · 누적 호출 7,869
2026-09-07 19:03:49    [2019 3분기] 남은 종목 2,629
2026-09-07 19:05:01      저장 2019_3분기.json · 종목 2,629 · 누적 호출 8,396
2026-09-07 19:05:01    [2019 사업] 남은 종목 2,629
2026-09-07 19:06:15      저장 2019_사업.json · 종목 2,629 · 누적 호출 8,923
2026-09-07 19:06:15    [2020 1분기] 남은 종목 2,629
2026-09-07 19:07:27      저장 2020_1분기.json · 종목 2,629 · 누적 호출 9,450
2026-09-07 19:07:27    [2020 반기] 남은 종목 2,629
2026-09-07 19:08:41      저장 2020_반기.json · 종목 2,629 · 누적 호출 9,977
2026-09-07 19:08:41    [2020 3분기] 남은 종목 2,629
2026-09-07 19:09:56      저장 2020_3분기.json · 종목 2,629 · 누적 호출 10,504
2026-09-07 19:09:57    [2020 사업] 남은 종목 2,629
2026-09-07 19:11:14      저장 2020_사업.json · 종목 2,629 · 누적 호출 11,031
2026-09-07 19:11:14    [2021 1분기] 남은 종목 2,629
2026-09-07 19:12:27      저장 2021_1분기.json · 종목 2,629 · 누적 호출 11,558
2026-09-07 19:12:27    [2021 반기] 남은 종목 2,629
2026-09-07 19:13:40      저장 2021_반기.json · 종목 2,629 · 누적 호출 12,085
2026-09-07 19:13:41    [2021 3분기] 남은 종목 2,629
2026-09-07 19:14:53      저장 2021_3분기.json · 종목 2,629 · 누적 호출 12,612
2026-09-07 19:14:53    [2021 사업] 남은 종목 2,629
2026-09-07 19:16:07      저장 2021_사업.json · 종목 2,629 · 누적 호출 13,139
2026-09-07 19:16:07    [2022 1분기] 남은 종목 2,629
2026-09-07 19:17:20      저장 2022_1분기.json · 종목 2,629 · 누적 호출 13,666
2026-09-07 19:17:20    [2022 반기] 남은 종목 2,629
2026-09-07 19:18:33      저장 2022_반기.json · 종목 2,629 · 누적 호출 14,193
2026-09-07 19:18:33    [2022 3분기] 남은 종목 2,629
2026-09-07 19:19:46      저장 2022_3분기.json · 종목 2,629 · 누적 호출 14,720
2026-09-07 19:19:46    [2022 사업] 남은 종목 2,629
2026-09-07 19:21:01      저장 2022_사업.json · 종목 2,629 · 누적 호출 15,247
2026-09-07 19:21:01    [2023 1분기] 남은 종목 2,629
2026-09-07 19:22:14      저장 2023_1분기.json · 종목 2,629 · 누적 호출 15,774
2026-09-07 19:22:14    [2023 반기] 남은 종목 2,629
2026-09-07 19:23:25      저장 2023_반기.json · 종목 2,629 · 누적 호출 16,301
2026-09-07 19:23:25    [2023 3분기] 남은 종목 2,629
2026-09-07 19:24:37      저장 2023_3분기.json · 종목 2,629 · 누적 호출 16,828
2026-09-07 19:24:38    [2023 사업] 남은 종목 2,629
2026-09-07 19:25:53      저장 2023_사업.json · 종목 2,629 · 누적 호출 17,355
2026-09-07 19:25:53    [2024 1분기] 남은 종목 2,629
2026-09-07 19:27:09      저장 2024_1분기.json · 종목 2,629 · 누적 호출 17,882
2026-09-07 19:27:09    [2024 반기] 남은 종목 2,629
2026-09-07 19:28:24      저장 2024_반기.json · 종목 2,629 · 누적 호출 18,409
2026-09-07 19:28:24    [2024 3분기] 남은 종목 2,629
2026-09-07 19:29:38      저장 2024_3분기.json · 종목 2,629 · 누적 호출 18,936
2026-09-07 19:29:38    [2024 사업] 남은 종목 2,629
2026-09-07 19:29:47      저장 2024_사업.json · 종목 315 · 누적 호출 19,000
2026-09-07 19:29:47  ===== 끝 · 이번에 19,000회 호출  =====
2026-09-07 19:29:47    ⚠️ 아직 약 4,634회 남았다 — 내일 다시 돌리면 이어받는다
2026-09-08 09:36:34  ===== 분기 재무 수집 시작 =====
2026-09-08 09:37:12    밴드 종목 2,754 · corp_code 있는 것 2,678
2026-09-08 09:37:12    할 것 48칸 · 호출 약 5,151회 · 이번에 최대 19,000회
2026-09-08 09:37:13    [2015 1분기] **그 분기 자료가 아예 없다** — 건너뛴다
2026-09-08 09:37:13    [2015 반기] **그 분기 자료가 아예 없다** — 건너뛴다
2026-09-08 09:37:13    [2015 3분기] **그 분기 자료가 아예 없다** — 건너뛴다
2026-09-08 09:37:13    [2015 사업] 남은 종목 49
2026-09-08 09:37:14      저장 2015_사업.json · 종목 2,678 · 누적 호출 14
2026-09-08 09:37:14    [2016 1분기] 남은 종목 49
2026-09-08 09:37:16      저장 2016_1분기.json · 종목 2,678 · 누적 호출 25
2026-09-08 09:37:16    [2016 반기] 남은 종목 49
2026-09-08 09:37:17      저장 2016_반기.json · 종목 2,678 · 누적 호출 36
2026-09-08 09:37:17    [2016 3분기] 남은 종목 49
2026-09-08 09:37:18      저장 2016_3분기.json · 종목 2,678 · 누적 호출 47
2026-09-08 09:37:19    [2016 사업] 남은 종목 49
2026-09-08 09:37:20      저장 2016_사업.json · 종목 2,678 · 누적 호출 58
2026-09-08 09:37:20    [2017 1분기] 남은 종목 49
2026-09-08 09:37:22      저장 2017_1분기.json · 종목 2,678 · 누적 호출 69
2026-09-08 09:37:22    [2017 반기] 남은 종목 49
2026-09-08 09:37:23      저장 2017_반기.json · 종목 2,678 · 누적 호출 80
2026-09-08 09:37:23    [2017 3분기] 남은 종목 49
2026-09-08 09:37:24      저장 2017_3분기.json · 종목 2,678 · 누적 호출 91
2026-09-08 09:37:24    [2017 사업] 남은 종목 49
2026-09-08 09:37:26      저장 2017_사업.json · 종목 2,678 · 누적 호출 102
2026-09-08 09:37:26    [2018 1분기] 남은 종목 49
2026-09-08 09:37:28      저장 2018_1분기.json · 종목 2,678 · 누적 호출 113
2026-09-08 09:37:28    [2018 반기] 남은 종목 49
2026-09-08 09:37:29      저장 2018_반기.json · 종목 2,678 · 누적 호출 124
2026-09-08 09:37:29    [2018 3분기] 남은 종목 49
2026-09-08 09:37:31      저장 2018_3분기.json · 종목 2,678 · 누적 호출 135
2026-09-08 09:37:31    [2018 사업] 남은 종목 49
2026-09-08 09:37:33      저장 2018_사업.json · 종목 2,678 · 누적 호출 146
2026-09-08 09:37:33    [2019 1분기] 남은 종목 49
2026-09-08 09:37:34      저장 2019_1분기.json · 종목 2,678 · 누적 호출 157
2026-09-08 09:37:34    [2019 반기] 남은 종목 49
2026-09-08 09:37:36      저장 2019_반기.json · 종목 2,678 · 누적 호출 168
2026-09-08 09:37:36    [2019 3분기] 남은 종목 49
2026-09-08 09:37:37      저장 2019_3분기.json · 종목 2,678 · 누적 호출 179
2026-09-08 09:37:38    [2019 사업] 남은 종목 49
2026-09-08 09:37:39      저장 2019_사업.json · 종목 2,678 · 누적 호출 190
2026-09-08 09:37:39    [2020 1분기] 남은 종목 49
2026-09-08 09:37:41      저장 2020_1분기.json · 종목 2,678 · 누적 호출 201
2026-09-08 09:37:41    [2020 반기] 남은 종목 49
2026-09-08 09:37:42      저장 2020_반기.json · 종목 2,678 · 누적 호출 212
2026-09-08 09:37:42    [2020 3분기] 남은 종목 49
2026-09-08 09:37:44      저장 2020_3분기.json · 종목 2,678 · 누적 호출 223
2026-09-08 09:37:44    [2020 사업] 남은 종목 49
2026-09-08 09:37:45      저장 2020_사업.json · 종목 2,678 · 누적 호출 234
2026-09-08 09:37:45    [2021 1분기] 남은 종목 49
2026-09-08 09:37:46      저장 2021_1분기.json · 종목 2,678 · 누적 호출 245
2026-09-08 09:37:47    [2021 반기] 남은 종목 49
2026-09-08 09:37:48      저장 2021_반기.json · 종목 2,678 · 누적 호출 256
2026-09-08 09:37:48    [2021 3분기] 남은 종목 49
2026-09-08 09:37:49      저장 2021_3분기.json · 종목 2,678 · 누적 호출 267
2026-09-08 09:37:50    [2021 사업] 남은 종목 49
2026-09-08 09:37:51      저장 2021_사업.json · 종목 2,678 · 누적 호출 278
2026-09-08 09:37:52    [2022 1분기] 남은 종목 49
2026-09-08 09:37:53      저장 2022_1분기.json · 종목 2,678 · 누적 호출 289
2026-09-08 09:37:53    [2022 반기] 남은 종목 49
2026-09-08 09:37:55      저장 2022_반기.json · 종목 2,678 · 누적 호출 300
2026-09-08 09:37:55    [2022 3분기] 남은 종목 49
2026-09-08 09:37:56      저장 2022_3분기.json · 종목 2,678 · 누적 호출 311
2026-09-08 09:37:56    [2022 사업] 남은 종목 49
2026-09-08 09:37:58      저장 2022_사업.json · 종목 2,678 · 누적 호출 322
2026-09-08 09:37:58    [2023 1분기] 남은 종목 49
2026-09-08 09:38:00      저장 2023_1분기.json · 종목 2,678 · 누적 호출 333
2026-09-08 09:38:00    [2023 반기] 남은 종목 49
2026-09-08 09:38:02      저장 2023_반기.json · 종목 2,678 · 누적 호출 344
2026-09-08 09:38:02    [2023 3분기] 남은 종목 49
2026-09-08 09:38:03      저장 2023_3분기.json · 종목 2,678 · 누적 호출 355
2026-09-08 09:38:03    [2023 사업] 남은 종목 49
2026-09-08 09:38:05      저장 2023_사업.json · 종목 2,678 · 누적 호출 366
2026-09-08 09:38:05    [2024 1분기] 남은 종목 49
2026-09-08 09:38:06      저장 2024_1분기.json · 종목 2,678 · 누적 호출 377
2026-09-08 09:38:07    [2024 반기] 남은 종목 49
2026-09-08 09:38:08      저장 2024_반기.json · 종목 2,678 · 누적 호출 388
2026-09-08 09:38:08    [2024 3분기] 남은 종목 49
2026-09-08 09:38:10      저장 2024_3분기.json · 종목 2,678 · 누적 호출 399
2026-09-08 09:38:10    [2024 사업] 남은 종목 2,363
2026-09-08 09:39:29      저장 2024_사업.json · 종목 2,678 · 누적 호출 873
2026-09-08 09:39:29    [2025 1분기] 남은 종목 2,678
2026-09-08 09:40:57      저장 2025_1분기.json · 종목 2,678 · 누적 호출 1,410
2026-09-08 09:40:57    [2025 반기] 남은 종목 2,678
2026-09-08 09:42:27      저장 2025_반기.json · 종목 2,678 · 누적 호출 1,947
2026-09-08 09:42:27    [2025 3분기] 남은 종목 2,678
2026-09-08 09:43:57      저장 2025_3분기.json · 종목 2,678 · 누적 호출 2,484
2026-09-08 09:43:57    [2025 사업] 남은 종목 2,678
2026-09-08 09:45:26      저장 2025_사업.json · 종목 2,678 · 누적 호출 3,021
2026-09-08 09:45:26    [2026 1분기] 남은 종목 2,678
2026-09-08 09:46:59      저장 2026_1분기.json · 종목 2,678 · 누적 호출 3,558
2026-09-08 09:46:59    [2026 반기] 남은 종목 2,678
2026-09-08 09:48:34      저장 2026_반기.json · 종목 2,678 · 누적 호출 4,095
2026-09-08 09:48:34    [2026 3분기] **그 분기 자료가 아예 없다** — 건너뛴다
2026-09-08 09:48:34    [2026 사업] **그 분기 자료가 아예 없다** — 건너뛴다
2026-09-08 09:48:34  ===== 끝 · 이번에 4,097회 호출  =====
2026-09-08 09:48:34    ⚠️ 아직 약 1,054회 남았다 — 내일 다시 돌리면 이어받는다
2026-09-08 10:12:24  ===== 분기 재무 수집 시작 =====
2026-09-08 10:13:03    밴드 종목 2,754 · corp_code 있는 것 2,678
2026-09-08 10:13:03    할 것 0칸 · 호출 약 0회 · 이번에 최대 3,000회
2026-09-08 10:13:03  ===== 끝 · 이번에 0회 호출  =====
2026-09-08 19:41:21  ===== 분기 재무 수집 시작 =====
2026-09-08 19:42:00    밴드 종목 2,754 · corp_code 있는 것 2,678
2026-09-08 19:42:01    할 것 0칸 · 호출 약 0회 · 이번에 최대 3,000회
2026-09-08 19:42:01  ===== 끝 · 이번에 0회 호출  =====
2026-09-09 22:42:37  ===== 분기 재무 수집 시작 =====
2026-09-09 22:43:19    밴드 종목 2,754 · corp_code 있는 것 2,678
2026-09-09 22:43:20    할 것 0칸 · 호출 약 0회 · 이번에 최대 3,000회
2026-09-09 22:43:20  ===== 끝 · 이번에 0회 호출  =====
  [분기재무] 전 종목 2,765 · 이미 받음 0 · 받을 것 2,765
  예상 시간 약 16분 (네이버 — DART 한도와 무관)
    250/2,765 — 성공 250 (자료없음 1) 실패 0
    500/2,765 — 성공 500 (자료없음 3) 실패 0
    750/2,765 — 성공 750 (자료없음 3) 실패 0
    1,000/2,765 — 성공 1,000 (자료없음 5) 실패 0
    1,250/2,765 — 성공 1,250 (자료없음 6) 실패 0
    1,500/2,765 — 성공 1,500 (자료없음 6) 실패 0
    1,750/2,765 — 성공 1,750 (자료없음 7) 실패 0
    2,000/2,765 — 성공 2,000 (자료없음 7) 실패 0
    2,250/2,765 — 성공 2,250 (자료없음 7) 실패 0
    2,500/2,765 — 성공 2,500 (자료없음 7) 실패 0
    2,750/2,765 — 성공 2,750 (자료없음 7) 실패 0
  [분기재무] 끝 — 성공 2,765 · 자료없음 7 · 실패 0
  [분기재무] 전 종목 2,765 · 이미 받음 2,765 · 받을 것 0
  예상 시간 약 0분 (네이버 — DART 한도와 무관)
  받을 것이 없다.
  [분기재무] 전 종목 2,765 · 이미 받음 2,765 · 받을 것 0
  예상 시간 약 0분 (네이버 — DART 한도와 무관)
  받을 것이 없다.
  [분기재무] 전 종목 2,765 · 이미 받음 2,765 · 받을 것 0
  예상 시간 약 0분 (네이버 — DART 한도와 무관)
  받을 것이 없다.
