2026-09-09 22:55:42  ===== 앞 시험이 끝나길 기다린다 =====
2026-09-09 22:55:42    기다리는 중 — ['group_lab'] · 램 4.7GB
2026-09-09 23:00:42    기다리는 중 — ['group_lab'] · 램 1.9GB
2026-09-09 23:05:43    기다리는 중 — ['group_lab'] · 램 1.6GB
2026-09-09 23:10:43    기다리는 중 — ['group_lab'] · 램 2.0GB
2026-09-09 23:15:44    기다리는 중 — ['group_lab'] · 램 2.0GB
2026-09-09 23:20:44    기다리는 중 — ['group_lab'] · 램 2.1GB
2026-09-09 23:25:44    기다리는 중 — ['group_lab'] · 램 2.1GB
2026-09-09 23:30:45    기다리는 중 — ['group_lab'] · 램 2.1GB
2026-09-09 23:35:45    기다리는 중 — ['group_lab'] · 램 2.1GB
2026-09-09 23:40:45    기다리는 중 — ['group_lab'] · 램 2.0GB
2026-09-09 23:45:46    기다리는 중 — ['group_lab'] · 램 2.0GB
2026-09-09 23:50:46    기다리는 중 — ['group_lab'] · 램 2.0GB
2026-09-09 23:55:46    기다리는 중 — ['group_lab'] · 램 2.0GB
2026-09-10 00:00:47    기다리는 중 — ['group_lab'] · 램 2.1GB
2026-09-10 00:05:47    기다리는 중 — ['group_lab'] · 램 2.1GB
2026-09-10 00:10:47    기다리는 중 — ['group_lab'] · 램 1.9GB
2026-09-10 00:15:48    기다리는 중 — 없음 · 램 11.1GB
2026-09-10 00:20:48    기다리는 중 — 없음 · 램 3.8GB
2026-09-10 00:25:49    기다리는 중 — 없음 · 램 0.3GB
2026-09-10 00:30:50  193차 시작 — 램 24.8GB
2026-09-10 00:43:04    ❌ 193차 — 312바이트
2026-09-10 00:43:04           지수 4,107일
2026-09-10 00:43:04         시장 지수 붙은 것 5,437,354/5,437,354 · 섹터 지수 붙은 것 4,993,587/5,437,354 (92%)
2026-09-10 00:43:04         수급 붙이는 중...
2026-09-10 00:43:34  189차 시작 — 램 24.8GB
2026-09-10 01:06:32    ❌ 189차 — 770바이트
2026-09-10 01:06:32         뉴스 읽는 중...
2026-09-10 01:06:32           뉴스 2,410종목 · 20250903 ~ 20260909
2026-09-10 01:06:32         신호 통과분만 남김 25,688건 — 재료 붙이는 중...
2026-09-10 01:07:02  ===== 줄 끝 =====
