09-08 11:35:17  ===== 줄 서서 돌리기 시작 · 3개 =====
09-08 11:35:17    ▶ 144차 solo_lab.py 시작 — 재료 16개를 각각 **축으로** 놓고 규칙을 짠다 (우리 조건 없이)
09-08 11:35:17    ❌ 144차 — **결과가 비었다(0바이트).** 죽었을 수 있다 (코드 0)
09-08 11:35:17    ▶ 146차 pair_lab.py 시작 — 신호마다 파는 시점을 따로 정한다 (145차: 신호별로 기간이 다르다)
09-08 11:40:26    ✅ 146차 끝 (5분 · 7,295바이트)
09-08 11:40:26    ▶ 147차 gate4_lab.py 시작 — 「시장 -10%↓면 낙폭 -5%」에 4관문 (142차 B절이 두 기간 다 이겼다)
09-08 11:46:01    ✅ 147차 끝 (6분 · 6,737바이트)
09-08 11:46:01  ===== 다 돌렸다 =====
09-08 14:09:04  ===== 줄 서서 돌리기 시작 · 4개 =====
09-08 14:09:04    ▶ 144차 solo_lab.py 시작 — 재료 16개를 각각 **축으로** 놓고 규칙을 짠다 (우리 조건 없이)
09-08 14:16:26    ✅ 144차 끝 (7분 · 11,405바이트)
09-08 14:16:26    · 146차 — 이미 결과가 있다. 건너뛴다
09-08 14:16:26    · 147차 — 이미 결과가 있다. 건너뛴다
09-08 14:16:26    ▶ 149차 rebound_lab.py 시작 — 「이유 없이 빠진 것」과 「3배 급등 뒤 되돌리는 것」을 가른다 (아이크래프트)
09-08 14:22:36    ✅ 149차 끝 (6분 · 5,269바이트)
09-08 14:22:36  ===== 다 돌렸다 =====
09-08 15:16:00  ===== 줄 서서 돌리기 시작 · 6개 =====
09-08 15:16:00    · 144차 — 이미 결과가 있다. 건너뛴다
09-08 15:16:00    · 146차 — 이미 결과가 있다. 건너뛴다
09-08 15:16:00    · 147차 — 이미 결과가 있다. 건너뛴다
09-08 15:16:00    · 149차 — 이미 결과가 있다. 건너뛴다
09-08 15:16:00    ▶ 148차 one_lab.py 시작 — 하나로 다 팔까 나눠 팔까 — 139차 격자에 비율 1.0 이 없었다
09-08 15:20:45    ✅ 148차 끝 (5분 · 9,805바이트)
09-08 15:20:45    ▶ 150차 walk3_lab.py 시작 — ⭐ 지금 규칙 **전체**를 걷기 검증 — 그 해 이전만 보고 문턱을 정해 그 해를 산다
09-08 15:26:03    ✅ 150차 끝 (5분 · 3,517바이트)
09-08 15:26:03  ===== 다 돌렸다 =====
09-08 16:20:38  ===== 줄 서서 돌리기 시작 · 7개 =====
09-08 16:20:38    · 144차 — 이미 결과가 있다. 건너뛴다
09-08 16:20:38    · 146차 — 이미 결과가 있다. 건너뛴다
09-08 16:20:38    · 147차 — 이미 결과가 있다. 건너뛴다
09-08 16:20:38    · 149차 — 이미 결과가 있다. 건너뛴다
09-08 16:20:38    · 148차 — 이미 결과가 있다. 건너뛴다
09-08 16:20:38    · 150차 — 이미 결과가 있다. 건너뛴다
09-08 16:20:38    ▶ 151차 limit_lab.py 시작 — ⭐ 예상체결가에 지정가로 걸면 — 지금 시뮬이 실제보다 낙관적인 걸 고친다
09-08 16:25:52    ✅ 151차 끝 (5분 · 5,012바이트)
09-08 16:25:52  ===== 다 돌렸다 =====
