2026-09-03 19:11:03  ===== Yahoo 시세 수집 · 12종목 =====
2026-09-03 19:11:03    QQQ     나스닥100          19990310 ~ 20260902 · 6,914일
2026-09-03 19:11:05    SOXX    반도체(iShares)    20010713 ~ 20260902 · 6,322일
2026-09-03 19:11:06    SMH     반도체(VanEck)     20000605 ~ 20260902 · 6,600일
2026-09-03 19:11:07    SPY     S&P500          19950103 ~ 20260902 · 7,970일
2026-09-03 19:11:08    DIA     다우              19980120 ~ 20260902 · 7,199일
2026-09-03 19:11:09    IWM     미국 소형주          20000526 ~ 20260902 · 6,605일
2026-09-03 19:11:10    XLK     미국 기술           19981222 ~ 20260902 · 6,965일
2026-09-03 19:11:12    GLD     금               20041118 ~ 20260902 · 5,481일
2026-09-03 19:11:13    TLT     미국 장기국채         20020730 ~ 20260902 · 6,062일
2026-09-03 19:11:14    ^VIX    공포지수            19950103 ~ 20260903 · 7,971일
2026-09-03 19:11:15    ^KS11   코스피(참고)         19961211 ~ 20260903 · 7,317일
2026-09-03 19:11:16    ^KQ11   코스닥(참고)         20001016 ~ 20260903 · 6,378일
2026-09-03 19:11:17    끝 · 받음 12 · 실패 0
2026-09-03 19:18:39  ===== Yahoo 시세 수집 · 32종목 =====
2026-09-03 19:18:39    QQQ     나스닥100          19990310 ~ 20260902 · 6,914일
2026-09-03 19:18:40    SOXX    반도체(iShares)    20010713 ~ 20260902 · 6,322일
2026-09-03 19:18:42    SMH     반도체(VanEck)     20000605 ~ 20260902 · 6,600일
2026-09-03 19:18:43    SPY     S&P500          19950103 ~ 20260902 · 7,970일
2026-09-03 19:18:44    DIA     다우              19980120 ~ 20260902 · 7,199일
2026-09-03 19:18:45    IWM     미국 소형주          20000526 ~ 20260902 · 6,605일
2026-09-03 19:18:46    XLK     미국 기술           19981222 ~ 20260902 · 6,965일
2026-09-03 19:18:48    GLD     금               20041118 ~ 20260902 · 5,481일
2026-09-03 19:18:49    TLT     미국 장기국채         20020730 ~ 20260902 · 6,062일
2026-09-03 19:18:50    ^VIX    공포지수            19950103 ~ 20260903 · 7,971일
2026-09-03 19:18:51    ^KS11   코스피(참고)         19961211 ~ 20260903 · 7,317일
2026-09-03 19:18:52    ^KQ11   코스닥(참고)         20001016 ~ 20260903 · 6,378일
2026-09-03 19:18:53    CL=F    WTI 유가          20000823 ~ 20260903 · 6,536일
2026-09-03 19:18:54    BZ=F    브렌트유            20070730 ~ 20260903 · 4,754일
2026-09-03 19:18:55    GC=F    금 선물            20000830 ~ 20260903 · 6,527일
2026-09-03 19:18:57    SI=F    은               20000830 ~ 20260903 · 6,529일
2026-09-03 19:18:58    HG=F    구리              20000830 ~ 20260903 · 6,532일
2026-09-03 19:18:59    NG=F    천연가스            20000830 ~ 20260903 · 6,533일
2026-09-03 19:19:00    ^TNX    미국10년물          19950103 ~ 20260902 · 7,952일
2026-09-03 19:19:01    ^TYX    미국30년물          19950103 ~ 20260902 · 7,952일
2026-09-03 19:19:02    ^FVX    미국5년물           19950103 ~ 20260902 · 7,952일
2026-09-03 19:19:03    ^IRX    미국13주           19950103 ~ 20260902 · 7,952일
2026-09-03 19:19:05    KRW=X   원달러             20031201 ~ 20260903 · 5,903일
2026-09-03 19:19:06    JPYKRW=X엔원              20031201 ~ 20260903 · 5,903일
2026-09-03 19:19:07    DX-Y.NYB달러인덱스           19950102 ~ 20260903 · 8,039일
2026-09-03 19:19:08    EURUSD=X유로달러            20031201 ~ 20260903 · 5,905일
2026-09-03 19:19:09    ^N225   일본              19950104 ~ 20260903 · 7,766일
2026-09-03 19:19:11    000001.SS중국              19970702 ~ 20260903 · 7,068일
2026-09-03 19:19:12    ^HSI    홍콩              19950103 ~ 20260903 · 7,806일
2026-09-03 19:19:13    ^TWII   대만⭐             19970702 ~ 20260903 · 7,149일
2026-09-03 19:19:14    ^GDAXI  독일              19950102 ~ 20260903 · 8,027일
2026-09-03 19:19:15    ^FTSE   영국              19950103 ~ 20260903 · 7,999일
2026-09-03 19:19:16    끝 · 받음 32 · 실패 0
2026-09-03 19:40:50  ===== 미국 반도체 개별 · 28종목 =====
2026-09-03 19:40:51    MU     마이크론⭐             19950103 ~ 20260902 · 7,970일
2026-09-03 19:40:52    WDC    웨스턴디지털            19950103 ~ 20260902 · 7,969일
2026-09-03 19:40:53    STX    씨게이트              20021211 ~ 20260902 · 5,968일
2026-09-03 19:40:54    TSM    TSMC⭐             19971009 ~ 20260902 · 7,269일
2026-09-03 19:40:55    UMC    UMC               20000919 ~ 20260902 · 6,526일
2026-09-03 19:40:56    GFS    글로벌파운드리           20211028 ~ 20260902 · 1,215일
2026-09-03 19:40:57    NVDA   엔비디아⭐             19990122 ~ 20260902 · 6,946일
2026-09-03 19:40:59    AMD    AMD               19950103 ~ 20260902 · 7,970일
2026-09-03 19:41:00    INTC   인텔                19950103 ~ 20260902 · 7,970일
2026-09-03 19:41:01    QCOM   퀄컴                19950103 ~ 20260902 · 7,969일
2026-09-03 19:41:02    AVGO   브로드컴              20090806 ~ 20260902 · 4,295일
2026-09-03 19:41:03    TXN    TI                19950103 ~ 20260902 · 7,969일
2026-09-03 19:41:04    ADI    아나로그디바이스          19950103 ~ 20260902 · 7,970일
2026-09-03 19:41:06    MRVL   마벨                20000630 ~ 20260902 · 6,582일
2026-09-03 19:41:07    NXPI   NXP               20100806 ~ 20260902 · 4,043일
2026-09-03 19:41:08    ON     온세미               20000502 ~ 20260902 · 6,624일
2026-09-03 19:41:09    MCHP   마이크로칩             19950103 ~ 20260902 · 7,970일
2026-09-03 19:41:10    STM    ST마이크로            19950103 ~ 20260902 · 7,969일
2026-09-03 19:41:11    ARM    ARM               20230914 ~ 20260902 · 744일
2026-09-03 19:41:13    AMAT   어플라이드⭐            19950103 ~ 20260902 · 7,969일
2026-09-03 19:41:14    LRCX   램리서치⭐             19950103 ~ 20260902 · 7,969일
2026-09-03 19:41:15    KLAC   KLA⭐              19950103 ~ 20260902 · 7,970일
2026-09-03 19:41:16    ASML   ASML⭐             19950315 ~ 20260902 · 7,919일
2026-09-03 19:41:19    TER    테라다인              19950103 ~ 20260902 · 7,970일
2026-09-03 19:41:20    ONTO   온투이노베이션           20191028 ~ 20260902 · 1,720일
2026-09-03 19:41:21    ACLS   액셀리스              20000711 ~ 20260902 · 6,575일
2026-09-03 19:41:22    ENTG   엔테그리스             20000711 ~ 20260902 · 6,575일
2026-09-03 19:41:23    MKSI   MKS인스트루먼트         19990330 ~ 20260902 · 6,899일
2026-09-03 19:41:24    끝 · 받음 28 · 실패 0
2026-09-03 19:54:18  ===== 글로벌 반도체 밸류체인 · 28종목 =====
2026-09-03 19:54:18    8035.T    도쿄일렉트론⭐         일본    장비            하루  20000104 ~ 20260903 · 6,655일 · JPY
2026-09-03 19:54:19    6857.T    어드반테스트⭐         일본    장비-테스터        하루  20000104 ~ 20260903 · 6,655일 · JPY
2026-09-03 19:54:20    6920.T    레이저텍⭐           일본    장비-검사         하루  20100222 ~ 20260903 · 4,065일 · JPY
2026-09-03 19:54:21    7735.T    스크린홀딩스          일본    장비-세정         하루  20010101 ~ 20260903 · 6,396일 · JPY
2026-09-03 19:54:22    6146.T    디스코⭐            일본    장비-절단         하루  20010101 ~ 20260903 · 6,396일 · JPY
2026-09-03 19:54:24    6501.T    히타치             일본    장비            하루  20000104 ~ 20260903 · 6,655일 · JPY
2026-09-03 19:54:25    4063.T    신에츠화학⭐          일본    소재-웨이퍼        하루  20000104 ~ 20260903 · 6,655일 · JPY
2026-09-03 19:54:26    3436.T    SUMCO⭐          일본    소재-웨이퍼        하루  20030815 ~ 20260903 · 5,712일 · JPY
2026-09-03 19:54:27    4183.T    미쓰이화학           일본    소재            하루  20000104 ~ 20260903 · 6,655일 · JPY
2026-09-03 19:54:28    6963.T    로옴              일본    설계-전력         하루  20010104 ~ 20260903 · 6,393일 · JPY
2026-09-03 19:54:30    6723.T    르네사스            일본    설계-MCU        하루  20030724 ~ 20260903 · 5,728일 · JPY
2026-09-03 19:54:31    6762.T    TDK             일본    부품            하루  20000104 ~ 20260903 · 6,655일 · JPY
2026-09-03 19:54:32    6981.T    무라타             일본    부품-MLCC       하루  20010104 ~ 20260903 · 6,393일 · JPY
2026-09-03 19:54:33    2330.TW   TSMC(대만상장)⭐     대만    파운드리          하루  20000104 ~ 20260903 · 6,632일 · TWD
2026-09-03 19:54:34    2454.TW   미디어텍⭐           대만    설계            하루  20010723 ~ 20260903 · 6,228일 · TWD
2026-09-03 19:54:36    2317.TW   폭스콘             대만    조립            하루  19950102 ~ 20260903 · 7,938일 · TWD
2026-09-03 19:54:37    3711.TW   ASE⭐            대만    후공정           하루  20000104 ~ 20260903 · 6,632일 · TWD
2026-09-03 19:54:38    2303.TW   UMC(대만상장)       대만    파운드리          하루  20000104 ~ 20260903 · 6,632일 · TWD
2026-09-03 19:54:39    3034.TW   노바텍             대만    설계-디스플레이      하루  20020827 ~ 20260903 · 5,942일 · TWD
2026-09-03 19:54:40    2408.TW   난야테크⭐           대만    메모리           하루  20000818 ~ 20260903 · 6,469일 · TWD
2026-09-03 19:54:41    3037.TW   유니마이크론          대만    부품-기판         하루  20000104 ~ 20260903 · 6,632일 · TWD
2026-09-03 19:54:43    ASM.AS    ASM인터내셔널⭐       네덜란드  장비-ALD        당일  19990106 ~ 20260903 · 7,116일 · EUR
2026-09-03 19:54:44    BESI.AS   BESI⭐⭐          네덜란드  장비-본더         당일  19980720 ~ 20260903 · 7,238일 · EUR
2026-09-03 19:54:45    IFX.DE    인피니언            독일    설계-전력         당일  20000313 ~ 20260903 · 6,766일 · EUR
2026-09-03 19:54:47    AMS.SW    ams오스람          스위스   설계-센서         당일  20040517 ~ 20260903 · 5,629일 · CHF
2026-09-03 19:54:48    SOI.PA    소이텍             프랑스   소재-웨이퍼        당일  19981113 ~ 20260903 · 7,149일 · EUR
2026-09-03 19:54:49    0981.HK   SMIC⭐           중국    파운드리          하루  20040318 ~ 20260903 · 5,550일 · HKD
2026-09-03 19:54:50    1347.HK   화훙반도체           중국    파운드리          하루  20141015 ~ 20260903 · 2,928일 · HKD
2026-09-03 19:54:50    끝 · 받음 28 · 실패 0
2026-09-03 21:00:14  ===== Yahoo 시세 수집 · 8종목 =====
2026-09-03 21:00:14    HYG                     20070411 ~ 20260902 · 4,880일
2026-09-03 21:00:15    LQD                     20020730 ~ 20260902 · 6,062일
2026-09-03 21:00:17    JNK                     20071204 ~ 20260902 · 4,715일
2026-09-03 21:00:18    TIP                     20031205 ~ 20260902 · 5,720일
2026-09-03 21:00:19    SHY                     20020730 ~ 20260902 · 6,062일
2026-09-03 21:00:20    IEF                     20020730 ~ 20260902 · 6,062일
2026-09-03 21:00:22    BND                     20070410 ~ 20260902 · 4,881일
2026-09-03 21:00:23    EMB                     20071219 ~ 20260902 · 4,704일
2026-09-03 21:00:23    끝 · 받음 8 · 실패 0
2026-09-04 09:49:39  ===== Yahoo 시세 수집 · 11종목 =====
2026-09-04 09:49:40    NVDA                    19990122 ~ 20260902 · 6,946일
2026-09-04 09:49:41    AMAT                    19950103 ~ 20260902 · 7,970일
2026-09-04 09:49:42    LRCX                    19950103 ~ 20260902 · 7,970일
2026-09-04 09:49:43    SOXX                    20010713 ~ 20260902 · 6,322일
2026-09-04 09:49:45    KLAC                    19950103 ~ 20260902 · 7,970일
2026-09-04 09:49:46    WDC                     19950103 ~ 20260902 · 7,970일
2026-09-04 09:49:47    MU                      19950103 ~ 20260902 · 7,970일
2026-09-04 09:49:48    ASML                    19950315 ~ 20260902 · 7,920일
2026-09-04 09:49:49    QQQ                     19990310 ~ 20260902 · 6,914일
2026-09-04 09:49:50    XLK                     19981222 ~ 20260902 · 6,966일
2026-09-04 09:49:52    SPY                     19950103 ~ 20260902 · 7,970일
2026-09-04 09:49:52    끝 · 받음 11 · 실패 0
2026-09-04 09:51:02  ===== Yahoo 시세 수집 · 8종목 =====
2026-09-04 09:51:02    NVDA                    19990122 ~ 20260902 · 6,946일
2026-09-04 09:51:04    AMAT                    19950103 ~ 20260902 · 7,970일
2026-09-04 09:51:05    LRCX                    19950103 ~ 20260902 · 7,970일
2026-09-04 09:51:06    SOXX                    20010713 ~ 20260902 · 6,322일
2026-09-04 09:51:07    KLAC                    19950103 ~ 20260902 · 7,970일
2026-09-04 09:51:08    WDC                     19950103 ~ 20260902 · 7,970일
2026-09-04 09:51:09    MU                      19950103 ~ 20260902 · 7,970일
2026-09-04 09:51:11    ASML                    19950315 ~ 20260902 · 7,920일
2026-09-04 09:51:11    끝 · 받음 8 · 실패 0
2026-09-04 09:51:34  ===== Yahoo 시세 수집 · 8종목 =====
2026-09-04 09:51:34    NVDA                    19990122 ~ 20260903 · 6,947일
2026-09-04 09:51:36    AMAT                    19950103 ~ 20260903 · 7,971일
2026-09-04 09:51:37    LRCX                    19950103 ~ 20260903 · 7,971일
2026-09-04 09:51:38    SOXX                    20010713 ~ 20260903 · 6,323일
2026-09-04 09:51:39    KLAC                    19950103 ~ 20260903 · 7,971일
2026-09-04 09:51:40    WDC                     19950103 ~ 20260903 · 7,971일
2026-09-04 09:51:42    MU                      19950103 ~ 20260903 · 7,971일
2026-09-04 09:51:43    ASML                    19950315 ~ 20260903 · 7,921일
2026-09-04 09:51:44    끝 · 받음 8 · 실패 0
2026-09-04 20:09:33  ===== Yahoo 시세 수집 · 11종목 =====
2026-09-04 20:09:34    NVDA                    19990122 ~ 20260903 · 6,947일
2026-09-04 20:09:35    AMAT                    19950103 ~ 20260903 · 7,971일
2026-09-04 20:09:36    LRCX                    19950103 ~ 20260903 · 7,971일
2026-09-04 20:09:37    SOXX                    20010713 ~ 20260903 · 6,323일
2026-09-04 20:09:38    KLAC                    19950103 ~ 20260903 · 7,971일
2026-09-04 20:09:40    WDC                     19950103 ~ 20260903 · 7,971일
2026-09-04 20:09:41    MU                      19950103 ~ 20260903 · 7,971일
2026-09-04 20:09:42    ASML                    19950315 ~ 20260903 · 7,921일
2026-09-04 20:09:43    QQQ                     19990310 ~ 20260903 · 6,915일
2026-09-04 20:09:45    XLK                     19981222 ~ 20260903 · 6,967일
2026-09-04 20:09:46    SPY                     19950103 ~ 20260903 · 7,971일
2026-09-04 20:09:46    끝 · 받음 11 · 실패 0
2026-09-04 22:27:17  ===== Yahoo 시세 수집 · 11종목 =====
2026-09-04 22:27:18    NVDA                    19990122 ~ 20260903 · 6,947일
2026-09-04 22:27:19    AMAT                    19950103 ~ 20260903 · 7,971일
2026-09-04 22:27:21    LRCX                    19950103 ~ 20260903 · 7,971일
2026-09-04 22:27:22    SOXX                    20010713 ~ 20260903 · 6,323일
2026-09-04 22:27:23    KLAC                    19950103 ~ 20260903 · 7,971일
2026-09-04 22:27:24    WDC                     19950103 ~ 20260903 · 7,971일
2026-09-04 22:27:26    MU                      19950103 ~ 20260903 · 7,971일
2026-09-04 22:27:27    ASML                    19950315 ~ 20260903 · 7,921일
2026-09-04 22:27:28    QQQ                     19990310 ~ 20260903 · 6,915일
2026-09-04 22:27:29    XLK                     19981222 ~ 20260903 · 6,967일
2026-09-04 22:27:30    SPY                     19950103 ~ 20260903 · 7,971일
2026-09-04 22:27:31    끝 · 받음 11 · 실패 0
2026-09-07 07:50:05  ===== Yahoo 시세 수집 · 11종목 =====
2026-09-07 07:50:06    NVDA                    19990122 ~ 20260904 · 6,948일
2026-09-07 07:50:07    AMAT                    19950103 ~ 20260904 · 7,972일
2026-09-07 07:50:08    LRCX                    19950103 ~ 20260904 · 7,972일
2026-09-07 07:50:10    SOXX                    20010713 ~ 20260904 · 6,324일
2026-09-07 07:50:11    KLAC                    19950103 ~ 20260904 · 7,972일
2026-09-07 07:50:12    WDC                     19950103 ~ 20260904 · 7,972일
2026-09-07 07:50:13    MU                      19950103 ~ 20260904 · 7,972일
2026-09-07 07:50:15    ASML                    19950315 ~ 20260904 · 7,922일
2026-09-07 07:50:16    QQQ                     19990310 ~ 20260904 · 6,916일
2026-09-07 07:50:17    XLK                     19981222 ~ 20260904 · 6,968일
2026-09-07 07:50:19    SPY                     19950103 ~ 20260904 · 7,972일
2026-09-07 07:50:19    끝 · 받음 11 · 실패 0
2026-09-07 16:24:21  ===== Yahoo 시세 수집 · 11종목 =====
2026-09-07 16:24:22    NVDA                    19990122 ~ 20260904 · 6,948일
2026-09-07 16:24:23    AMAT                    19950103 ~ 20260904 · 7,972일
2026-09-07 16:24:24    LRCX                    19950103 ~ 20260904 · 7,972일
2026-09-07 16:24:25    SOXX                    20010713 ~ 20260904 · 6,324일
2026-09-07 16:24:27    KLAC                    19950103 ~ 20260904 · 7,972일
2026-09-07 16:24:28    WDC                     19950103 ~ 20260904 · 7,972일
2026-09-07 16:24:29    MU                      19950103 ~ 20260904 · 7,972일
2026-09-07 16:24:31    ASML                    19950315 ~ 20260904 · 7,922일
2026-09-07 16:24:32    QQQ                     19990310 ~ 20260904 · 6,916일
2026-09-07 16:24:33    XLK                     19981222 ~ 20260904 · 6,968일
2026-09-07 16:24:34    SPY                     19950103 ~ 20260904 · 7,972일
2026-09-07 16:24:35    끝 · 받음 11 · 실패 0
2026-09-08 07:50:02  ===== Yahoo 시세 수집 · 11종목 =====
2026-09-08 07:50:02    NVDA                    19990122 ~ 20260904 · 6,948일
2026-09-08 07:50:04    AMAT                    19950103 ~ 20260904 · 7,972일
2026-09-08 07:50:05    LRCX                    19950103 ~ 20260904 · 7,972일
2026-09-08 07:50:06    SOXX                    20010713 ~ 20260904 · 6,324일
2026-09-08 07:50:07    KLAC                    19950103 ~ 20260904 · 7,972일
2026-09-08 07:50:08    WDC                     19950103 ~ 20260904 · 7,972일
2026-09-08 07:50:10    MU                      19950103 ~ 20260904 · 7,972일
2026-09-08 07:50:11    ASML                    19950315 ~ 20260904 · 7,922일
2026-09-08 07:50:12    QQQ                     19990310 ~ 20260904 · 6,916일
2026-09-08 07:50:13    XLK                     19981222 ~ 20260904 · 6,968일
2026-09-08 07:50:14    SPY                     19950103 ~ 20260904 · 7,972일
2026-09-08 07:50:15    끝 · 받음 11 · 실패 0
2026-09-09 07:50:02  ===== Yahoo 시세 수집 · 11종목 =====
2026-09-09 07:50:02    NVDA                    19990122 ~ 20260908 · 6,949일
2026-09-09 07:50:04    AMAT                    19950103 ~ 20260908 · 7,973일
2026-09-09 07:50:05    LRCX                    19950103 ~ 20260908 · 7,973일
2026-09-09 07:50:06    SOXX                    20010713 ~ 20260908 · 6,325일
2026-09-09 07:50:08    KLAC                    19950103 ~ 20260908 · 7,973일
2026-09-09 07:50:09    WDC                     19950103 ~ 20260908 · 7,973일
2026-09-09 07:50:10    MU                      19950103 ~ 20260908 · 7,973일
2026-09-09 07:50:11    ASML                    19950315 ~ 20260908 · 7,923일
2026-09-09 07:50:13    QQQ                     19990310 ~ 20260908 · 6,917일
2026-09-09 07:50:14    XLK                     19981222 ~ 20260908 · 6,969일
2026-09-09 07:50:15    SPY                     19950103 ~ 20260908 · 7,973일
2026-09-09 07:50:15    끝 · 받음 11 · 실패 0
2026-09-10 07:50:01  ===== Yahoo 시세 수집 · 11종목 =====
2026-09-10 07:50:02    NVDA                    19990122 ~ 20260909 · 6,950일
2026-09-10 07:50:03    AMAT                    19950103 ~ 20260909 · 7,974일
2026-09-10 07:50:05    LRCX                    19950103 ~ 20260909 · 7,974일
2026-09-10 07:50:06    SOXX                    20010713 ~ 20260909 · 6,326일
2026-09-10 07:50:07    KLAC                    19950103 ~ 20260909 · 7,974일
2026-09-10 07:50:08    WDC                     19950103 ~ 20260909 · 7,974일
2026-09-10 07:50:09    MU                      19950103 ~ 20260909 · 7,974일
2026-09-10 07:50:11    ASML                    19950315 ~ 20260909 · 7,924일
2026-09-10 07:50:12    QQQ                     19990310 ~ 20260909 · 6,918일
2026-09-10 07:50:13    XLK                     19981222 ~ 20260909 · 6,970일
2026-09-10 07:50:14    SPY                     19950103 ~ 20260909 · 7,974일
2026-09-10 07:50:15    끝 · 받음 11 · 실패 0
2026-09-11 09:25:34  ===== Yahoo 시세 수집 · 11종목 =====
2026-09-11 09:25:35    NVDA                    19990122 ~ 20260910 · 6,951일
2026-09-11 09:25:36    AMAT                    19950103 ~ 20260910 · 7,975일
2026-09-11 09:25:37    LRCX                    19950103 ~ 20260910 · 7,975일
2026-09-11 09:25:39    SOXX                    20010713 ~ 20260910 · 6,327일
2026-09-11 09:25:40    KLAC                    19950103 ~ 20260910 · 7,975일
2026-09-11 09:25:41    WDC                     19950103 ~ 20260910 · 7,975일
2026-09-11 09:25:43    MU                      19950103 ~ 20260910 · 7,975일
2026-09-11 09:25:44    ASML                    19950315 ~ 20260910 · 7,925일
2026-09-11 09:25:45    QQQ                     19990310 ~ 20260910 · 6,919일
2026-09-11 09:25:47    XLK                     19981222 ~ 20260910 · 6,971일
2026-09-11 09:25:48    SPY                     19950103 ~ 20260910 · 7,975일
2026-09-11 09:25:49    끝 · 받음 11 · 실패 0
2026-09-14 07:50:02  ===== Yahoo 시세 수집 · 11종목 =====
2026-09-14 07:50:02    NVDA                    19990122 ~ 20260911 · 6,952일
2026-09-14 07:50:04    AMAT                    19950103 ~ 20260911 · 7,976일
2026-09-14 07:50:05    LRCX                    19950103 ~ 20260911 · 7,976일
2026-09-14 07:50:06    SOXX                    20010713 ~ 20260911 · 6,328일
2026-09-14 07:50:07    KLAC                    19950103 ~ 20260911 · 7,976일
2026-09-14 07:50:09    WDC                     19950103 ~ 20260911 · 7,976일
2026-09-14 07:50:10    MU                      19950103 ~ 20260911 · 7,976일
2026-09-14 07:50:11    ASML                    19950315 ~ 20260911 · 7,926일
2026-09-14 07:50:13    QQQ                     19990310 ~ 20260911 · 6,920일
2026-09-14 07:50:14    XLK                     19981222 ~ 20260911 · 6,972일
2026-09-14 07:50:15    SPY                     19950103 ~ 20260911 · 7,976일
2026-09-14 07:50:16    끝 · 받음 11 · 실패 0
