09-08 20:03:13  ===== pid 13848 가 끝나기를 기다린다 =====
09-08 20:07:13    끝남 — 60초 쉬고 시작
09-08 20:08:13  ===== 줄서기 시작 · 6개 =====
09-08 20:08:13  
▶ **158차** delist_lab.py  — 상장폐지를 손실로 세면 성적이 얼마나 내려가나 · 시총대별 노출
09-08 20:11:53  ===== [둘째 줄] pid 25752 가 끝나기를 기다린다 =====
09-08 20:18:28    158차 끝 · 10분 · 종료코드 0 · 결과 5,045바이트
09-08 20:18:28  
▶ **153차** chance_lab.py  — ⚠️ `비` 이름 충돌로 B·C절을 못 봤다. 고치고 다시
09-08 20:25:16    153차 끝 · 7분 · 종료코드 0 · 결과 5,765바이트
09-08 20:25:16  
▶ **156차** reach_lab.py  — 「며칠 안에 몇 % 닿나」 — 매도 안내의 근거
09-08 20:26:55  ===== [셋째 줄] pid 20420 가 끝나기를 기다린다 =====
09-08 20:29:18  ===== [넷째 줄] pid 23612 가 끝나기를 기다린다 =====
09-08 20:39:13  ===== [다섯째 줄] pid 1608 가 끝나기를 기다린다 =====
09-08 20:47:54    156차 끝 · 23분 · 종료코드 0 · 결과 0바이트  ❌ **비었다 — 죽었을 수 있다**
09-08 20:47:54  
▶ **160차** pick_lab2.py  — 좁힌 것 ①② — 후보 40개 · 갭 기준 중앙값
09-08 21:10:20    160차 끝 · 22분 · 종료코드 0 · 결과 9,630바이트
09-08 21:10:20  
▶ **161차** entry2_lab.py  — 좁힌 것 ③④ — 시장 지수 코스닥만 · 매수 09:00 시가만
09-08 21:35:15    161차 끝 · 25분 · 종료코드 0 · 결과 6,833바이트
09-08 21:35:15  
▶ **162차** filter2_lab.py  — 좁힌 것 ⑤⑥ — 재무 연간만 · 관리종목 그냥 제외
09-08 22:00:51    162차 끝 · 26분 · 종료코드 0 · 결과 6,441바이트
09-08 22:00:51  
===== 줄서기 끝 =====
09-08 22:00:51    158차       5,045바이트  ✅
09-08 22:00:51    153차           0바이트  ❌
09-08 22:00:51    156차           0바이트  ❌
09-08 22:00:51    160차       9,630바이트  ✅
09-08 22:00:51    161차       6,833바이트  ✅
09-08 22:00:51    162차       6,441바이트  ✅
09-08 22:02:02    첫째 줄 끝남 — 60초 쉬고 시작
09-08 22:03:02  ===== 둘째 줄 시작 · 2개 =====
09-08 22:03:02  
▶ **163차** combo4_lab.py  — 재료 단독 · 둘씩(378쌍 전수) · 셋씩 — **우리 규칙을 안 깔고**
09-08 22:36:28    163차 끝 · 33분 · 종료코드 0 · 결과 19,881바이트
09-08 22:36:28  
▶ **164차** win2_lab.py  — ⚠️ 157차를 **상장폐지 고친 코드로** 다시
09-09 00:01:51    164차 끝 · 85분 · 종료코드 0 · 결과 0바이트  ❌ **비었다 — 죽었을 수 있다**
09-09 00:01:51  
===== 둘째 줄 끝 =====
09-09 00:03:13    둘째 줄 끝남 — 60초 쉬고 시작
09-09 00:04:13  ===== 셋째 줄 시작 · 4개 =====
09-09 00:04:13  
▶ **165차** gate5_lab.py  — ⭐ 4관문을 **이길 확률 잣대**로 · 도전자 다섯
09-09 01:32:56    165차 끝 · 89분 · 종료코드 0 · 결과 16,965바이트
09-09 01:32:56  
▶ **166차** fill_lab.py  — 오늘 넣은 max(문턱가, 예상+0.5%) 로 다시 사본다
09-09 01:37:46    166차 끝 · 5분 · 종료코드 0 · 결과 5,735바이트
09-09 01:37:46  
▶ **167차** delist_lab.py  — 상장폐지를 **-90%** 로 세면 결론이 바뀌나
09-09 01:47:45    167차 끝 · 10분 · 종료코드 0 · 결과 5,045바이트
09-09 01:47:45  
▶ **168차** rest_lab.py  — 컨센서스·임원지분·뉴스·공시겹침·거래대금·영업비용·같은날겹침
09-09 02:15:52    168차 끝 · 28분 · 종료코드 0 · 결과 7,887바이트
09-09 02:15:52  
===== 셋째 줄 끝 · 오늘 건 다 돌았다 =====
09-09 02:17:45    셋째 줄 끝남 — 60초 쉬고 시작
09-09 02:18:45  ===== 넷째 줄 시작 · 2개 =====
09-09 02:18:45  
▶ **153차** chance_lab.py  — ⚠️ 두 번 날아갔다 — `비` 충돌 고침 + 스스로 파일에 남기게 고침
09-09 02:25:20    153차 끝 · 7분 · 종료코드 0 · 결과 10,580바이트
09-09 02:25:20  
▶ **156차** reach_lab.py  — ⚠️ 결과가 화면으로만 나가 날아갔다 — 다시
09-09 02:47:33    156차 끝 · 22분 · 종료코드 0 · 결과 7,838바이트
09-09 02:47:33  
===== 넷째 줄 끝 =====
09-09 02:47:42    넷째 줄 끝남 — 60초 쉬고 시작
09-09 02:48:42  ===== 다섯째 줄 시작 · 1개 =====
09-09 02:48:42  
▶ **169차** sector_rule_lab.py  — ⭐ 섹터·크기마다 다른 문턱 — E절 걷기 검증이 핵심 (과적합 가림)
09-09 03:11:27    169차 끝 · 23분 · 종료코드 0 · 결과 9,483바이트
09-09 03:11:27  
===== 다섯째 줄 끝 =====
09-09 10:23:59  ===== [여섯째 줄] pid [22460, 14348] 가 끝나기를 기다린다 =====
09-09 11:04:04    앞 줄 끝남 — 60초 쉬고 시작
09-09 11:05:04  ===== 여섯째 줄 시작 · 1개 =====
09-09 11:05:04  
▶ **175차** andor_lab.py  — ⭐ 조건을 AND 말고 **OR** 로 묶으면 — 기회가 늘어나는 쪽
09-09 11:33:28    175차 끝 · 28분 · 종료코드 0 · 결과 10,471바이트
09-09 11:33:28  
===== 여섯째 줄 끝 =====
09-09 14:30:35  ===== [일곱째 줄] pid [3892] 를 기다린다 =====
09-09 14:38:10  ===== [여덟째 줄] pid [4024] 를 기다린다 =====
09-09 14:52:38    앞 줄 끝남 — 60초 쉬고 시작
09-09 14:53:38  ===== 일곱째 줄 시작 · 3개 =====
09-09 14:53:38  
▶ **185차** group_lab.py  — ⭐ **나누는 법 열한 가지** — 나누는 게 유효한지부터 가린다
09-09 14:54:24  ===== 일곱째 줄 시작 · 4개 =====
09-09 14:54:24  
▶ **183차** bias_lab.py  — 🔴 수급·공시·컨센서스가 대형주에만 있나 (약 30분)
09-09 15:23:50    183차 끝 · 29분 · 종료코드 0 · 결과 9,443바이트
09-09 15:23:50  
▶ **184차** reach2_lab.py  — 🔴 도달률을 규모별·업종별로 — 매도 안내 직결 (약 35분)
09-09 15:47:03    184차 끝 · 23분 · 종료코드 0 · 결과 21,497바이트
09-09 15:47:03  
▶ **186차** fine_lab.py  — ⭐ 모든 재료의 눈금을 촘촘히 — 볼린저 7x7 · 낙폭 8x8 · 공시 창 등 (약 90분)
09-09 18:07:24    186차 끝 · 140분 · 종료코드 0 · 결과 22,027바이트
09-09 18:07:24  
▶ **185차** group_lab.py  — ⭐ 나누는 법 11가지 x 192칸 격자 + 걷기 검증 (**약 3시간** — 맨 뒤)
09-09 18:09:22    185차 끝 · 2분 · 종료코드 1 · 결과 138바이트  ❌ **비었다**
09-09 18:09:22  
===== 일곱째 줄 끝 =====
